[LOCK] Acquired coordinator and .gpu.lock (PID 14972)
--- Running Preflight Checks for h3_music_followup_score_seed42_f277 ---
  [OK] Check 1: Atomic GPU lock held by this runner
  [OK] Check 2: Five-sample WDDM idle gate passed
[SERVER] Launching lab server via boot_h3_manager_offline_test.cmd on port 8199...
[SERVER] Recorded server PID 13412 in .server.pid
[SERVER] Updated .server.pid to serving PID 26092
[SERVER] Lab server online on port 8199 after 11.6s
  [OK] Check 3: Lab server up & owned at 127.0.0.1:8199
  [OK] Check 4: All recipe node class_types exist on server
  [OK] Check 5: All referenced models exist in models_manifest.md
  [OK] Check 6: Widget integrity and frozen topology schema verified
  [OK] Check 7: Affordability check passed
[FIXTURE] Uploaded and verified fixture portrait.png in server input directory
  [OK] Check 8: Fixtures and audio ear-gate receipts verified
  [OK] Check 9: Boot lane verified (lab-8199, sage-free)
  [OK] Check 10: Output disk space >= 5 GB
--- Preflight Complete: ALL CHECKS PASSED ---

[RESOURCES] Baseline GPU VRAM: 2.24 GB | Host RAM: 19.07 GB
Queueing prompt for h3_music_followup_score_seed42_f277...
Queued successfully (Prompt ID: b0347997-805b-4b5f-bc07-f8fc46e08abf)

--- Run Summary ---
Recipe:        h3_music_followup_score_seed42_f277
Run Count:     1 (configuration run 1; Cold cache)
Baseline VRAM: 2.239 GiB | Host RAM: 19.07 GB
Peak VRAM:     14.722 GiB (Gate <= 14.5 GiB)
Net Peak VRAM: 12.483 GiB (peak minus this leg's baseline)
Baseline Lane: elevated-baseline lane, operator-authorized 2026-08-10
Peak Host RAM: 35.04 GB
Wall Clock:    3594.7 s
Boot Lane:     lab-8199, sage-free, manager-offline-test, no-pinned, cache-classic, reserve-12gb
Status:        FAIL (VRAM 14.72 GB > 14.5 GB)
[LEDGER] Updated RESULTS.md entry for h3_music_followup_score_seed42_f277: FAIL (VRAM 14.72 GB > 14.5 GB)
[MATRIX] Updated ENGINE_MATRIX_BETA.md for h3_music_followup_score_seed42_f277
[SERVER] Shutting down verified lab server (PID 26092)...
[SERVER] Process 26092 and listener exited; removed .server.pid receipt.
[LOCK] Released .gpu.lock and coordinator
