Input #0, mov,mp4,m4a,3gp,3g2,mj2, from 'C:\Users\jeffr\Documents\ComfyUI\vram-recipe-lab\outputs\h3_music_followup_score_seed46_f124_out_00001_.mp4':
  Metadata:
    major_brand     : isom
    minor_version   : 512
    compatible_brands: isomiso2avc1mp41
    encoder         : Lavf62.3.100
  Duration: 00:00:05.17, start: 0.000000, bitrate: 1650 kb/s
  Stream #0:0[0x1](und): Video: h264 (High) (avc1 / 0x31637661), yuv420p(progressive), 1344x768, 1512 kb/s, 24 fps, 24 tbr, 12288 tbn (default)
    Metadata:
      handler_name    : VideoHandler
      vendor_id       : [0][0][0][0]
  Stream #0:1[0x2](und): Audio: aac (LC) (mp4a / 0x6134706D), 32000 Hz, stereo, fltp, 128 kb/s (default)
    Metadata:
      handler_name    : SoundHandler
      vendor_id       : [0][0][0][0]
Stream mapping:
  Stream #0:1 -> #0:0 (aac (native) -> pcm_s16le (native))
Press [q] to stop, [?] for help
Output #0, null, to 'NUL':
  Metadata:
    major_brand     : isom
    minor_version   : 512
    compatible_brands: isomiso2avc1mp41
    encoder         : Lavf62.3.100
  Stream #0:0(und): Audio: pcm_s16le, 32000 Hz, stereo, s16, 1024 kb/s (default)
    Metadata:
      encoder         : Lavc62.11.100 pcm_s16le
      handler_name    : SoundHandler
      vendor_id       : [0][0][0][0]
[Parsed_astats_0 @ 00000282d7651900] Channel: 1
[Parsed_astats_0 @ 00000282d7651900] DC offset: 0.000054
[Parsed_astats_0 @ 00000282d7651900] Min level: -0.394872
[Parsed_astats_0 @ 00000282d7651900] Max level: 0.345994
[Parsed_astats_0 @ 00000282d7651900] Min difference: 0.000000
[Parsed_astats_0 @ 00000282d7651900] Max difference: 0.040211
[Parsed_astats_0 @ 00000282d7651900] Mean difference: 0.007193
[Parsed_astats_0 @ 00000282d7651900] RMS difference: 0.009575
[Parsed_astats_0 @ 00000282d7651900] Peak level dB: -8.070878
[Parsed_astats_0 @ 00000282d7651900] RMS level dB: -20.974990
[Parsed_astats_0 @ 00000282d7651900] RMS peak dB: -16.757218
[Parsed_astats_0 @ 00000282d7651900] RMS through dB: -31.898988
[Parsed_astats_0 @ 00000282d7651900] Crest factor: 4.417796
[Parsed_astats_0 @ 00000282d7651900] Flat factor: 0.000000
[Parsed_astats_0 @ 00000282d7651900] Peak count: 2
[Parsed_astats_0 @ 00000282d7651900] Abs Peak count: 1
[Parsed_astats_0 @ 00000282d7651900] Noise floor dB: -23.794375
[Parsed_astats_0 @ 00000282d7651900] Noise floor count: 525
[Parsed_astats_0 @ 00000282d7651900] Entropy: 0.810979
[Parsed_astats_0 @ 00000282d7651900] Bit depth: 30/32/32/32
[Parsed_astats_0 @ 00000282d7651900] Dynamic range: 180.477734
[Parsed_astats_0 @ 00000282d7651900] Zero crossings: 5305
[Parsed_astats_0 @ 00000282d7651900] Zero crossings rate: 0.031979
[Parsed_astats_0 @ 00000282d7651900] Number of NaNs: 0
[Parsed_astats_0 @ 00000282d7651900] Number of Infs: 0
[Parsed_astats_0 @ 00000282d7651900] Number of denormals: 0
[Parsed_astats_0 @ 00000282d7651900] Channel: 2
[Parsed_astats_0 @ 00000282d7651900] DC offset: 0.000063
[Parsed_astats_0 @ 00000282d7651900] Min level: -0.395320
[Parsed_astats_0 @ 00000282d7651900] Max level: 0.356147
[Parsed_astats_0 @ 00000282d7651900] Min difference: 0.000000
[Parsed_astats_0 @ 00000282d7651900] Max difference: 0.038598
[Parsed_astats_0 @ 00000282d7651900] Mean difference: 0.007106
[Parsed_astats_0 @ 00000282d7651900] RMS difference: 0.009471
[Parsed_astats_0 @ 00000282d7651900] Peak level dB: -8.061033
[Parsed_astats_0 @ 00000282d7651900] RMS level dB: -20.974611
[Parsed_astats_0 @ 00000282d7651900] RMS peak dB: -16.871238
[Parsed_astats_0 @ 00000282d7651900] RMS through dB: -31.997560
[Parsed_astats_0 @ 00000282d7651900] Crest factor: 4.422613
[Parsed_astats_0 @ 00000282d7651900] Flat factor: 0.000000
[Parsed_astats_0 @ 00000282d7651900] Peak count: 2
[Parsed_astats_0 @ 00000282d7651900] Abs Peak count: 1
[Parsed_astats_0 @ 00000282d7651900] Noise floor dB: -23.842271
[Parsed_astats_0 @ 00000282d7651900] Noise floor count: 652
[Parsed_astats_0 @ 00000282d7651900] Entropy: 0.810749
[Parsed_astats_0 @ 00000282d7651900] Bit depth: 30/32/32/32
[Parsed_astats_0 @ 00000282d7651900] Dynamic range: 131.157362
[Parsed_astats_0 @ 00000282d7651900] Zero crossings: 5132
[Parsed_astats_0 @ 00000282d7651900] Zero crossings rate: 0.030937
[Parsed_astats_0 @ 00000282d7651900] Number of NaNs: 0
[Parsed_astats_0 @ 00000282d7651900] Number of Infs: 0
[Parsed_astats_0 @ 00000282d7651900] Number of denormals: 0
[Parsed_astats_0 @ 00000282d7651900] Overall
[Parsed_astats_0 @ 00000282d7651900] DC offset: 0.000063
[Parsed_astats_0 @ 00000282d7651900] Min level: -0.395320
[Parsed_astats_0 @ 00000282d7651900] Max level: 0.356147
[Parsed_astats_0 @ 00000282d7651900] Min difference: 0.000000
[Parsed_astats_0 @ 00000282d7651900] Max difference: 0.040211
[Parsed_astats_0 @ 00000282d7651900] Mean difference: 0.007150
[Parsed_astats_0 @ 00000282d7651900] RMS difference: 0.009523
[Parsed_astats_0 @ 00000282d7651900] Peak level dB: -8.061033
[Parsed_astats_0 @ 00000282d7651900] RMS level dB: -20.974801
[Parsed_astats_0 @ 00000282d7651900] RMS peak dB: -16.757218
[Parsed_astats_0 @ 00000282d7651900] RMS through dB: -31.997560
[Parsed_astats_0 @ 00000282d7651900] Flat factor: 0.000000
[Parsed_astats_0 @ 00000282d7651900] Peak count: 2.000000
[Parsed_astats_0 @ 00000282d7651900] Abs Peak count: 1.000000
[Parsed_astats_0 @ 00000282d7651900] Noise floor dB: -23.794375
[Parsed_astats_0 @ 00000282d7651900] Noise floor count: 588.500000
[Parsed_astats_0 @ 00000282d7651900] Entropy: 0.810864
[Parsed_astats_0 @ 00000282d7651900] Bit depth: 30/32/32/32
[Parsed_astats_0 @ 00000282d7651900] Number of samples: 165888
[Parsed_astats_0 @ 00000282d7651900] Number of NaNs: 0.000000
[Parsed_astats_0 @ 00000282d7651900] Number of Infs: 0.000000
[Parsed_astats_0 @ 00000282d7651900] Number of denormals: 0.000000
[out#0/null @ 00000282d8fa3580] video:0KiB audio:648KiB subtitle:0KiB other streams:0KiB global headers:0KiB muxing overhead: unknown
size=N/A time=00:00:05.18 bitrate=N/A speed= 783x elapsed=0:00:00.00    
