Input #0, mov,mp4,m4a,3gp,3g2,mj2, from 'C:\Users\jeffr\Documents\ComfyUI\vram-recipe-lab\outputs\h3_music_followup_score_seed46_f124_out_00001_.mp4':
  Metadata:
    major_brand     : isom
    minor_version   : 512
    compatible_brands: isomiso2avc1mp41
    encoder         : Lavf62.3.100
  Duration: 00:00:05.17, start: 0.000000, bitrate: 1650 kb/s
  Stream #0:0[0x1](und): Video: h264 (High) (avc1 / 0x31637661), yuv420p(progressive), 1344x768, 1512 kb/s, 24 fps, 24 tbr, 12288 tbn (default)
    Metadata:
      handler_name    : VideoHandler
      vendor_id       : [0][0][0][0]
  Stream #0:1[0x2](und): Audio: aac (LC) (mp4a / 0x6134706D), 32000 Hz, stereo, fltp, 128 kb/s (default)
    Metadata:
      handler_name    : SoundHandler
      vendor_id       : [0][0][0][0]
Stream mapping:
  Stream #0:1 -> #0:0 (aac (native) -> pcm_s16le (native))
Press [q] to stop, [?] for help
[Parsed_ebur128_0 @ 000001ba5af61900] t: 0.0999688  TARGET:-23 LUFS    M:-120.7 S:-120.7     I: -70.0 LUFS       LRA:   0.0 LU  FTPK:  -9.9  -9.7 dBFS  TPK:  -9.9  -9.7 dBFS
Output #0, null, to 'NUL':
  Metadata:
    major_brand     : isom
    minor_version   : 512
    compatible_brands: isomiso2avc1mp41
    encoder         : Lavf62.3.100
  Stream #0:0(und): Audio: pcm_s16le, 32000 Hz, stereo, s16, 1024 kb/s (default)
    Metadata:
      encoder         : Lavc62.11.100 pcm_s16le
      handler_name    : SoundHandler
      vendor_id       : [0][0][0][0]
[Parsed_ebur128_0 @ 000001ba5af61900] t: 0.199969   TARGET:-23 LUFS    M:-120.7 S:-120.7     I: -70.0 LUFS       LRA:   0.0 LU  FTPK: -10.9 -10.5 dBFS  TPK:  -9.9  -9.7 dBFS
[Parsed_ebur128_0 @ 000001ba5af61900] t: 0.299969   TARGET:-23 LUFS    M:-120.7 S:-120.7     I: -70.0 LUFS       LRA:   0.0 LU  FTPK: -12.5 -12.2 dBFS  TPK:  -9.9  -9.7 dBFS
[Parsed_ebur128_0 @ 000001ba5af61900] t: 0.399969   TARGET:-23 LUFS    M: -18.3 S:-120.7     I: -18.3 LUFS       LRA:   0.0 LU  FTPK: -11.3 -11.0 dBFS  TPK:  -9.9  -9.7 dBFS
[Parsed_ebur128_0 @ 000001ba5af61900] t: 0.499969   TARGET:-23 LUFS    M: -17.8 S:-120.7     I: -18.0 LUFS       LRA:   0.0 LU  FTPK: -10.1  -9.8 dBFS  TPK:  -9.9  -9.7 dBFS
[Parsed_ebur128_0 @ 000001ba5af61900] t: 0.599969   TARGET:-23 LUFS    M: -18.0 S:-120.7     I: -18.0 LUFS       LRA:   0.0 LU  FTPK: -11.9 -11.5 dBFS  TPK:  -9.9  -9.7 dBFS
[Parsed_ebur128_0 @ 000001ba5af61900] t: 0.699969   TARGET:-23 LUFS    M: -17.4 S:-120.7     I: -17.9 LUFS       LRA:   0.0 LU  FTPK: -11.6 -11.2 dBFS  TPK:  -9.9  -9.7 dBFS
[Parsed_ebur128_0 @ 000001ba5af61900] t: 0.799969   TARGET:-23 LUFS    M: -17.3 S:-120.7     I: -17.7 LUFS       LRA:   0.0 LU  FTPK: -12.1 -12.0 dBFS  TPK:  -9.9  -9.7 dBFS
[Parsed_ebur128_0 @ 000001ba5af61900] t: 0.899969   TARGET:-23 LUFS    M: -17.2 S:-120.7     I: -17.6 LUFS       LRA:   0.0 LU  FTPK: -10.0 -10.0 dBFS  TPK:  -9.9  -9.7 dBFS
[Parsed_ebur128_0 @ 000001ba5af61900] t: 0.999969   TARGET:-23 LUFS    M: -16.8 S:-120.7     I: -17.5 LUFS       LRA:   0.0 LU  FTPK:  -9.7  -9.7 dBFS  TPK:  -9.7  -9.7 dBFS
[Parsed_ebur128_0 @ 000001ba5af61900] t: 1.099969   TARGET:-23 LUFS    M: -16.8 S:-120.7     I: -17.4 LUFS       LRA:   0.0 LU  FTPK: -10.2 -10.6 dBFS  TPK:  -9.7  -9.7 dBFS
[Parsed_ebur128_0 @ 000001ba5af61900] t: 1.199969   TARGET:-23 LUFS    M: -17.2 S:-120.7     I: -17.4 LUFS       LRA:   0.0 LU  FTPK: -12.9 -12.8 dBFS  TPK:  -9.7  -9.7 dBFS
[Parsed_ebur128_0 @ 000001ba5af61900] t: 1.299969   TARGET:-23 LUFS    M: -17.9 S:-120.7     I: -17.4 LUFS       LRA:   0.0 LU  FTPK: -14.5 -14.6 dBFS  TPK:  -9.7  -9.7 dBFS
[Parsed_ebur128_0 @ 000001ba5af61900] t: 1.399969   TARGET:-23 LUFS    M: -18.8 S:-120.7     I: -17.6 LUFS       LRA:   0.0 LU  FTPK: -13.2 -13.0 dBFS  TPK:  -9.7  -9.7 dBFS
[Parsed_ebur128_0 @ 000001ba5af61900] t: 1.499969   TARGET:-23 LUFS    M: -19.0 S:-120.7     I: -17.7 LUFS       LRA:   0.0 LU  FTPK: -11.4 -11.4 dBFS  TPK:  -9.7  -9.7 dBFS
[Parsed_ebur128_0 @ 000001ba5af61900] t: 1.599969   TARGET:-23 LUFS    M: -18.1 S:-120.7     I: -17.7 LUFS       LRA:   0.0 LU  FTPK: -11.6 -11.4 dBFS  TPK:  -9.7  -9.7 dBFS
[Parsed_ebur128_0 @ 000001ba5af61900] t: 1.699969   TARGET:-23 LUFS    M: -17.8 S:-120.7     I: -17.7 LUFS       LRA:   0.0 LU  FTPK: -13.2 -13.3 dBFS  TPK:  -9.7  -9.7 dBFS
[Parsed_ebur128_0 @ 000001ba5af61900] t: 1.799969   TARGET:-23 LUFS    M: -17.6 S:-120.7     I: -17.7 LUFS       LRA:   0.0 LU  FTPK: -12.8 -12.9 dBFS  TPK:  -9.7  -9.7 dBFS
[Parsed_ebur128_0 @ 000001ba5af61900] t: 1.899969   TARGET:-23 LUFS    M: -18.0 S:-120.7     I: -17.7 LUFS       LRA:   0.0 LU  FTPK: -12.5 -12.8 dBFS  TPK:  -9.7  -9.7 dBFS
[Parsed_ebur128_0 @ 000001ba5af61900] t: 1.999969   TARGET:-23 LUFS    M: -18.4 S:-120.7     I: -17.8 LUFS       LRA:   0.0 LU  FTPK: -12.0 -12.2 dBFS  TPK:  -9.7  -9.7 dBFS
[Parsed_ebur128_0 @ 000001ba5af61900] t: 2.099969   TARGET:-23 LUFS    M: -17.5 S:-120.7     I: -17.7 LUFS       LRA:   0.0 LU  FTPK:  -8.6  -9.6 dBFS  TPK:  -8.6  -9.6 dBFS
[Parsed_ebur128_0 @ 000001ba5af61900] t: 2.199969   TARGET:-23 LUFS    M: -16.3 S:-120.7     I: -17.6 LUFS       LRA:   0.0 LU  FTPK:  -8.1  -8.1 dBFS  TPK:  -8.1  -8.1 dBFS
[Parsed_ebur128_0 @ 000001ba5af61900] t: 2.299969   TARGET:-23 LUFS    M: -15.6 S:-120.7     I: -17.5 LUFS       LRA:   0.0 LU  FTPK:  -8.5  -8.4 dBFS  TPK:  -8.1  -8.1 dBFS
[Parsed_ebur128_0 @ 000001ba5af61900] t: 2.399969   TARGET:-23 LUFS    M: -15.3 S:-120.7     I: -17.4 LUFS       LRA:   0.0 LU  FTPK:  -9.2  -9.0 dBFS  TPK:  -8.1  -8.1 dBFS
[Parsed_ebur128_0 @ 000001ba5af61900] t: 2.499969   TARGET:-23 LUFS    M: -15.6 S:-120.7     I: -17.3 LUFS       LRA:   0.0 LU  FTPK: -10.0  -9.7 dBFS  TPK:  -8.1  -8.1 dBFS
[Parsed_ebur128_0 @ 000001ba5af61900] t: 2.599969   TARGET:-23 LUFS    M: -16.7 S:-120.7     I: -17.3 LUFS       LRA:   0.0 LU  FTPK: -12.4 -12.4 dBFS  TPK:  -8.1  -8.1 dBFS
[Parsed_ebur128_0 @ 000001ba5af61900] t: 2.699969   TARGET:-23 LUFS    M: -17.5 S:-120.7     I: -17.3 LUFS       LRA:   0.0 LU  FTPK: -11.7 -11.8 dBFS  TPK:  -8.1  -8.1 dBFS
[Parsed_ebur128_0 @ 000001ba5af61900] t: 2.799969   TARGET:-23 LUFS    M: -18.0 S:-120.7     I: -17.3 LUFS       LRA:   0.0 LU  FTPK: -10.9 -10.8 dBFS  TPK:  -8.1  -8.1 dBFS
[Parsed_ebur128_0 @ 000001ba5af61900] t: 2.899969   TARGET:-23 LUFS    M: -17.8 S:-120.7     I: -17.3 LUFS       LRA:   0.0 LU  FTPK: -12.4 -12.3 dBFS  TPK:  -8.1  -8.1 dBFS
[Parsed_ebur128_0 @ 000001ba5af61900] t: 2.999969   TARGET:-23 LUFS    M: -17.6 S: -17.4     I: -17.3 LUFS       LRA:  20.0 LU  FTPK: -12.2 -12.2 dBFS  TPK:  -8.1  -8.1 dBFS
[Parsed_ebur128_0 @ 000001ba5af61900] t: 3.099969   TARGET:-23 LUFS    M: -17.7 S: -17.4     I: -17.3 LUFS       LRA:  20.0 LU  FTPK: -11.9 -12.1 dBFS  TPK:  -8.1  -8.1 dBFS
[Parsed_ebur128_0 @ 000001ba5af61900] t: 3.199969   TARGET:-23 LUFS    M: -18.2 S: -17.4     I: -17.4 LUFS       LRA:  20.0 LU  FTPK: -13.0 -13.1 dBFS  TPK:  -8.1  -8.1 dBFS
[Parsed_ebur128_0 @ 000001ba5af61900] t: 3.299969   TARGET:-23 LUFS    M: -18.4 S: -17.4     I: -17.4 LUFS       LRA:  20.0 LU  FTPK: -12.6 -12.5 dBFS  TPK:  -8.1  -8.1 dBFS
[Parsed_ebur128_0 @ 000001ba5af61900] t: 3.399969   TARGET:-23 LUFS    M: -18.4 S: -17.4     I: -17.4 LUFS       LRA:   0.0 LU  FTPK: -13.2 -13.1 dBFS  TPK:  -8.1  -8.1 dBFS
[Parsed_ebur128_0 @ 000001ba5af61900] t: 3.499969   TARGET:-23 LUFS    M: -18.1 S: -17.4     I: -17.4 LUFS       LRA:   0.0 LU  FTPK: -13.5 -13.7 dBFS  TPK:  -8.1  -8.1 dBFS
[Parsed_ebur128_0 @ 000001ba5af61900] t: 3.599969   TARGET:-23 LUFS    M: -18.4 S: -17.5     I: -17.5 LUFS       LRA:   0.1 LU  FTPK: -14.7 -14.5 dBFS  TPK:  -8.1  -8.1 dBFS
[Parsed_ebur128_0 @ 000001ba5af61900] t: 3.699969   TARGET:-23 LUFS    M: -18.7 S: -17.5     I: -17.5 LUFS       LRA:   0.2 LU  FTPK: -13.8 -14.5 dBFS  TPK:  -8.1  -8.1 dBFS
[Parsed_ebur128_0 @ 000001ba5af61900] t: 3.799969   TARGET:-23 LUFS    M: -19.0 S: -17.6     I: -17.5 LUFS       LRA:   0.2 LU  FTPK: -14.5 -14.2 dBFS  TPK:  -8.1  -8.1 dBFS
[Parsed_ebur128_0 @ 000001ba5af61900] t: 3.899969   TARGET:-23 LUFS    M: -19.5 S: -17.7     I: -17.6 LUFS       LRA:   0.3 LU  FTPK: -14.2 -14.1 dBFS  TPK:  -8.1  -8.1 dBFS
[Parsed_ebur128_0 @ 000001ba5af61900] t: 3.999969   TARGET:-23 LUFS    M: -19.3 S: -17.8     I: -17.6 LUFS       LRA:   0.4 LU  FTPK: -13.8 -13.7 dBFS  TPK:  -8.1  -8.1 dBFS
[Parsed_ebur128_0 @ 000001ba5af61900] t: 4.099969   TARGET:-23 LUFS    M: -19.9 S: -17.9     I: -17.7 LUFS       LRA:   0.5 LU  FTPK: -15.1 -15.1 dBFS  TPK:  -8.1  -8.1 dBFS
[Parsed_ebur128_0 @ 000001ba5af61900] t: 4.199969   TARGET:-23 LUFS    M: -21.0 S: -18.0     I: -17.7 LUFS       LRA:   0.6 LU  FTPK: -17.0 -17.6 dBFS  TPK:  -8.1  -8.1 dBFS
[Parsed_ebur128_0 @ 000001ba5af61900] t: 4.299969   TARGET:-23 LUFS    M: -21.9 S: -18.0     I: -17.8 LUFS       LRA:   0.6 LU  FTPK: -16.3 -14.7 dBFS  TPK:  -8.1  -8.1 dBFS
[Parsed_ebur128_0 @ 000001ba5af61900] t: 4.399969   TARGET:-23 LUFS    M: -22.8 S: -18.1     I: -17.9 LUFS       LRA:   0.6 LU  FTPK: -16.7 -17.1 dBFS  TPK:  -8.1  -8.1 dBFS
[Parsed_ebur128_0 @ 000001ba5af61900] t: 4.499969   TARGET:-23 LUFS    M: -23.8 S: -18.2     I: -17.9 LUFS       LRA:   0.7 LU  FTPK: -19.2 -19.2 dBFS  TPK:  -8.1  -8.1 dBFS
[Parsed_ebur128_0 @ 000001ba5af61900] t: 4.599969   TARGET:-23 LUFS    M: -24.4 S: -18.4     I: -18.0 LUFS       LRA:   0.8 LU  FTPK: -19.7 -19.5 dBFS  TPK:  -8.1  -8.1 dBFS
[Parsed_ebur128_0 @ 000001ba5af61900] t: 4.699969   TARGET:-23 LUFS    M: -26.0 S: -18.5     I: -18.1 LUFS       LRA:   1.0 LU  FTPK: -22.7 -22.8 dBFS  TPK:  -8.1  -8.1 dBFS
[Parsed_ebur128_0 @ 000001ba5af61900] t: 4.799969   TARGET:-23 LUFS    M: -27.5 S: -18.7     I: -18.2 LUFS       LRA:   1.1 LU  FTPK: -22.1 -21.7 dBFS  TPK:  -8.1  -8.1 dBFS
[Parsed_ebur128_0 @ 000001ba5af61900] t: 4.899969   TARGET:-23 LUFS    M: -26.2 S: -18.8     I: -18.3 LUFS       LRA:   1.3 LU  FTPK: -17.7 -17.3 dBFS  TPK:  -8.1  -8.1 dBFS
[Parsed_ebur128_0 @ 000001ba5af61900] t: 4.999969   TARGET:-23 LUFS    M: -25.4 S: -18.9     I: -18.3 LUFS       LRA:   1.4 LU  FTPK: -19.5 -19.3 dBFS  TPK:  -8.1  -8.1 dBFS
[Parsed_ebur128_0 @ 000001ba5af61900] t: 5.099969   TARGET:-23 LUFS    M: -24.7 S: -19.2     I: -18.4 LUFS       LRA:   1.5 LU  FTPK: -19.5 -19.6 dBFS  TPK:  -8.1  -8.1 dBFS
[Parsed_ebur128_0 @ 000001ba5af61900] Summary:

  Integrated loudness:
    I:         -18.4 LUFS
    Threshold: -28.4 LUFS

  Loudness range:
    LRA:         1.5 LU
    Threshold: -37.9 LUFS
    LRA low:   -18.9 LUFS
    LRA high:  -17.4 LUFS

  True peak:
    Peak:       -8.1 dBFS
[out#0/null @ 000001ba5c946180] video:0KiB audio:648KiB subtitle:0KiB other streams:0KiB global headers:0KiB muxing overhead: unknown
size=N/A time=00:00:05.18 bitrate=N/A speed= 317x elapsed=0:00:00.01    
