Input #0, mov,mp4,m4a,3gp,3g2,mj2, from 'C:\Users\jeffr\Documents\ComfyUI\vram-recipe-lab\outputs\h3_unconditioned_music_motion_small_seed42_f124_out_00001_.mp4':
  Metadata:
    major_brand     : isom
    minor_version   : 512
    compatible_brands: isomiso2avc1mp41
    encoder         : Lavf62.3.100
  Duration: 00:00:05.17, start: 0.000000, bitrate: 1332 kb/s
  Stream #0:0[0x1](und): Video: h264 (High) (avc1 / 0x31637661), yuv420p(progressive), 1344x768, 1191 kb/s, 24 fps, 24 tbr, 12288 tbn (default)
    Metadata:
      handler_name    : VideoHandler
      vendor_id       : [0][0][0][0]
  Stream #0:1[0x2](und): Audio: aac (LC) (mp4a / 0x6134706D), 32000 Hz, stereo, fltp, 131 kb/s (default)
    Metadata:
      handler_name    : SoundHandler
      vendor_id       : [0][0][0][0]
Stream mapping:
  Stream #0:1 -> #0:0 (aac (native) -> pcm_s16le (native))
Press [q] to stop, [?] for help
Output #0, null, to 'NUL':
  Metadata:
    major_brand     : isom
    minor_version   : 512
    compatible_brands: isomiso2avc1mp41
    encoder         : Lavf62.3.100
  Stream #0:0(und): Audio: pcm_s16le, 32000 Hz, stereo, s16, 1024 kb/s (default)
    Metadata:
      encoder         : Lavc62.11.100 pcm_s16le
      handler_name    : SoundHandler
      vendor_id       : [0][0][0][0]
[silencedetect @ 0000020a0f904800] silence_start: 0
[silencedetect @ 0000020a0f904800] silence_end: 1.366 | silence_duration: 1.366
[silencedetect @ 0000020a0f904800] silence_start: 1.366406
[silencedetect @ 0000020a0f904800] silence_end: 1.699531 | silence_duration: 0.333125
[silencedetect @ 0000020a0f904800] silence_start: 1.699563
[silencedetect @ 0000020a0f904800] silence_end: 2.288562 | silence_duration: 0.589
[silencedetect @ 0000020a0f904800] silence_start: 2.3075
[silencedetect @ 0000020a0f904800] silence_end: 4.53375 | silence_duration: 2.22625
[silencedetect @ 0000020a0f904800] silence_start: 4.909281
[silencedetect @ 0000020a0f904800] silence_end: 5.184 | silence_duration: 0.274719
[out#0/null @ 0000020a0f88dc00] video:0KiB audio:648KiB subtitle:0KiB other streams:0KiB global headers:0KiB muxing overhead: unknown
size=N/A time=00:00:05.18 bitrate=N/A speed=1.43e+03x elapsed=0:00:00.00    
