Input #0, mov,mp4,m4a,3gp,3g2,mj2, from 'C:\Users\jeffr\Documents\ComfyUI\vram-recipe-lab\outputs\h3_unconditioned_music_scene_seed46_f124_out_00001_.mp4':
  Metadata:
    major_brand     : isom
    minor_version   : 512
    compatible_brands: isomiso2avc1mp41
    encoder         : Lavf62.3.100
  Duration: 00:00:05.17, start: 0.000000, bitrate: 1966 kb/s
  Stream #0:0[0x1](und): Video: h264 (High) (avc1 / 0x31637661), yuv420p(progressive), 1344x768, 1829 kb/s, 24 fps, 24 tbr, 12288 tbn (default)
    Metadata:
      handler_name    : VideoHandler
      vendor_id       : [0][0][0][0]
  Stream #0:1[0x2](und): Audio: aac (LC) (mp4a / 0x6134706D), 32000 Hz, stereo, fltp, 127 kb/s (default)
    Metadata:
      handler_name    : SoundHandler
      vendor_id       : [0][0][0][0]
Stream mapping:
  Stream #0:1 -> #0:0 (aac (native) -> pcm_s16le (native))
Press [q] to stop, [?] for help
Output #0, null, to 'NUL':
  Metadata:
    major_brand     : isom
    minor_version   : 512
    compatible_brands: isomiso2avc1mp41
    encoder         : Lavf62.3.100
  Stream #0:0(und): Audio: pcm_s16le, 32000 Hz, stereo, s16, 1024 kb/s (default)
    Metadata:
      encoder         : Lavc62.11.100 pcm_s16le
      handler_name    : SoundHandler
      vendor_id       : [0][0][0][0]
[Parsed_astats_0 @ 000001d584e716c0] Channel: 1
[Parsed_astats_0 @ 000001d584e716c0] DC offset: -0.000014
[Parsed_astats_0 @ 000001d584e716c0] Min level: -0.141225
[Parsed_astats_0 @ 000001d584e716c0] Max level: 0.132393
[Parsed_astats_0 @ 000001d584e716c0] Min difference: 0.000000
[Parsed_astats_0 @ 000001d584e716c0] Max difference: 0.015857
[Parsed_astats_0 @ 000001d584e716c0] Mean difference: 0.000374
[Parsed_astats_0 @ 000001d584e716c0] RMS difference: 0.000717
[Parsed_astats_0 @ 000001d584e716c0] Peak level dB: -17.001770
[Parsed_astats_0 @ 000001d584e716c0] RMS level dB: -46.029967
[Parsed_astats_0 @ 000001d584e716c0] RMS peak dB: -30.523654
[Parsed_astats_0 @ 000001d584e716c0] RMS through dB: -60.481979
[Parsed_astats_0 @ 000001d584e716c0] Crest factor: 28.275474
[Parsed_astats_0 @ 000001d584e716c0] Flat factor: 0.000000
[Parsed_astats_0 @ 000001d584e716c0] Peak count: 2
[Parsed_astats_0 @ 000001d584e716c0] Abs Peak count: 1
[Parsed_astats_0 @ 000001d584e716c0] Noise floor dB: -50.211371
[Parsed_astats_0 @ 000001d584e716c0] Noise floor count: 127
[Parsed_astats_0 @ 000001d584e716c0] Entropy: 0.410821
[Parsed_astats_0 @ 000001d584e716c0] Bit depth: 29/32/32/32
[Parsed_astats_0 @ 000001d584e716c0] Dynamic range: 163.616228
[Parsed_astats_0 @ 000001d584e716c0] Zero crossings: 9441
[Parsed_astats_0 @ 000001d584e716c0] Zero crossings rate: 0.056912
[Parsed_astats_0 @ 000001d584e716c0] Number of NaNs: 0
[Parsed_astats_0 @ 000001d584e716c0] Number of Infs: 0
[Parsed_astats_0 @ 000001d584e716c0] Number of denormals: 0
[Parsed_astats_0 @ 000001d584e716c0] Channel: 2
[Parsed_astats_0 @ 000001d584e716c0] DC offset: -0.000013
[Parsed_astats_0 @ 000001d584e716c0] Min level: -0.140282
[Parsed_astats_0 @ 000001d584e716c0] Max level: 0.132572
[Parsed_astats_0 @ 000001d584e716c0] Min difference: 0.000000
[Parsed_astats_0 @ 000001d584e716c0] Max difference: 0.018271
[Parsed_astats_0 @ 000001d584e716c0] Mean difference: 0.000373
[Parsed_astats_0 @ 000001d584e716c0] RMS difference: 0.000717
[Parsed_astats_0 @ 000001d584e716c0] Peak level dB: -17.059963
[Parsed_astats_0 @ 000001d584e716c0] RMS level dB: -46.004812
[Parsed_astats_0 @ 000001d584e716c0] RMS peak dB: -30.545501
[Parsed_astats_0 @ 000001d584e716c0] RMS through dB: -61.036665
[Parsed_astats_0 @ 000001d584e716c0] Crest factor: 28.005440
[Parsed_astats_0 @ 000001d584e716c0] Flat factor: 0.000000
[Parsed_astats_0 @ 000001d584e716c0] Peak count: 2
[Parsed_astats_0 @ 000001d584e716c0] Abs Peak count: 1
[Parsed_astats_0 @ 000001d584e716c0] Noise floor dB: -50.172922
[Parsed_astats_0 @ 000001d584e716c0] Noise floor count: 239
[Parsed_astats_0 @ 000001d584e716c0] Entropy: 0.410821
[Parsed_astats_0 @ 000001d584e716c0] Bit depth: 29/32/32/32
[Parsed_astats_0 @ 000001d584e716c0] Dynamic range: 149.667301
[Parsed_astats_0 @ 000001d584e716c0] Zero crossings: 9423
[Parsed_astats_0 @ 000001d584e716c0] Zero crossings rate: 0.056803
[Parsed_astats_0 @ 000001d584e716c0] Number of NaNs: 0
[Parsed_astats_0 @ 000001d584e716c0] Number of Infs: 0
[Parsed_astats_0 @ 000001d584e716c0] Number of denormals: 0
[Parsed_astats_0 @ 000001d584e716c0] Overall
[Parsed_astats_0 @ 000001d584e716c0] DC offset: -0.000014
[Parsed_astats_0 @ 000001d584e716c0] Min level: -0.141225
[Parsed_astats_0 @ 000001d584e716c0] Max level: 0.132572
[Parsed_astats_0 @ 000001d584e716c0] Min difference: 0.000000
[Parsed_astats_0 @ 000001d584e716c0] Max difference: 0.018271
[Parsed_astats_0 @ 000001d584e716c0] Mean difference: 0.000373
[Parsed_astats_0 @ 000001d584e716c0] RMS difference: 0.000717
[Parsed_astats_0 @ 000001d584e716c0] Peak level dB: -17.001770
[Parsed_astats_0 @ 000001d584e716c0] RMS level dB: -46.017371
[Parsed_astats_0 @ 000001d584e716c0] RMS peak dB: -30.523654
[Parsed_astats_0 @ 000001d584e716c0] RMS through dB: -61.036665
[Parsed_astats_0 @ 000001d584e716c0] Flat factor: 0.000000
[Parsed_astats_0 @ 000001d584e716c0] Peak count: 2.000000
[Parsed_astats_0 @ 000001d584e716c0] Abs Peak count: 1.000000
[Parsed_astats_0 @ 000001d584e716c0] Noise floor dB: -50.172922
[Parsed_astats_0 @ 000001d584e716c0] Noise floor count: 183.000000
[Parsed_astats_0 @ 000001d584e716c0] Entropy: 0.410821
[Parsed_astats_0 @ 000001d584e716c0] Bit depth: 29/32/32/32
[Parsed_astats_0 @ 000001d584e716c0] Number of samples: 165888
[Parsed_astats_0 @ 000001d584e716c0] Number of NaNs: 0.000000
[Parsed_astats_0 @ 000001d584e716c0] Number of Infs: 0.000000
[Parsed_astats_0 @ 000001d584e716c0] Number of denormals: 0.000000
[out#0/null @ 000001d586812340] video:0KiB audio:648KiB subtitle:0KiB other streams:0KiB global headers:0KiB muxing overhead: unknown
size=N/A time=00:00:05.18 bitrate=N/A speed= 548x elapsed=0:00:00.00    
