Input #0, mov,mp4,m4a,3gp,3g2,mj2, from 'C:\Users\jeffr\Documents\ComfyUI\vram-recipe-lab\outputs\h3_unconditioned_music_sfx_seed42_f124_out_00001_.mp4':
  Metadata:
    major_brand     : isom
    minor_version   : 512
    compatible_brands: isomiso2avc1mp41
    encoder         : Lavf62.3.100
  Duration: 00:00:05.17, start: 0.000000, bitrate: 1321 kb/s
  Stream #0:0[0x1](und): Video: h264 (High) (avc1 / 0x31637661), yuv420p(progressive), 1344x768, 1185 kb/s, 24 fps, 24 tbr, 12288 tbn (default)
    Metadata:
      handler_name    : VideoHandler
      vendor_id       : [0][0][0][0]
  Stream #0:1[0x2](und): Audio: aac (LC) (mp4a / 0x6134706D), 32000 Hz, stereo, fltp, 126 kb/s (default)
    Metadata:
      handler_name    : SoundHandler
      vendor_id       : [0][0][0][0]
Stream mapping:
  Stream #0:1 -> #0:0 (aac (native) -> pcm_s16le (native))
Press [q] to stop, [?] for help
[Parsed_ebur128_0 @ 00000261857716c0] t: 0.0999688  TARGET:-23 LUFS    M:-120.7 S:-120.7     I: -70.0 LUFS       LRA:   0.0 LU  FTPK: -46.5 -46.2 dBFS  TPK: -46.5 -46.2 dBFS
Output #0, null, to 'NUL':
  Metadata:
    major_brand     : isom
    minor_version   : 512
    compatible_brands: isomiso2avc1mp41
    encoder         : Lavf62.3.100
  Stream #0:0(und): Audio: pcm_s16le, 32000 Hz, stereo, s16, 1024 kb/s (default)
    Metadata:
      encoder         : Lavc62.11.100 pcm_s16le
      handler_name    : SoundHandler
      vendor_id       : [0][0][0][0]
[Parsed_ebur128_0 @ 00000261857716c0] t: 0.199969   TARGET:-23 LUFS    M:-120.7 S:-120.7     I: -70.0 LUFS       LRA:   0.0 LU  FTPK: -45.1 -44.7 dBFS  TPK: -45.1 -44.7 dBFS
[Parsed_ebur128_0 @ 00000261857716c0] t: 0.299969   TARGET:-23 LUFS    M:-120.7 S:-120.7     I: -70.0 LUFS       LRA:   0.0 LU  FTPK: -43.5 -43.2 dBFS  TPK: -43.5 -43.2 dBFS
[Parsed_ebur128_0 @ 00000261857716c0] t: 0.399969   TARGET:-23 LUFS    M: -52.6 S:-120.7     I: -52.6 LUFS       LRA:   0.0 LU  FTPK: -44.3 -44.1 dBFS  TPK: -43.5 -43.2 dBFS
[Parsed_ebur128_0 @ 00000261857716c0] t: 0.499969   TARGET:-23 LUFS    M: -52.0 S:-120.7     I: -52.2 LUFS       LRA:   0.0 LU  FTPK: -44.5 -44.4 dBFS  TPK: -43.5 -43.2 dBFS
[Parsed_ebur128_0 @ 00000261857716c0] t: 0.599969   TARGET:-23 LUFS    M: -51.6 S:-120.7     I: -52.0 LUFS       LRA:   0.0 LU  FTPK: -44.2 -44.0 dBFS  TPK: -43.5 -43.2 dBFS
[Parsed_ebur128_0 @ 00000261857716c0] t: 0.699969   TARGET:-23 LUFS    M: -51.5 S:-120.7     I: -51.9 LUFS       LRA:   0.0 LU  FTPK: -43.1 -42.8 dBFS  TPK: -43.1 -42.8 dBFS
[Parsed_ebur128_0 @ 00000261857716c0] t: 0.799969   TARGET:-23 LUFS    M: -51.6 S:-120.7     I: -51.8 LUFS       LRA:   0.0 LU  FTPK: -43.6 -43.5 dBFS  TPK: -43.1 -42.8 dBFS
[Parsed_ebur128_0 @ 00000261857716c0] t: 0.899969   TARGET:-23 LUFS    M: -51.5 S:-120.7     I: -51.8 LUFS       LRA:   0.0 LU  FTPK: -44.8 -44.5 dBFS  TPK: -43.1 -42.8 dBFS
[Parsed_ebur128_0 @ 00000261857716c0] t: 0.999969   TARGET:-23 LUFS    M: -51.5 S:-120.7     I: -51.7 LUFS       LRA:   0.0 LU  FTPK: -45.8 -45.6 dBFS  TPK: -43.1 -42.8 dBFS
[Parsed_ebur128_0 @ 00000261857716c0] t: 1.099969   TARGET:-23 LUFS    M: -51.4 S:-120.7     I: -51.7 LUFS       LRA:   0.0 LU  FTPK: -44.0 -43.9 dBFS  TPK: -43.1 -42.8 dBFS
[Parsed_ebur128_0 @ 00000261857716c0] t: 1.199969   TARGET:-23 LUFS    M: -51.3 S:-120.7     I: -51.6 LUFS       LRA:   0.0 LU  FTPK: -45.1 -45.4 dBFS  TPK: -43.1 -42.8 dBFS
[Parsed_ebur128_0 @ 00000261857716c0] t: 1.299969   TARGET:-23 LUFS    M: -51.3 S:-120.7     I: -51.6 LUFS       LRA:   0.0 LU  FTPK: -42.8 -42.7 dBFS  TPK: -42.8 -42.7 dBFS
[Parsed_ebur128_0 @ 00000261857716c0] t: 1.399969   TARGET:-23 LUFS    M: -51.3 S:-120.7     I: -51.6 LUFS       LRA:   0.0 LU  FTPK: -42.7 -42.4 dBFS  TPK: -42.7 -42.4 dBFS
[Parsed_ebur128_0 @ 00000261857716c0] t: 1.499969   TARGET:-23 LUFS    M: -51.3 S:-120.7     I: -51.6 LUFS       LRA:   0.0 LU  FTPK: -43.0 -43.5 dBFS  TPK: -42.7 -42.4 dBFS
[Parsed_ebur128_0 @ 00000261857716c0] t: 1.599969   TARGET:-23 LUFS    M: -51.2 S:-120.7     I: -51.5 LUFS       LRA:   0.0 LU  FTPK: -43.3 -43.1 dBFS  TPK: -42.7 -42.4 dBFS
[Parsed_ebur128_0 @ 00000261857716c0] t: 1.699969   TARGET:-23 LUFS    M: -51.1 S:-120.7     I: -51.5 LUFS       LRA:   0.0 LU  FTPK: -44.3 -44.1 dBFS  TPK: -42.7 -42.4 dBFS
[Parsed_ebur128_0 @ 00000261857716c0] t: 1.799969   TARGET:-23 LUFS    M: -51.0 S:-120.7     I: -51.5 LUFS       LRA:   0.0 LU  FTPK: -44.2 -44.2 dBFS  TPK: -42.7 -42.4 dBFS
[Parsed_ebur128_0 @ 00000261857716c0] t: 1.899969   TARGET:-23 LUFS    M: -50.8 S:-120.7     I: -51.4 LUFS       LRA:   0.0 LU  FTPK: -43.5 -43.5 dBFS  TPK: -42.7 -42.4 dBFS
[Parsed_ebur128_0 @ 00000261857716c0] t: 1.999969   TARGET:-23 LUFS    M: -50.8 S:-120.7     I: -51.4 LUFS       LRA:   0.0 LU  FTPK: -43.1 -42.8 dBFS  TPK: -42.7 -42.4 dBFS
[Parsed_ebur128_0 @ 00000261857716c0] t: 2.099969   TARGET:-23 LUFS    M: -50.8 S:-120.7     I: -51.3 LUFS       LRA:   0.0 LU  FTPK: -43.4 -43.8 dBFS  TPK: -42.7 -42.4 dBFS
[Parsed_ebur128_0 @ 00000261857716c0] t: 2.199969   TARGET:-23 LUFS    M: -50.8 S:-120.7     I: -51.3 LUFS       LRA:   0.0 LU  FTPK: -44.5 -44.3 dBFS  TPK: -42.7 -42.4 dBFS
[Parsed_ebur128_0 @ 00000261857716c0] t: 2.299969   TARGET:-23 LUFS    M: -51.0 S:-120.7     I: -51.3 LUFS       LRA:   0.0 LU  FTPK: -44.6 -44.7 dBFS  TPK: -42.7 -42.4 dBFS
[Parsed_ebur128_0 @ 00000261857716c0] t: 2.399969   TARGET:-23 LUFS    M: -51.2 S:-120.7     I: -51.3 LUFS       LRA:   0.0 LU  FTPK: -44.3 -44.5 dBFS  TPK: -42.7 -42.4 dBFS
[Parsed_ebur128_0 @ 00000261857716c0] t: 2.499969   TARGET:-23 LUFS    M: -51.3 S:-120.7     I: -51.3 LUFS       LRA:   0.0 LU  FTPK: -43.3 -43.2 dBFS  TPK: -42.7 -42.4 dBFS
[Parsed_ebur128_0 @ 00000261857716c0] t: 2.599969   TARGET:-23 LUFS    M: -51.4 S:-120.7     I: -51.3 LUFS       LRA:   0.0 LU  FTPK: -43.0 -43.0 dBFS  TPK: -42.7 -42.4 dBFS
[Parsed_ebur128_0 @ 00000261857716c0] t: 2.699969   TARGET:-23 LUFS    M: -51.5 S:-120.7     I: -51.3 LUFS       LRA:   0.0 LU  FTPK: -45.9 -44.8 dBFS  TPK: -42.7 -42.4 dBFS
[Parsed_ebur128_0 @ 00000261857716c0] t: 2.799969   TARGET:-23 LUFS    M: -51.3 S:-120.7     I: -51.3 LUFS       LRA:   0.0 LU  FTPK: -44.8 -44.7 dBFS  TPK: -42.7 -42.4 dBFS
[Parsed_ebur128_0 @ 00000261857716c0] t: 2.899969   TARGET:-23 LUFS    M: -51.3 S:-120.7     I: -51.3 LUFS       LRA:   0.0 LU  FTPK: -43.5 -43.8 dBFS  TPK: -42.7 -42.4 dBFS
[Parsed_ebur128_0 @ 00000261857716c0] t: 2.999969   TARGET:-23 LUFS    M: -51.5 S: -51.4     I: -51.3 LUFS       LRA:  18.6 LU  FTPK: -45.4 -45.1 dBFS  TPK: -42.7 -42.4 dBFS
[Parsed_ebur128_0 @ 00000261857716c0] t: 3.099969   TARGET:-23 LUFS    M: -51.5 S: -51.3     I: -51.3 LUFS       LRA:  18.6 LU  FTPK: -44.5 -44.3 dBFS  TPK: -42.7 -42.4 dBFS
[Parsed_ebur128_0 @ 00000261857716c0] t: 3.199969   TARGET:-23 LUFS    M: -51.6 S: -51.3     I: -51.3 LUFS       LRA:  18.7 LU  FTPK: -44.3 -42.9 dBFS  TPK: -42.7 -42.4 dBFS
[Parsed_ebur128_0 @ 00000261857716c0] t: 3.299969   TARGET:-23 LUFS    M: -51.6 S: -51.3     I: -51.3 LUFS       LRA:  18.7 LU  FTPK: -43.6 -43.6 dBFS  TPK: -42.7 -42.4 dBFS
[Parsed_ebur128_0 @ 00000261857716c0] t: 3.399969   TARGET:-23 LUFS    M: -51.4 S: -51.3     I: -51.3 LUFS       LRA:   0.1 LU  FTPK: -44.8 -44.5 dBFS  TPK: -42.7 -42.4 dBFS
[Parsed_ebur128_0 @ 00000261857716c0] t: 3.499969   TARGET:-23 LUFS    M: -51.3 S: -51.3     I: -51.3 LUFS       LRA:   0.2 LU  FTPK: -42.5 -42.7 dBFS  TPK: -42.5 -42.4 dBFS
[Parsed_ebur128_0 @ 00000261857716c0] t: 3.599969   TARGET:-23 LUFS    M: -51.2 S: -51.3     I: -51.3 LUFS       LRA:   0.2 LU  FTPK: -44.4 -44.3 dBFS  TPK: -42.5 -42.4 dBFS
[Parsed_ebur128_0 @ 00000261857716c0] t: 3.699969   TARGET:-23 LUFS    M: -51.4 S: -51.3     I: -51.3 LUFS       LRA:   0.2 LU  FTPK: -44.3 -44.4 dBFS  TPK: -42.5 -42.4 dBFS
[Parsed_ebur128_0 @ 00000261857716c0] t: 3.799969   TARGET:-23 LUFS    M: -51.5 S: -51.3     I: -51.4 LUFS       LRA:   0.2 LU  FTPK: -44.7 -44.4 dBFS  TPK: -42.5 -42.4 dBFS
[Parsed_ebur128_0 @ 00000261857716c0] t: 3.899969   TARGET:-23 LUFS    M: -51.4 S: -51.3     I: -51.4 LUFS       LRA:   0.2 LU  FTPK: -43.7 -43.6 dBFS  TPK: -42.5 -42.4 dBFS
[Parsed_ebur128_0 @ 00000261857716c0] t: 3.999969   TARGET:-23 LUFS    M: -51.5 S: -51.3     I: -51.4 LUFS       LRA:   0.2 LU  FTPK: -44.6 -44.5 dBFS  TPK: -42.5 -42.4 dBFS
[Parsed_ebur128_0 @ 00000261857716c0] t: 4.099969   TARGET:-23 LUFS    M: -51.4 S: -51.3     I: -51.4 LUFS       LRA:   0.2 LU  FTPK: -45.4 -45.2 dBFS  TPK: -42.5 -42.4 dBFS
[Parsed_ebur128_0 @ 00000261857716c0] t: 4.199969   TARGET:-23 LUFS    M: -51.3 S: -51.3     I: -51.4 LUFS       LRA:   0.2 LU  FTPK: -44.0 -44.0 dBFS  TPK: -42.5 -42.4 dBFS
[Parsed_ebur128_0 @ 00000261857716c0] t: 4.299969   TARGET:-23 LUFS    M: -51.4 S: -51.3     I: -51.4 LUFS       LRA:   0.2 LU  FTPK: -44.9 -44.8 dBFS  TPK: -42.5 -42.4 dBFS
[Parsed_ebur128_0 @ 00000261857716c0] t: 4.399969   TARGET:-23 LUFS    M: -51.5 S: -51.3     I: -51.4 LUFS       LRA:   0.1 LU  FTPK: -45.8 -45.6 dBFS  TPK: -42.5 -42.4 dBFS
[Parsed_ebur128_0 @ 00000261857716c0] t: 4.499969   TARGET:-23 LUFS    M: -51.7 S: -51.3     I: -51.4 LUFS       LRA:   0.1 LU  FTPK: -46.4 -46.1 dBFS  TPK: -42.5 -42.4 dBFS
[Parsed_ebur128_0 @ 00000261857716c0] t: 4.599969   TARGET:-23 LUFS    M: -52.0 S: -51.4     I: -51.4 LUFS       LRA:   0.1 LU  FTPK: -44.7 -44.8 dBFS  TPK: -42.5 -42.4 dBFS
[Parsed_ebur128_0 @ 00000261857716c0] t: 4.699969   TARGET:-23 LUFS    M: -51.9 S: -51.4     I: -51.4 LUFS       LRA:   0.1 LU  FTPK: -45.3 -44.7 dBFS  TPK: -42.5 -42.4 dBFS
[Parsed_ebur128_0 @ 00000261857716c0] t: 4.799969   TARGET:-23 LUFS    M: -51.7 S: -51.4     I: -51.4 LUFS       LRA:   0.1 LU  FTPK: -44.2 -44.3 dBFS  TPK: -42.5 -42.4 dBFS
[Parsed_ebur128_0 @ 00000261857716c0] t: 4.899969   TARGET:-23 LUFS    M: -51.6 S: -51.4     I: -51.4 LUFS       LRA:   0.2 LU  FTPK: -45.1 -45.2 dBFS  TPK: -42.5 -42.4 dBFS
[Parsed_ebur128_0 @ 00000261857716c0] t: 4.999969   TARGET:-23 LUFS    M: -51.5 S: -51.5     I: -51.4 LUFS       LRA:   0.2 LU  FTPK: -45.2 -44.9 dBFS  TPK: -42.5 -42.4 dBFS
[Parsed_ebur128_0 @ 00000261857716c0] t: 5.099969   TARGET:-23 LUFS    M: -51.4 S: -51.5     I: -51.4 LUFS       LRA:   0.2 LU  FTPK: -44.5 -44.1 dBFS  TPK: -42.5 -42.4 dBFS
[Parsed_ebur128_0 @ 00000261857716c0] Summary:

  Integrated loudness:
    I:         -51.4 LUFS
    Threshold: -61.4 LUFS

  Loudness range:
    LRA:         0.2 LU
    Threshold: -71.3 LUFS
    LRA low:   -51.5 LUFS
    LRA high:  -51.3 LUFS

  True peak:
    Peak:      -42.4 dBFS
[out#0/null @ 000002618728ee40] video:0KiB audio:648KiB subtitle:0KiB other streams:0KiB global headers:0KiB muxing overhead: unknown
size=N/A time=00:00:05.18 bitrate=N/A speed= 334x elapsed=0:00:00.01    
