Input #0, mov,mp4,m4a,3gp,3g2,mj2, from 'C:\Users\jeffr\Documents\ComfyUI\vram-recipe-lab\outputs\h3_unconditioned_music_scene_seed42_f192_out_00001_.mp4':
  Metadata:
    major_brand     : isom
    minor_version   : 512
    compatible_brands: isomiso2avc1mp41
    encoder         : Lavf62.3.100
  Duration: 00:00:08.00, start: 0.000000, bitrate: 1734 kb/s
  Stream #0:0[0x1](und): Video: h264 (High) (avc1 / 0x31637661), yuv420p(progressive), 1344x768, 1595 kb/s, 24 fps, 24 tbr, 12288 tbn (default)
    Metadata:
      handler_name    : VideoHandler
      vendor_id       : [0][0][0][0]
  Stream #0:1[0x2](und): Audio: aac (LC) (mp4a / 0x6134706D), 32000 Hz, stereo, fltp, 130 kb/s (default)
    Metadata:
      handler_name    : SoundHandler
      vendor_id       : [0][0][0][0]
Stream mapping:
  Stream #0:1 -> #0:0 (aac (native) -> pcm_s16le (native))
Press [q] to stop, [?] for help
[Parsed_ebur128_0 @ 000002953cad16c0] t: 0.0999688  TARGET:-23 LUFS    M:-120.7 S:-120.7     I: -70.0 LUFS       LRA:   0.0 LU  FTPK: -47.8 -47.8 dBFS  TPK: -47.8 -47.8 dBFS
Output #0, null, to 'NUL':
  Metadata:
    major_brand     : isom
    minor_version   : 512
    compatible_brands: isomiso2avc1mp41
    encoder         : Lavf62.3.100
  Stream #0:0(und): Audio: pcm_s16le, 32000 Hz, stereo, s16, 1024 kb/s (default)
    Metadata:
      encoder         : Lavc62.11.100 pcm_s16le
      handler_name    : SoundHandler
      vendor_id       : [0][0][0][0]
[Parsed_ebur128_0 @ 000002953cad16c0] t: 0.199969   TARGET:-23 LUFS    M:-120.7 S:-120.7     I: -70.0 LUFS       LRA:   0.0 LU  FTPK: -47.1 -47.2 dBFS  TPK: -47.1 -47.2 dBFS
[Parsed_ebur128_0 @ 000002953cad16c0] t: 0.299969   TARGET:-23 LUFS    M:-120.7 S:-120.7     I: -70.0 LUFS       LRA:   0.0 LU  FTPK: -47.1 -47.3 dBFS  TPK: -47.1 -47.2 dBFS
[Parsed_ebur128_0 @ 000002953cad16c0] t: 0.399969   TARGET:-23 LUFS    M: -53.4 S:-120.7     I: -53.4 LUFS       LRA:   0.0 LU  FTPK: -45.5 -45.2 dBFS  TPK: -45.5 -45.2 dBFS
[Parsed_ebur128_0 @ 000002953cad16c0] t: 0.499969   TARGET:-23 LUFS    M: -52.7 S:-120.7     I: -53.0 LUFS       LRA:   0.0 LU  FTPK: -46.1 -46.1 dBFS  TPK: -45.5 -45.2 dBFS
[Parsed_ebur128_0 @ 000002953cad16c0] t: 0.599969   TARGET:-23 LUFS    M: -52.6 S:-120.7     I: -52.9 LUFS       LRA:   0.0 LU  FTPK: -45.0 -45.0 dBFS  TPK: -45.0 -45.0 dBFS
[Parsed_ebur128_0 @ 000002953cad16c0] t: 0.699969   TARGET:-23 LUFS    M: -52.5 S:-120.7     I: -52.8 LUFS       LRA:   0.0 LU  FTPK: -46.3 -46.7 dBFS  TPK: -45.0 -45.0 dBFS
[Parsed_ebur128_0 @ 000002953cad16c0] t: 0.799969   TARGET:-23 LUFS    M: -52.6 S:-120.7     I: -52.8 LUFS       LRA:   0.0 LU  FTPK: -45.9 -46.3 dBFS  TPK: -45.0 -45.0 dBFS
[Parsed_ebur128_0 @ 000002953cad16c0] t: 0.899969   TARGET:-23 LUFS    M: -52.7 S:-120.7     I: -52.7 LUFS       LRA:   0.0 LU  FTPK: -46.5 -46.4 dBFS  TPK: -45.0 -45.0 dBFS
[Parsed_ebur128_0 @ 000002953cad16c0] t: 0.999969   TARGET:-23 LUFS    M: -52.5 S:-120.7     I: -52.7 LUFS       LRA:   0.0 LU  FTPK: -41.6 -41.2 dBFS  TPK: -41.6 -41.2 dBFS
[Parsed_ebur128_0 @ 000002953cad16c0] t: 1.099969   TARGET:-23 LUFS    M: -50.3 S:-120.7     I: -52.3 LUFS       LRA:   0.0 LU  FTPK: -40.7 -40.3 dBFS  TPK: -40.7 -40.3 dBFS
[Parsed_ebur128_0 @ 000002953cad16c0] t: 1.199969   TARGET:-23 LUFS    M: -49.3 S:-120.7     I: -51.9 LUFS       LRA:   0.0 LU  FTPK: -38.2 -38.5 dBFS  TPK: -38.2 -38.5 dBFS
[Parsed_ebur128_0 @ 000002953cad16c0] t: 1.299969   TARGET:-23 LUFS    M: -49.2 S:-120.7     I: -51.5 LUFS       LRA:   0.0 LU  FTPK: -45.0 -44.7 dBFS  TPK: -38.2 -38.5 dBFS
[Parsed_ebur128_0 @ 000002953cad16c0] t: 1.399969   TARGET:-23 LUFS    M: -49.4 S:-120.7     I: -51.3 LUFS       LRA:   0.0 LU  FTPK: -46.2 -45.7 dBFS  TPK: -38.2 -38.5 dBFS
[Parsed_ebur128_0 @ 000002953cad16c0] t: 1.499969   TARGET:-23 LUFS    M: -51.1 S:-120.7     I: -51.3 LUFS       LRA:   0.0 LU  FTPK: -47.4 -47.7 dBFS  TPK: -38.2 -38.5 dBFS
[Parsed_ebur128_0 @ 000002953cad16c0] t: 1.599969   TARGET:-23 LUFS    M: -52.8 S:-120.7     I: -51.4 LUFS       LRA:   0.0 LU  FTPK: -46.5 -46.2 dBFS  TPK: -38.2 -38.5 dBFS
[Parsed_ebur128_0 @ 000002953cad16c0] t: 1.699969   TARGET:-23 LUFS    M: -53.0 S:-120.7     I: -51.5 LUFS       LRA:   0.0 LU  FTPK: -44.6 -44.3 dBFS  TPK: -38.2 -38.5 dBFS
[Parsed_ebur128_0 @ 000002953cad16c0] t: 1.799969   TARGET:-23 LUFS    M: -52.1 S:-120.7     I: -51.5 LUFS       LRA:   0.0 LU  FTPK: -43.2 -43.1 dBFS  TPK: -38.2 -38.5 dBFS
[Parsed_ebur128_0 @ 000002953cad16c0] t: 1.899969   TARGET:-23 LUFS    M: -51.0 S:-120.7     I: -51.5 LUFS       LRA:   0.0 LU  FTPK: -42.4 -42.6 dBFS  TPK: -38.2 -38.5 dBFS
[Parsed_ebur128_0 @ 000002953cad16c0] t: 1.999969   TARGET:-23 LUFS    M: -49.4 S:-120.7     I: -51.3 LUFS       LRA:   0.0 LU  FTPK: -35.4 -35.2 dBFS  TPK: -35.4 -35.2 dBFS
[Parsed_ebur128_0 @ 000002953cad16c0] t: 2.099969   TARGET:-23 LUFS    M: -48.9 S:-120.7     I: -51.2 LUFS       LRA:   0.0 LU  FTPK: -39.9 -39.9 dBFS  TPK: -35.4 -35.2 dBFS
[Parsed_ebur128_0 @ 000002953cad16c0] t: 2.199969   TARGET:-23 LUFS    M: -42.1 S:-120.7     I: -49.8 LUFS       LRA:   0.0 LU  FTPK: -19.7 -19.3 dBFS  TPK: -19.7 -19.3 dBFS
[Parsed_ebur128_0 @ 000002953cad16c0] t: 2.299969   TARGET:-23 LUFS    M: -42.1 S:-120.7     I: -48.8 LUFS       LRA:   0.0 LU  FTPK: -41.5 -41.4 dBFS  TPK: -19.7 -19.3 dBFS
[Parsed_ebur128_0 @ 000002953cad16c0] t: 2.399969   TARGET:-23 LUFS    M: -42.2 S:-120.7     I: -48.2 LUFS       LRA:   0.0 LU  FTPK: -38.9 -38.8 dBFS  TPK: -19.7 -19.3 dBFS
[Parsed_ebur128_0 @ 000002953cad16c0] t: 2.499969   TARGET:-23 LUFS    M: -42.2 S:-120.7     I: -47.6 LUFS       LRA:   0.0 LU  FTPK: -43.7 -43.6 dBFS  TPK: -19.7 -19.3 dBFS
[Parsed_ebur128_0 @ 000002953cad16c0] t: 2.599969   TARGET:-23 LUFS    M: -49.6 S:-120.7     I: -47.7 LUFS       LRA:   0.0 LU  FTPK: -44.2 -43.6 dBFS  TPK: -19.7 -19.3 dBFS
[Parsed_ebur128_0 @ 000002953cad16c0] t: 2.699969   TARGET:-23 LUFS    M: -50.1 S:-120.7     I: -47.8 LUFS       LRA:   0.0 LU  FTPK: -44.8 -44.6 dBFS  TPK: -19.7 -19.3 dBFS
[Parsed_ebur128_0 @ 000002953cad16c0] t: 2.799969   TARGET:-23 LUFS    M: -51.3 S:-120.7     I: -47.9 LUFS       LRA:   0.0 LU  FTPK: -43.5 -43.9 dBFS  TPK: -19.7 -19.3 dBFS
[Parsed_ebur128_0 @ 000002953cad16c0] t: 2.899969   TARGET:-23 LUFS    M: -51.7 S:-120.7     I: -48.0 LUFS       LRA:   0.0 LU  FTPK: -43.9 -44.9 dBFS  TPK: -19.7 -19.3 dBFS
[Parsed_ebur128_0 @ 000002953cad16c0] t: 2.999969   TARGET:-23 LUFS    M: -52.0 S: -48.4     I: -48.1 LUFS       LRA:  20.0 LU  FTPK: -45.8 -45.7 dBFS  TPK: -19.7 -19.3 dBFS
[Parsed_ebur128_0 @ 000002953cad16c0] t: 3.099969   TARGET:-23 LUFS    M: -52.4 S: -48.3     I: -48.2 LUFS       LRA:  20.0 LU  FTPK: -45.5 -45.4 dBFS  TPK: -19.7 -19.3 dBFS
[Parsed_ebur128_0 @ 000002953cad16c0] t: 3.199969   TARGET:-23 LUFS    M: -52.7 S: -48.3     I: -48.3 LUFS       LRA:  20.0 LU  FTPK: -46.4 -46.9 dBFS  TPK: -19.7 -19.3 dBFS
[Parsed_ebur128_0 @ 000002953cad16c0] t: 3.299969   TARGET:-23 LUFS    M: -53.1 S: -48.3     I: -48.4 LUFS       LRA:  20.0 LU  FTPK: -46.8 -47.3 dBFS  TPK: -19.7 -19.3 dBFS
[Parsed_ebur128_0 @ 000002953cad16c0] t: 3.399969   TARGET:-23 LUFS    M: -53.3 S: -48.4     I: -48.4 LUFS       LRA:   0.0 LU  FTPK: -46.7 -46.5 dBFS  TPK: -19.7 -19.3 dBFS
[Parsed_ebur128_0 @ 000002953cad16c0] t: 3.499969   TARGET:-23 LUFS    M: -53.3 S: -48.4     I: -48.5 LUFS       LRA:   0.0 LU  FTPK: -46.1 -46.1 dBFS  TPK: -19.7 -19.3 dBFS
[Parsed_ebur128_0 @ 000002953cad16c0] t: 3.599969   TARGET:-23 LUFS    M: -53.3 S: -48.4     I: -48.6 LUFS       LRA:   0.0 LU  FTPK: -47.0 -46.6 dBFS  TPK: -19.7 -19.3 dBFS
[Parsed_ebur128_0 @ 000002953cad16c0] t: 3.699969   TARGET:-23 LUFS    M: -53.1 S: -48.4     I: -48.7 LUFS       LRA:   0.0 LU  FTPK: -46.9 -46.4 dBFS  TPK: -19.7 -19.3 dBFS
[Parsed_ebur128_0 @ 000002953cad16c0] t: 3.799969   TARGET:-23 LUFS    M: -52.9 S: -48.4     I: -48.8 LUFS       LRA:   0.0 LU  FTPK: -45.3 -45.4 dBFS  TPK: -19.7 -19.3 dBFS
[Parsed_ebur128_0 @ 000002953cad16c0] t: 3.899969   TARGET:-23 LUFS    M: -52.7 S: -48.4     I: -48.9 LUFS       LRA:   0.0 LU  FTPK: -44.5 -44.6 dBFS  TPK: -19.7 -19.3 dBFS
[Parsed_ebur128_0 @ 000002953cad16c0] t: 3.999969   TARGET:-23 LUFS    M: -52.5 S: -48.4     I: -48.9 LUFS       LRA:   0.0 LU  FTPK: -44.3 -44.1 dBFS  TPK: -19.7 -19.3 dBFS
[Parsed_ebur128_0 @ 000002953cad16c0] t: 4.099969   TARGET:-23 LUFS    M: -49.3 S: -48.3     I: -48.9 LUFS       LRA:   0.0 LU  FTPK: -31.8 -31.8 dBFS  TPK: -19.7 -19.3 dBFS
[Parsed_ebur128_0 @ 000002953cad16c0] t: 4.199969   TARGET:-23 LUFS    M: -49.1 S: -48.4     I: -48.9 LUFS       LRA:   0.0 LU  FTPK: -42.7 -42.7 dBFS  TPK: -19.7 -19.3 dBFS
[Parsed_ebur128_0 @ 000002953cad16c0] t: 4.299969   TARGET:-23 LUFS    M: -49.1 S: -48.3     I: -48.9 LUFS       LRA:   0.0 LU  FTPK: -43.5 -42.9 dBFS  TPK: -19.7 -19.3 dBFS
[Parsed_ebur128_0 @ 000002953cad16c0] t: 4.399969   TARGET:-23 LUFS    M: -49.2 S: -48.4     I: -49.0 LUFS       LRA:   0.0 LU  FTPK: -44.7 -44.8 dBFS  TPK: -19.7 -19.3 dBFS
[Parsed_ebur128_0 @ 000002953cad16c0] t: 4.499969   TARGET:-23 LUFS    M: -52.3 S: -48.3     I: -49.0 LUFS       LRA:   0.0 LU  FTPK: -45.8 -46.6 dBFS  TPK: -19.7 -19.3 dBFS
[Parsed_ebur128_0 @ 000002953cad16c0] t: 4.599969   TARGET:-23 LUFS    M: -52.8 S: -48.3     I: -49.1 LUFS       LRA:   0.0 LU  FTPK: -46.2 -46.6 dBFS  TPK: -19.7 -19.3 dBFS
[Parsed_ebur128_0 @ 000002953cad16c0] t: 4.699969   TARGET:-23 LUFS    M: -53.2 S: -48.4     I: -49.1 LUFS       LRA:   0.0 LU  FTPK: -46.2 -45.7 dBFS  TPK: -19.7 -19.3 dBFS
[Parsed_ebur128_0 @ 000002953cad16c0] t: 4.799969   TARGET:-23 LUFS    M: -53.2 S: -48.4     I: -49.2 LUFS       LRA:   0.0 LU  FTPK: -46.3 -46.1 dBFS  TPK: -19.7 -19.3 dBFS
[Parsed_ebur128_0 @ 000002953cad16c0] t: 4.899969   TARGET:-23 LUFS    M: -53.1 S: -48.5     I: -49.2 LUFS       LRA:   0.1 LU  FTPK: -43.4 -44.2 dBFS  TPK: -19.7 -19.3 dBFS
[Parsed_ebur128_0 @ 000002953cad16c0] t: 4.999969   TARGET:-23 LUFS    M: -46.6 S: -48.0     I: -49.2 LUFS       LRA:   0.1 LU  FTPK: -25.3 -24.9 dBFS  TPK: -19.7 -19.3 dBFS
[Parsed_ebur128_0 @ 000002953cad16c0] t: 5.099969   TARGET:-23 LUFS    M: -45.9 S: -47.9     I: -49.1 LUFS       LRA:   0.4 LU  FTPK: -31.5 -31.6 dBFS  TPK: -19.7 -19.3 dBFS
[Parsed_ebur128_0 @ 000002953cad16c0] t: 5.199969   TARGET:-23 LUFS    M: -45.6 S: -50.0     I: -49.0 LUFS       LRA:   0.5 LU  FTPK: -38.7 -38.1 dBFS  TPK: -19.7 -19.3 dBFS
[Parsed_ebur128_0 @ 000002953cad16c0] t: 5.299969   TARGET:-23 LUFS    M: -45.6 S: -50.1     I: -48.9 LUFS       LRA:   2.1 LU  FTPK: -43.8 -44.1 dBFS  TPK: -19.7 -19.3 dBFS
[Parsed_ebur128_0 @ 000002953cad16c0] t: 5.399969   TARGET:-23 LUFS    M: -49.9 S: -50.3     I: -48.9 LUFS       LRA:   2.1 LU  FTPK: -47.1 -46.6 dBFS  TPK: -19.7 -19.3 dBFS
[Parsed_ebur128_0 @ 000002953cad16c0] t: 5.499969   TARGET:-23 LUFS    M: -51.8 S: -50.4     I: -48.9 LUFS       LRA:   2.2 LU  FTPK: -46.2 -46.1 dBFS  TPK: -19.7 -19.3 dBFS
[Parsed_ebur128_0 @ 000002953cad16c0] t: 5.599969   TARGET:-23 LUFS    M: -53.0 S: -50.4     I: -49.0 LUFS       LRA:   2.4 LU  FTPK: -46.6 -46.7 dBFS  TPK: -19.7 -19.3 dBFS
[Parsed_ebur128_0 @ 000002953cad16c0] t: 5.699969   TARGET:-23 LUFS    M: -53.2 S: -50.4     I: -49.0 LUFS       LRA:   2.4 LU  FTPK: -45.0 -45.5 dBFS  TPK: -19.7 -19.3 dBFS
[Parsed_ebur128_0 @ 000002953cad16c0] t: 5.799969   TARGET:-23 LUFS    M: -53.3 S: -50.5     I: -49.1 LUFS       LRA:   2.5 LU  FTPK: -45.7 -45.7 dBFS  TPK: -19.7 -19.3 dBFS
[Parsed_ebur128_0 @ 000002953cad16c0] t: 5.899969   TARGET:-23 LUFS    M: -53.3 S: -50.5     I: -49.1 LUFS       LRA:   2.5 LU  FTPK: -45.8 -45.8 dBFS  TPK: -19.7 -19.3 dBFS
[Parsed_ebur128_0 @ 000002953cad16c0] t: 5.999969   TARGET:-23 LUFS    M: -53.1 S: -50.5     I: -49.2 LUFS       LRA:   2.2 LU  FTPK: -43.9 -44.0 dBFS  TPK: -19.7 -19.3 dBFS
[Parsed_ebur128_0 @ 000002953cad16c0] t: 6.099969   TARGET:-23 LUFS    M: -47.8 S: -49.8     I: -49.1 LUFS       LRA:   2.2 LU  FTPK: -31.8 -31.9 dBFS  TPK: -19.7 -19.3 dBFS
[Parsed_ebur128_0 @ 000002953cad16c0] t: 6.199969   TARGET:-23 LUFS    M: -47.6 S: -49.8     I: -49.1 LUFS       LRA:   2.2 LU  FTPK: -42.4 -42.5 dBFS  TPK: -19.7 -19.3 dBFS
[Parsed_ebur128_0 @ 000002953cad16c0] t: 6.299969   TARGET:-23 LUFS    M: -47.5 S: -49.8     I: -49.1 LUFS       LRA:   2.2 LU  FTPK: -40.4 -40.3 dBFS  TPK: -19.7 -19.3 dBFS
[Parsed_ebur128_0 @ 000002953cad16c0] t: 6.399969   TARGET:-23 LUFS    M: -24.8 S: -33.5     I: -38.9 LUFS       LRA:   2.5 LU  FTPK:  -7.3  -7.4 dBFS  TPK:  -7.3  -7.4 dBFS
[Parsed_ebur128_0 @ 000002953cad16c0] t: 6.499969   TARGET:-23 LUFS    M: -21.3 S: -30.0     I: -29.6 LUFS       LRA:   2.6 LU  FTPK:  -7.3  -7.6 dBFS  TPK:  -7.3  -7.4 dBFS
[Parsed_ebur128_0 @ 000002953cad16c0] t: 6.599969   TARGET:-23 LUFS    M: -20.3 S: -29.1     I: -25.4 LUFS       LRA:  16.9 LU  FTPK: -12.2 -12.2 dBFS  TPK:  -7.3  -7.4 dBFS
[Parsed_ebur128_0 @ 000002953cad16c0] t: 6.699969   TARGET:-23 LUFS    M: -19.3 S: -28.0     I: -24.0 LUFS       LRA:  20.5 LU  FTPK: -10.7 -10.7 dBFS  TPK:  -7.3  -7.4 dBFS
[Parsed_ebur128_0 @ 000002953cad16c0] t: 6.799969   TARGET:-23 LUFS    M: -16.5 S: -24.6     I: -19.7 LUFS       LRA:  21.4 LU  FTPK:  -4.9  -4.9 dBFS  TPK:  -4.9  -4.9 dBFS
[Parsed_ebur128_0 @ 000002953cad16c0] t: 6.899969   TARGET:-23 LUFS    M: -15.8 S: -23.4     I: -18.7 LUFS       LRA:  22.4 LU  FTPK:  -5.8  -5.9 dBFS  TPK:  -4.9  -4.9 dBFS
[Parsed_ebur128_0 @ 000002953cad16c0] t: 6.999969   TARGET:-23 LUFS    M: -16.0 S: -23.3     I: -18.2 LUFS       LRA:  25.8 LU  FTPK: -13.1 -13.0 dBFS  TPK:  -4.9  -4.9 dBFS
[Parsed_ebur128_0 @ 000002953cad16c0] t: 7.099969   TARGET:-23 LUFS    M: -15.9 S: -23.0     I: -17.8 LUFS       LRA:  27.0 LU  FTPK: -10.4 -10.3 dBFS  TPK:  -4.9  -4.9 dBFS
[Parsed_ebur128_0 @ 000002953cad16c0] t: 7.199969   TARGET:-23 LUFS    M: -18.7 S: -22.8     I: -17.9 LUFS       LRA:  27.1 LU  FTPK: -14.4 -14.2 dBFS  TPK:  -4.9  -4.9 dBFS
[Parsed_ebur128_0 @ 000002953cad16c0] t: 7.299969   TARGET:-23 LUFS    M: -19.7 S: -22.2     I: -18.1 LUFS       LRA:  27.4 LU  FTPK:  -7.7  -7.9 dBFS  TPK:  -4.9  -4.9 dBFS
[Parsed_ebur128_0 @ 000002953cad16c0] t: 7.399969   TARGET:-23 LUFS    M: -19.1 S: -22.0     I: -18.2 LUFS       LRA:  27.6 LU  FTPK:  -7.9  -7.9 dBFS  TPK:  -4.9  -4.9 dBFS
[Parsed_ebur128_0 @ 000002953cad16c0] t: 7.499969   TARGET:-23 LUFS    M: -17.9 S: -21.4     I: -18.1 LUFS       LRA:  26.2 LU  FTPK:  -5.5  -5.8 dBFS  TPK:  -4.9  -4.9 dBFS
[Parsed_ebur128_0 @ 000002953cad16c0] t: 7.599969   TARGET:-23 LUFS    M: -16.4 S: -20.8     I: -18.0 LUFS       LRA:  26.3 LU  FTPK:  -5.9  -5.9 dBFS  TPK:  -4.9  -4.9 dBFS
[Parsed_ebur128_0 @ 000002953cad16c0] t: 7.699969   TARGET:-23 LUFS    M: -17.5 S: -20.8     I: -17.9 LUFS       LRA:  26.9 LU  FTPK: -10.0  -9.9 dBFS  TPK:  -4.9  -4.9 dBFS
[Parsed_ebur128_0 @ 000002953cad16c0] t: 7.799969   TARGET:-23 LUFS    M: -18.1 S: -20.8     I: -17.9 LUFS       LRA:  27.5 LU  FTPK: -29.8 -29.6 dBFS  TPK:  -4.9  -4.9 dBFS
[Parsed_ebur128_0 @ 000002953cad16c0] t: 7.899969   TARGET:-23 LUFS    M: -20.6 S: -20.8     I: -18.1 LUFS       LRA:  12.7 LU  FTPK: -43.1 -42.9 dBFS  TPK:  -4.9  -4.9 dBFS
[Parsed_ebur128_0 @ 000002953cad16c0] t: 7.999969   TARGET:-23 LUFS    M: -33.0 S: -20.8     I: -18.3 LUFS       LRA:   9.2 LU  FTPK: -48.5 -48.3 dBFS  TPK:  -4.9  -4.9 dBFS
[Parsed_ebur128_0 @ 000002953cad16c0] Summary:

  Integrated loudness:
    I:         -18.3 LUFS
    Threshold: -34.9 LUFS

  Loudness range:
    LRA:         9.2 LU
    Threshold: -47.6 LUFS
    LRA low:   -30.0 LUFS
    LRA high:  -20.8 LUFS

  True peak:
    Peak:       -4.9 dBFS
[out#0/null @ 000002953e550d40] video:0KiB audio:1000KiB subtitle:0KiB other streams:0KiB global headers:0KiB muxing overhead: unknown
size=N/A time=00:00:08.00 bitrate=N/A speed= 373x elapsed=0:00:00.02    
