Input #0, mov,mp4,m4a,3gp,3g2,mj2, from 'C:\Users\jeffr\Documents\ComfyUI\vram-recipe-lab\outputs\h3_unconditioned_music_scene_seed42_f192_out_00001_.mp4':
  Metadata:
    major_brand     : isom
    minor_version   : 512
    compatible_brands: isomiso2avc1mp41
    encoder         : Lavf62.3.100
  Duration: 00:00:08.00, start: 0.000000, bitrate: 1734 kb/s
  Stream #0:0[0x1](und): Video: h264 (High) (avc1 / 0x31637661), yuv420p(progressive), 1344x768, 1595 kb/s, 24 fps, 24 tbr, 12288 tbn (default)
    Metadata:
      handler_name    : VideoHandler
      vendor_id       : [0][0][0][0]
  Stream #0:1[0x2](und): Audio: aac (LC) (mp4a / 0x6134706D), 32000 Hz, stereo, fltp, 130 kb/s (default)
    Metadata:
      handler_name    : SoundHandler
      vendor_id       : [0][0][0][0]
Stream mapping:
  Stream #0:1 -> #0:0 (aac (native) -> pcm_s16le (native))
Press [q] to stop, [?] for help
Output #0, null, to 'NUL':
  Metadata:
    major_brand     : isom
    minor_version   : 512
    compatible_brands: isomiso2avc1mp41
    encoder         : Lavf62.3.100
  Stream #0:0(und): Audio: pcm_s16le, 32000 Hz, stereo, s16, 1024 kb/s (default)
    Metadata:
      encoder         : Lavc62.11.100 pcm_s16le
      handler_name    : SoundHandler
      vendor_id       : [0][0][0][0]
[silencedetect @ 00000230a2d72b00] silence_start: 0
[silencedetect @ 00000230a2d72b00] silence_end: 1.125687 | silence_duration: 1.125687
[silencedetect @ 00000230a2d72b00] silence_start: 1.133469
[silencedetect @ 00000230a2d72b00] silence_end: 1.907656 | silence_duration: 0.774188
[silencedetect @ 00000230a2d72b00] silence_start: 2.324438
[silencedetect @ 00000230a2d72b00] silence_end: 4.071094 | silence_duration: 1.746656
[silencedetect @ 00000230a2d72b00] silence_start: 4.081688
[silencedetect @ 00000230a2d72b00] silence_end: 4.959375 | silence_duration: 0.877688
[silencedetect @ 00000230a2d72b00] silence_start: 5.101187
[silencedetect @ 00000230a2d72b00] silence_end: 6.033 | silence_duration: 0.931813
[silencedetect @ 00000230a2d72b00] silence_start: 6.069469
[silencedetect @ 00000230a2d72b00] silence_end: 6.346656 | silence_duration: 0.277188
[silencedetect @ 00000230a2d72b00] silence_start: 7.771375
[silencedetect @ 00000230a2d72b00] silence_end: 8 | silence_duration: 0.228625
[out#0/null @ 00000230a2dc0f00] video:0KiB audio:1000KiB subtitle:0KiB other streams:0KiB global headers:0KiB muxing overhead: unknown
size=N/A time=00:00:08.00 bitrate=N/A speed=1.74e+03x elapsed=0:00:00.00    
