Input #0, mov,mp4,m4a,3gp,3g2,mj2, from 'C:\Users\jeffr\Documents\ComfyUI\vram-recipe-lab\outputs\h3_music_followup_mood_bright_noir_seed42_f124_out_00001_.mp4':
  Metadata:
    major_brand     : isom
    minor_version   : 512
    compatible_brands: isomiso2avc1mp41
    encoder         : Lavf62.3.100
  Duration: 00:00:05.17, start: 0.000000, bitrate: 1944 kb/s
  Stream #0:0[0x1](und): Video: h264 (High) (avc1 / 0x31637661), yuv420p(progressive), 1344x768, 1808 kb/s, 24 fps, 24 tbr, 12288 tbn (default)
    Metadata:
      handler_name    : VideoHandler
      vendor_id       : [0][0][0][0]
  Stream #0:1[0x2](und): Audio: aac (LC) (mp4a / 0x6134706D), 32000 Hz, stereo, fltp, 127 kb/s (default)
    Metadata:
      handler_name    : SoundHandler
      vendor_id       : [0][0][0][0]
Stream mapping:
  Stream #0:0 -> #0:0 (h264 (native) -> wrapped_avframe (native))
Press [q] to stop, [?] for help
[Parsed_metadata_1 @ 00000188c569bc80] frame:0    pts:0       pts_time:0
[Parsed_metadata_1 @ 00000188c569bc80] lavfi.scene_score=0.000000
Output #0, null, to 'NUL':
  Metadata:
    major_brand     : isom
    minor_version   : 512
    compatible_brands: isomiso2avc1mp41
    encoder         : Lavf62.3.100
  Stream #0:0(und): Video: wrapped_avframe, yuv420p(progressive), 1344x768, q=2-31, 200 kb/s, 24 fps, 24 tbn (default)
    Metadata:
      encoder         : Lavc62.11.100 wrapped_avframe
      handler_name    : VideoHandler
      vendor_id       : [0][0][0][0]
[Parsed_metadata_1 @ 00000188c569bc80] frame:1    pts:512     pts_time:0.0416667
[Parsed_metadata_1 @ 00000188c569bc80] lavfi.scene_score=0.046759
[Parsed_metadata_1 @ 00000188c569bc80] frame:2    pts:1024    pts_time:0.0833333
[Parsed_metadata_1 @ 00000188c569bc80] lavfi.scene_score=0.004290
[Parsed_metadata_1 @ 00000188c569bc80] frame:3    pts:1536    pts_time:0.125
[Parsed_metadata_1 @ 00000188c569bc80] lavfi.scene_score=0.004855
[Parsed_metadata_1 @ 00000188c569bc80] frame:4    pts:2048    pts_time:0.166667
[Parsed_metadata_1 @ 00000188c569bc80] lavfi.scene_score=0.080080
[Parsed_metadata_1 @ 00000188c569bc80] frame:5    pts:2560    pts_time:0.208333
[Parsed_metadata_1 @ 00000188c569bc80] lavfi.scene_score=0.026559
[Parsed_metadata_1 @ 00000188c569bc80] frame:6    pts:3072    pts_time:0.25
[Parsed_metadata_1 @ 00000188c569bc80] lavfi.scene_score=0.002972
[Parsed_metadata_1 @ 00000188c569bc80] frame:7    pts:3584    pts_time:0.291667
[Parsed_metadata_1 @ 00000188c569bc80] lavfi.scene_score=0.006152
[Parsed_metadata_1 @ 00000188c569bc80] frame:8    pts:4096    pts_time:0.333333
[Parsed_metadata_1 @ 00000188c569bc80] lavfi.scene_score=0.086152
[Parsed_metadata_1 @ 00000188c569bc80] frame:9    pts:4608    pts_time:0.375
[Parsed_metadata_1 @ 00000188c569bc80] lavfi.scene_score=0.023768
[Parsed_metadata_1 @ 00000188c569bc80] frame:10   pts:5120    pts_time:0.416667
[Parsed_metadata_1 @ 00000188c569bc80] lavfi.scene_score=0.000711
[Parsed_metadata_1 @ 00000188c569bc80] frame:11   pts:5632    pts_time:0.458333
[Parsed_metadata_1 @ 00000188c569bc80] lavfi.scene_score=0.004964
[Parsed_metadata_1 @ 00000188c569bc80] frame:12   pts:6144    pts_time:0.5
[Parsed_metadata_1 @ 00000188c569bc80] lavfi.scene_score=0.097185
[Parsed_metadata_1 @ 00000188c569bc80] frame:13   pts:6656    pts_time:0.541667
[Parsed_metadata_1 @ 00000188c569bc80] lavfi.scene_score=0.027845
[Parsed_metadata_1 @ 00000188c569bc80] frame:14   pts:7168    pts_time:0.583333
[Parsed_metadata_1 @ 00000188c569bc80] lavfi.scene_score=0.002052
[Parsed_metadata_1 @ 00000188c569bc80] frame:15   pts:7680    pts_time:0.625
[Parsed_metadata_1 @ 00000188c569bc80] lavfi.scene_score=0.005481
[Parsed_metadata_1 @ 00000188c569bc80] frame:16   pts:8192    pts_time:0.666667
[Parsed_metadata_1 @ 00000188c569bc80] lavfi.scene_score=0.106486
[Parsed_metadata_1 @ 00000188c569bc80] frame:17   pts:8704    pts_time:0.708333
[Parsed_metadata_1 @ 00000188c569bc80] lavfi.scene_score=0.029057
[Parsed_metadata_1 @ 00000188c569bc80] frame:18   pts:9216    pts_time:0.75
[Parsed_metadata_1 @ 00000188c569bc80] lavfi.scene_score=0.003245
[Parsed_metadata_1 @ 00000188c569bc80] frame:19   pts:9728    pts_time:0.791667
[Parsed_metadata_1 @ 00000188c569bc80] lavfi.scene_score=0.006189
[Parsed_metadata_1 @ 00000188c569bc80] frame:20   pts:10240   pts_time:0.833333
[Parsed_metadata_1 @ 00000188c569bc80] lavfi.scene_score=0.121430
[Parsed_metadata_1 @ 00000188c569bc80] frame:21   pts:10752   pts_time:0.875
[Parsed_metadata_1 @ 00000188c569bc80] lavfi.scene_score=0.045411
[Parsed_metadata_1 @ 00000188c569bc80] frame:22   pts:11264   pts_time:0.916667
[Parsed_metadata_1 @ 00000188c569bc80] lavfi.scene_score=0.002487
[Parsed_metadata_1 @ 00000188c569bc80] frame:23   pts:11776   pts_time:0.958333
[Parsed_metadata_1 @ 00000188c569bc80] lavfi.scene_score=0.005961
[Parsed_metadata_1 @ 00000188c569bc80] frame:24   pts:12288   pts_time:1
[Parsed_metadata_1 @ 00000188c569bc80] lavfi.scene_score=0.129197
[Parsed_metadata_1 @ 00000188c569bc80] frame:25   pts:12800   pts_time:1.041667
[Parsed_metadata_1 @ 00000188c569bc80] lavfi.scene_score=0.048724
[Parsed_metadata_1 @ 00000188c569bc80] frame:26   pts:13312   pts_time:1.083333
[Parsed_metadata_1 @ 00000188c569bc80] lavfi.scene_score=0.006527
[Parsed_metadata_1 @ 00000188c569bc80] frame:27   pts:13824   pts_time:1.125
[Parsed_metadata_1 @ 00000188c569bc80] lavfi.scene_score=0.005692
[Parsed_metadata_1 @ 00000188c569bc80] frame:28   pts:14336   pts_time:1.166667
[Parsed_metadata_1 @ 00000188c569bc80] lavfi.scene_score=0.134914
[Parsed_metadata_1 @ 00000188c569bc80] frame:29   pts:14848   pts_time:1.208333
[Parsed_metadata_1 @ 00000188c569bc80] lavfi.scene_score=0.046895
[Parsed_metadata_1 @ 00000188c569bc80] frame:30   pts:15360   pts_time:1.25
[Parsed_metadata_1 @ 00000188c569bc80] lavfi.scene_score=0.002805
[Parsed_metadata_1 @ 00000188c569bc80] frame:31   pts:15872   pts_time:1.291667
[Parsed_metadata_1 @ 00000188c569bc80] lavfi.scene_score=0.006747
[Parsed_metadata_1 @ 00000188c569bc80] frame:32   pts:16384   pts_time:1.333333
[Parsed_metadata_1 @ 00000188c569bc80] lavfi.scene_score=0.139803
[Parsed_metadata_1 @ 00000188c569bc80] frame:33   pts:16896   pts_time:1.375
[Parsed_metadata_1 @ 00000188c569bc80] lavfi.scene_score=0.051807
[Parsed_metadata_1 @ 00000188c569bc80] frame:34   pts:17408   pts_time:1.416667
[Parsed_metadata_1 @ 00000188c569bc80] lavfi.scene_score=0.005371
[Parsed_metadata_1 @ 00000188c569bc80] frame:35   pts:17920   pts_time:1.458333
[Parsed_metadata_1 @ 00000188c569bc80] lavfi.scene_score=0.007019
[Parsed_metadata_1 @ 00000188c569bc80] frame:36   pts:18432   pts_time:1.5
[Parsed_metadata_1 @ 00000188c569bc80] lavfi.scene_score=0.137552
[Parsed_metadata_1 @ 00000188c569bc80] frame:37   pts:18944   pts_time:1.541667
[Parsed_metadata_1 @ 00000188c569bc80] lavfi.scene_score=0.035428
[Parsed_metadata_1 @ 00000188c569bc80] frame:38   pts:19456   pts_time:1.583333
[Parsed_metadata_1 @ 00000188c569bc80] lavfi.scene_score=0.012553
[Parsed_metadata_1 @ 00000188c569bc80] frame:39   pts:19968   pts_time:1.625
[Parsed_metadata_1 @ 00000188c569bc80] lavfi.scene_score=0.007800
[Parsed_metadata_1 @ 00000188c569bc80] frame:40   pts:20480   pts_time:1.666667
[Parsed_metadata_1 @ 00000188c569bc80] lavfi.scene_score=0.138668
[Parsed_metadata_1 @ 00000188c569bc80] frame:41   pts:20992   pts_time:1.708333
[Parsed_metadata_1 @ 00000188c569bc80] lavfi.scene_score=0.036371
[Parsed_metadata_1 @ 00000188c569bc80] frame:42   pts:21504   pts_time:1.75
[Parsed_metadata_1 @ 00000188c569bc80] lavfi.scene_score=0.011449
[Parsed_metadata_1 @ 00000188c569bc80] frame:43   pts:22016   pts_time:1.791667
[Parsed_metadata_1 @ 00000188c569bc80] lavfi.scene_score=0.007823
[Parsed_metadata_1 @ 00000188c569bc80] frame:44   pts:22528   pts_time:1.833333
[Parsed_metadata_1 @ 00000188c569bc80] lavfi.scene_score=0.144312
[Parsed_metadata_1 @ 00000188c569bc80] frame:45   pts:23040   pts_time:1.875
[Parsed_metadata_1 @ 00000188c569bc80] lavfi.scene_score=0.039342
[Parsed_metadata_1 @ 00000188c569bc80] frame:46   pts:23552   pts_time:1.916667
[Parsed_metadata_1 @ 00000188c569bc80] lavfi.scene_score=0.011300
[Parsed_metadata_1 @ 00000188c569bc80] frame:47   pts:24064   pts_time:1.958333
[Parsed_metadata_1 @ 00000188c569bc80] lavfi.scene_score=0.006774
[Parsed_metadata_1 @ 00000188c569bc80] frame:48   pts:24576   pts_time:2
[Parsed_metadata_1 @ 00000188c569bc80] lavfi.scene_score=0.142498
[Parsed_metadata_1 @ 00000188c569bc80] frame:49   pts:25088   pts_time:2.041667
[Parsed_metadata_1 @ 00000188c569bc80] lavfi.scene_score=0.044835
[Parsed_metadata_1 @ 00000188c569bc80] frame:50   pts:25600   pts_time:2.083333
[Parsed_metadata_1 @ 00000188c569bc80] lavfi.scene_score=0.014524
[Parsed_metadata_1 @ 00000188c569bc80] frame:51   pts:26112   pts_time:2.125
[Parsed_metadata_1 @ 00000188c569bc80] lavfi.scene_score=0.005652
[Parsed_metadata_1 @ 00000188c569bc80] frame:52   pts:26624   pts_time:2.166667
[Parsed_metadata_1 @ 00000188c569bc80] lavfi.scene_score=0.128206
[Parsed_metadata_1 @ 00000188c569bc80] frame:53   pts:27136   pts_time:2.208333
[Parsed_metadata_1 @ 00000188c569bc80] lavfi.scene_score=0.038697
[Parsed_metadata_1 @ 00000188c569bc80] frame:54   pts:27648   pts_time:2.25
[Parsed_metadata_1 @ 00000188c569bc80] lavfi.scene_score=0.006696
[Parsed_metadata_1 @ 00000188c569bc80] frame:55   pts:28160   pts_time:2.291667
[Parsed_metadata_1 @ 00000188c569bc80] lavfi.scene_score=0.001470
[Parsed_metadata_1 @ 00000188c569bc80] frame:56   pts:28672   pts_time:2.333333
[Parsed_metadata_1 @ 00000188c569bc80] lavfi.scene_score=0.134256
[Parsed_metadata_1 @ 00000188c569bc80] frame:57   pts:29184   pts_time:2.375
[Parsed_metadata_1 @ 00000188c569bc80] lavfi.scene_score=0.029999
[Parsed_metadata_1 @ 00000188c569bc80] frame:58   pts:29696   pts_time:2.416667
[Parsed_metadata_1 @ 00000188c569bc80] lavfi.scene_score=0.006428
[Parsed_metadata_1 @ 00000188c569bc80] frame:59   pts:30208   pts_time:2.458333
[Parsed_metadata_1 @ 00000188c569bc80] lavfi.scene_score=0.001464
[Parsed_metadata_1 @ 00000188c569bc80] frame:60   pts:30720   pts_time:2.5
[Parsed_metadata_1 @ 00000188c569bc80] lavfi.scene_score=0.145139
[Parsed_metadata_1 @ 00000188c569bc80] frame:61   pts:31232   pts_time:2.541667
[Parsed_metadata_1 @ 00000188c569bc80] lavfi.scene_score=0.036119
[Parsed_metadata_1 @ 00000188c569bc80] frame:62   pts:31744   pts_time:2.583333
[Parsed_metadata_1 @ 00000188c569bc80] lavfi.scene_score=0.005086
[Parsed_metadata_1 @ 00000188c569bc80] frame:63   pts:32256   pts_time:2.625
[Parsed_metadata_1 @ 00000188c569bc80] lavfi.scene_score=0.001605
[Parsed_metadata_1 @ 00000188c569bc80] frame:64   pts:32768   pts_time:2.666667
[Parsed_metadata_1 @ 00000188c569bc80] lavfi.scene_score=0.151036
[Parsed_metadata_1 @ 00000188c569bc80] frame:65   pts:33280   pts_time:2.708333
[Parsed_metadata_1 @ 00000188c569bc80] lavfi.scene_score=0.042813
[Parsed_metadata_1 @ 00000188c569bc80] frame:66   pts:33792   pts_time:2.75
[Parsed_metadata_1 @ 00000188c569bc80] lavfi.scene_score=0.002961
[Parsed_metadata_1 @ 00000188c569bc80] frame:67   pts:34304   pts_time:2.791667
[Parsed_metadata_1 @ 00000188c569bc80] lavfi.scene_score=0.001560
[Parsed_metadata_1 @ 00000188c569bc80] frame:68   pts:34816   pts_time:2.833333
[Parsed_metadata_1 @ 00000188c569bc80] lavfi.scene_score=0.161017
[Parsed_metadata_1 @ 00000188c569bc80] frame:69   pts:35328   pts_time:2.875
[Parsed_metadata_1 @ 00000188c569bc80] lavfi.scene_score=0.042409
[Parsed_metadata_1 @ 00000188c569bc80] frame:70   pts:35840   pts_time:2.916667
[Parsed_metadata_1 @ 00000188c569bc80] lavfi.scene_score=0.002609
[Parsed_metadata_1 @ 00000188c569bc80] frame:71   pts:36352   pts_time:2.958333
[Parsed_metadata_1 @ 00000188c569bc80] lavfi.scene_score=0.005693
[Parsed_metadata_1 @ 00000188c569bc80] frame:72   pts:36864   pts_time:3
[Parsed_metadata_1 @ 00000188c569bc80] lavfi.scene_score=0.166143
[Parsed_metadata_1 @ 00000188c569bc80] frame:73   pts:37376   pts_time:3.041667
[Parsed_metadata_1 @ 00000188c569bc80] lavfi.scene_score=0.041746
[Parsed_metadata_1 @ 00000188c569bc80] frame:74   pts:37888   pts_time:3.083333
[Parsed_metadata_1 @ 00000188c569bc80] lavfi.scene_score=0.001794
[Parsed_metadata_1 @ 00000188c569bc80] frame:75   pts:38400   pts_time:3.125
[Parsed_metadata_1 @ 00000188c569bc80] lavfi.scene_score=0.007633
[Parsed_metadata_1 @ 00000188c569bc80] frame:76   pts:38912   pts_time:3.166667
[Parsed_metadata_1 @ 00000188c569bc80] lavfi.scene_score=0.173849
[Parsed_metadata_1 @ 00000188c569bc80] frame:77   pts:39424   pts_time:3.208333
[Parsed_metadata_1 @ 00000188c569bc80] lavfi.scene_score=0.051658
[Parsed_metadata_1 @ 00000188c569bc80] frame:78   pts:39936   pts_time:3.25
[Parsed_metadata_1 @ 00000188c569bc80] lavfi.scene_score=0.001038
[Parsed_metadata_1 @ 00000188c569bc80] frame:79   pts:40448   pts_time:3.291667
[Parsed_metadata_1 @ 00000188c569bc80] lavfi.scene_score=0.006662
[Parsed_metadata_1 @ 00000188c569bc80] frame:80   pts:40960   pts_time:3.333333
[Parsed_metadata_1 @ 00000188c569bc80] lavfi.scene_score=0.171937
[Parsed_metadata_1 @ 00000188c569bc80] frame:81   pts:41472   pts_time:3.375
[Parsed_metadata_1 @ 00000188c569bc80] lavfi.scene_score=0.049195
[Parsed_metadata_1 @ 00000188c569bc80] frame:82   pts:41984   pts_time:3.416667
[Parsed_metadata_1 @ 00000188c569bc80] lavfi.scene_score=0.002366
[Parsed_metadata_1 @ 00000188c569bc80] frame:83   pts:42496   pts_time:3.458333
[Parsed_metadata_1 @ 00000188c569bc80] lavfi.scene_score=0.006314
[Parsed_metadata_1 @ 00000188c569bc80] frame:84   pts:43008   pts_time:3.5
[Parsed_metadata_1 @ 00000188c569bc80] lavfi.scene_score=0.163036
[Parsed_metadata_1 @ 00000188c569bc80] frame:85   pts:43520   pts_time:3.541667
[Parsed_metadata_1 @ 00000188c569bc80] lavfi.scene_score=0.053011
[Parsed_metadata_1 @ 00000188c569bc80] frame:86   pts:44032   pts_time:3.583333
[Parsed_metadata_1 @ 00000188c569bc80] lavfi.scene_score=0.005415
[Parsed_metadata_1 @ 00000188c569bc80] frame:87   pts:44544   pts_time:3.625
[Parsed_metadata_1 @ 00000188c569bc80] lavfi.scene_score=0.004627
[Parsed_metadata_1 @ 00000188c569bc80] frame:88   pts:45056   pts_time:3.666667
[Parsed_metadata_1 @ 00000188c569bc80] lavfi.scene_score=0.150479
[Parsed_metadata_1 @ 00000188c569bc80] frame:89   pts:45568   pts_time:3.708333
[Parsed_metadata_1 @ 00000188c569bc80] lavfi.scene_score=0.062411
[Parsed_metadata_1 @ 00000188c569bc80] frame:90   pts:46080   pts_time:3.75
[Parsed_metadata_1 @ 00000188c569bc80] lavfi.scene_score=0.000171
[Parsed_metadata_1 @ 00000188c569bc80] frame:91   pts:46592   pts_time:3.791667
[Parsed_metadata_1 @ 00000188c569bc80] lavfi.scene_score=0.006020
[Parsed_metadata_1 @ 00000188c569bc80] frame:92   pts:47104   pts_time:3.833333
[Parsed_metadata_1 @ 00000188c569bc80] lavfi.scene_score=0.133486
[Parsed_metadata_1 @ 00000188c569bc80] frame:93   pts:47616   pts_time:3.875
[Parsed_metadata_1 @ 00000188c569bc80] lavfi.scene_score=0.049976
[Parsed_metadata_1 @ 00000188c569bc80] frame:94   pts:48128   pts_time:3.916667
[Parsed_metadata_1 @ 00000188c569bc80] lavfi.scene_score=0.004141
[Parsed_metadata_1 @ 00000188c569bc80] frame:95   pts:48640   pts_time:3.958333
[Parsed_metadata_1 @ 00000188c569bc80] lavfi.scene_score=0.006672
[Parsed_metadata_1 @ 00000188c569bc80] frame:96   pts:49152   pts_time:4
[Parsed_metadata_1 @ 00000188c569bc80] lavfi.scene_score=0.138297
[Parsed_metadata_1 @ 00000188c569bc80] frame:97   pts:49664   pts_time:4.041667
[Parsed_metadata_1 @ 00000188c569bc80] lavfi.scene_score=0.053905
[Parsed_metadata_1 @ 00000188c569bc80] frame:98   pts:50176   pts_time:4.083333
[Parsed_metadata_1 @ 00000188c569bc80] lavfi.scene_score=0.001080
[Parsed_metadata_1 @ 00000188c569bc80] frame:99   pts:50688   pts_time:4.125
[Parsed_metadata_1 @ 00000188c569bc80] lavfi.scene_score=0.005451
[Parsed_metadata_1 @ 00000188c569bc80] frame:100  pts:51200   pts_time:4.166667
[Parsed_metadata_1 @ 00000188c569bc80] lavfi.scene_score=0.137412
[Parsed_metadata_1 @ 00000188c569bc80] frame:101  pts:51712   pts_time:4.208333
[Parsed_metadata_1 @ 00000188c569bc80] lavfi.scene_score=0.056529
[Parsed_metadata_1 @ 00000188c569bc80] frame:102  pts:52224   pts_time:4.25
[Parsed_metadata_1 @ 00000188c569bc80] lavfi.scene_score=0.003567
[Parsed_metadata_1 @ 00000188c569bc80] frame:103  pts:52736   pts_time:4.291667
[Parsed_metadata_1 @ 00000188c569bc80] lavfi.scene_score=0.008144
[Parsed_metadata_1 @ 00000188c569bc80] frame:104  pts:53248   pts_time:4.333333
[Parsed_metadata_1 @ 00000188c569bc80] lavfi.scene_score=0.115257
[Parsed_metadata_1 @ 00000188c569bc80] frame:105  pts:53760   pts_time:4.375
[Parsed_metadata_1 @ 00000188c569bc80] lavfi.scene_score=0.043023
[Parsed_metadata_1 @ 00000188c569bc80] frame:106  pts:54272   pts_time:4.416667
[Parsed_metadata_1 @ 00000188c569bc80] lavfi.scene_score=0.012923
[Parsed_metadata_1 @ 00000188c569bc80] frame:107  pts:54784   pts_time:4.458333
[Parsed_metadata_1 @ 00000188c569bc80] lavfi.scene_score=0.009897
[Parsed_metadata_1 @ 00000188c569bc80] frame:108  pts:55296   pts_time:4.5
[Parsed_metadata_1 @ 00000188c569bc80] lavfi.scene_score=0.099257
[Parsed_metadata_1 @ 00000188c569bc80] frame:109  pts:55808   pts_time:4.541667
[Parsed_metadata_1 @ 00000188c569bc80] lavfi.scene_score=0.039651
[Parsed_metadata_1 @ 00000188c569bc80] frame:110  pts:56320   pts_time:4.583333
[Parsed_metadata_1 @ 00000188c569bc80] lavfi.scene_score=0.010536
[Parsed_metadata_1 @ 00000188c569bc80] frame:111  pts:56832   pts_time:4.625
[Parsed_metadata_1 @ 00000188c569bc80] lavfi.scene_score=0.009327
[Parsed_metadata_1 @ 00000188c569bc80] frame:112  pts:57344   pts_time:4.666667
[Parsed_metadata_1 @ 00000188c569bc80] lavfi.scene_score=0.087108
[Parsed_metadata_1 @ 00000188c569bc80] frame:113  pts:57856   pts_time:4.708333
[Parsed_metadata_1 @ 00000188c569bc80] lavfi.scene_score=0.036309
[Parsed_metadata_1 @ 00000188c569bc80] frame:114  pts:58368   pts_time:4.75
[Parsed_metadata_1 @ 00000188c569bc80] lavfi.scene_score=0.006117
[Parsed_metadata_1 @ 00000188c569bc80] frame:115  pts:58880   pts_time:4.791667
[Parsed_metadata_1 @ 00000188c569bc80] lavfi.scene_score=0.008577
[Parsed_metadata_1 @ 00000188c569bc80] frame:116  pts:59392   pts_time:4.833333
[Parsed_metadata_1 @ 00000188c569bc80] lavfi.scene_score=0.085920
[Parsed_metadata_1 @ 00000188c569bc80] frame:117  pts:59904   pts_time:4.875
[Parsed_metadata_1 @ 00000188c569bc80] lavfi.scene_score=0.037248
[Parsed_metadata_1 @ 00000188c569bc80] frame:118  pts:60416   pts_time:4.916667
[Parsed_metadata_1 @ 00000188c569bc80] lavfi.scene_score=0.007803
[Parsed_metadata_1 @ 00000188c569bc80] frame:119  pts:60928   pts_time:4.958333
[Parsed_metadata_1 @ 00000188c569bc80] lavfi.scene_score=0.006881
[Parsed_metadata_1 @ 00000188c569bc80] frame:120  pts:61440   pts_time:5
[Parsed_metadata_1 @ 00000188c569bc80] lavfi.scene_score=0.074891
[Parsed_metadata_1 @ 00000188c569bc80] frame:121  pts:61952   pts_time:5.041667
[Parsed_metadata_1 @ 00000188c569bc80] lavfi.scene_score=0.031141
[Parsed_metadata_1 @ 00000188c569bc80] frame:122  pts:62464   pts_time:5.083333
[Parsed_metadata_1 @ 00000188c569bc80] lavfi.scene_score=0.006397
[Parsed_metadata_1 @ 00000188c569bc80] frame:123  pts:62976   pts_time:5.125
[Parsed_metadata_1 @ 00000188c569bc80] lavfi.scene_score=0.003809
[out#0/null @ 00000188c4f6d9c0] video:50KiB audio:0KiB subtitle:0KiB other streams:0KiB global headers:0KiB muxing overhead: unknown
frame=  124 fps=0.0 q=-0.0 Lsize=N/A time=00:00:05.16 bitrate=N/A speed= 129x elapsed=0:00:00.04    
