Input #0, mov,mp4,m4a,3gp,3g2,mj2, from 'C:\Users\jeffr\Documents\ComfyUI\vram-recipe-lab\outputs\h3_music_followup_mood_bright_noir_seed42_f124_out_00001_.mp4':
  Metadata:
    major_brand     : isom
    minor_version   : 512
    compatible_brands: isomiso2avc1mp41
    encoder         : Lavf62.3.100
  Duration: 00:00:05.17, start: 0.000000, bitrate: 1944 kb/s
  Stream #0:0[0x1](und): Video: h264 (High) (avc1 / 0x31637661), yuv420p(progressive), 1344x768, 1808 kb/s, 24 fps, 24 tbr, 12288 tbn (default)
    Metadata:
      handler_name    : VideoHandler
      vendor_id       : [0][0][0][0]
  Stream #0:1[0x2](und): Audio: aac (LC) (mp4a / 0x6134706D), 32000 Hz, stereo, fltp, 127 kb/s (default)
    Metadata:
      handler_name    : SoundHandler
      vendor_id       : [0][0][0][0]
Stream mapping:
  Stream #0:1 -> #0:0 (aac (native) -> pcm_s16le (native))
Press [q] to stop, [?] for help
Output #0, null, to 'NUL':
  Metadata:
    major_brand     : isom
    minor_version   : 512
    compatible_brands: isomiso2avc1mp41
    encoder         : Lavf62.3.100
  Stream #0:0(und): Audio: pcm_s16le, 32000 Hz, stereo, s16, 1024 kb/s (default)
    Metadata:
      encoder         : Lavc62.11.100 pcm_s16le
      handler_name    : SoundHandler
      vendor_id       : [0][0][0][0]
[Parsed_astats_0 @ 000001f879681900] Channel: 1
[Parsed_astats_0 @ 000001f879681900] DC offset: 0.000005
[Parsed_astats_0 @ 000001f879681900] Min level: -0.078612
[Parsed_astats_0 @ 000001f879681900] Max level: 0.069697
[Parsed_astats_0 @ 000001f879681900] Min difference: 0.000000
[Parsed_astats_0 @ 000001f879681900] Max difference: 0.017149
[Parsed_astats_0 @ 000001f879681900] Mean difference: 0.002131
[Parsed_astats_0 @ 000001f879681900] RMS difference: 0.003135
[Parsed_astats_0 @ 000001f879681900] Peak level dB: -22.090169
[Parsed_astats_0 @ 000001f879681900] RMS level dB: -36.729963
[Parsed_astats_0 @ 000001f879681900] RMS peak dB: -32.580173
[Parsed_astats_0 @ 000001f879681900] RMS through dB: -57.751407
[Parsed_astats_0 @ 000001f879681900] Crest factor: 5.394978
[Parsed_astats_0 @ 000001f879681900] Flat factor: 0.000000
[Parsed_astats_0 @ 000001f879681900] Peak count: 2
[Parsed_astats_0 @ 000001f879681900] Abs Peak count: 1
[Parsed_astats_0 @ 000001f879681900] Noise floor dB: -48.031958
[Parsed_astats_0 @ 000001f879681900] Noise floor count: 220
[Parsed_astats_0 @ 000001f879681900] Entropy: 0.599594
[Parsed_astats_0 @ 000001f879681900] Bit depth: 28/32/32/32
[Parsed_astats_0 @ 000001f879681900] Dynamic range: 145.625056
[Parsed_astats_0 @ 000001f879681900] Zero crossings: 10253
[Parsed_astats_0 @ 000001f879681900] Zero crossings rate: 0.061807
[Parsed_astats_0 @ 000001f879681900] Number of NaNs: 0
[Parsed_astats_0 @ 000001f879681900] Number of Infs: 0
[Parsed_astats_0 @ 000001f879681900] Number of denormals: 0
[Parsed_astats_0 @ 000001f879681900] Channel: 2
[Parsed_astats_0 @ 000001f879681900] DC offset: 0.000008
[Parsed_astats_0 @ 000001f879681900] Min level: -0.082133
[Parsed_astats_0 @ 000001f879681900] Max level: 0.074236
[Parsed_astats_0 @ 000001f879681900] Min difference: 0.000000
[Parsed_astats_0 @ 000001f879681900] Max difference: 0.018124
[Parsed_astats_0 @ 000001f879681900] Mean difference: 0.002126
[Parsed_astats_0 @ 000001f879681900] RMS difference: 0.003120
[Parsed_astats_0 @ 000001f879681900] Peak level dB: -21.709641
[Parsed_astats_0 @ 000001f879681900] RMS level dB: -36.448856
[Parsed_astats_0 @ 000001f879681900] RMS peak dB: -32.266106
[Parsed_astats_0 @ 000001f879681900] RMS through dB: -57.426982
[Parsed_astats_0 @ 000001f879681900] Crest factor: 5.457085
[Parsed_astats_0 @ 000001f879681900] Flat factor: 0.000000
[Parsed_astats_0 @ 000001f879681900] Peak count: 2
[Parsed_astats_0 @ 000001f879681900] Abs Peak count: 1
[Parsed_astats_0 @ 000001f879681900] Noise floor dB: -47.766253
[Parsed_astats_0 @ 000001f879681900] Noise floor count: 219
[Parsed_astats_0 @ 000001f879681900] Entropy: 0.603352
[Parsed_astats_0 @ 000001f879681900] Bit depth: 28/32/32/32
[Parsed_astats_0 @ 000001f879681900] Dynamic range: 152.444402
[Parsed_astats_0 @ 000001f879681900] Zero crossings: 9955
[Parsed_astats_0 @ 000001f879681900] Zero crossings rate: 0.060010
[Parsed_astats_0 @ 000001f879681900] Number of NaNs: 0
[Parsed_astats_0 @ 000001f879681900] Number of Infs: 0
[Parsed_astats_0 @ 000001f879681900] Number of denormals: 0
[Parsed_astats_0 @ 000001f879681900] Overall
[Parsed_astats_0 @ 000001f879681900] DC offset: 0.000008
[Parsed_astats_0 @ 000001f879681900] Min level: -0.082133
[Parsed_astats_0 @ 000001f879681900] Max level: 0.074236
[Parsed_astats_0 @ 000001f879681900] Min difference: 0.000000
[Parsed_astats_0 @ 000001f879681900] Max difference: 0.018124
[Parsed_astats_0 @ 000001f879681900] Mean difference: 0.002128
[Parsed_astats_0 @ 000001f879681900] RMS difference: 0.003127
[Parsed_astats_0 @ 000001f879681900] Peak level dB: -21.709641
[Parsed_astats_0 @ 000001f879681900] RMS level dB: -36.587135
[Parsed_astats_0 @ 000001f879681900] RMS peak dB: -32.266106
[Parsed_astats_0 @ 000001f879681900] RMS through dB: -57.751407
[Parsed_astats_0 @ 000001f879681900] Flat factor: 0.000000
[Parsed_astats_0 @ 000001f879681900] Peak count: 2.000000
[Parsed_astats_0 @ 000001f879681900] Abs Peak count: 1.000000
[Parsed_astats_0 @ 000001f879681900] Noise floor dB: -47.766253
[Parsed_astats_0 @ 000001f879681900] Noise floor count: 219.500000
[Parsed_astats_0 @ 000001f879681900] Entropy: 0.601473
[Parsed_astats_0 @ 000001f879681900] Bit depth: 28/32/32/32
[Parsed_astats_0 @ 000001f879681900] Number of samples: 165888
[Parsed_astats_0 @ 000001f879681900] Number of NaNs: 0.000000
[Parsed_astats_0 @ 000001f879681900] Number of Infs: 0.000000
[Parsed_astats_0 @ 000001f879681900] Number of denormals: 0.000000
[out#0/null @ 000001f87b0bd9c0] video:0KiB audio:648KiB subtitle:0KiB other streams:0KiB global headers:0KiB muxing overhead: unknown
size=N/A time=00:00:05.18 bitrate=N/A speed= 531x elapsed=0:00:00.00    
