Input #0, mov,mp4,m4a,3gp,3g2,mj2, from 'C:\Users\jeffr\Documents\ComfyUI\vram-recipe-lab\outputs\h3_music_followup_mood_dim_lighthearted_seed42_f124_out_00001_.mp4':
  Metadata:
    major_brand     : isom
    minor_version   : 512
    compatible_brands: isomiso2avc1mp41
    encoder         : Lavf62.3.100
  Duration: 00:00:05.17, start: 0.000000, bitrate: 1319 kb/s
  Stream #0:0[0x1](und): Video: h264 (High) (avc1 / 0x31637661), yuv420p(progressive), 1344x768, 1183 kb/s, 24 fps, 24 tbr, 12288 tbn (default)
    Metadata:
      handler_name    : VideoHandler
      vendor_id       : [0][0][0][0]
  Stream #0:1[0x2](und): Audio: aac (LC) (mp4a / 0x6134706D), 32000 Hz, stereo, fltp, 127 kb/s (default)
    Metadata:
      handler_name    : SoundHandler
      vendor_id       : [0][0][0][0]
Stream mapping:
  Stream #0:1 -> #0:0 (aac (native) -> pcm_s16le (native))
Press [q] to stop, [?] for help
[Parsed_ebur128_0 @ 000001500b771900] t: 0.0999688  TARGET:-23 LUFS    M:-120.7 S:-120.7     I: -70.0 LUFS       LRA:   0.0 LU  FTPK: -22.1 -20.0 dBFS  TPK: -22.1 -20.0 dBFS
Output #0, null, to 'NUL':
  Metadata:
    major_brand     : isom
    minor_version   : 512
    compatible_brands: isomiso2avc1mp41
    encoder         : Lavf62.3.100
  Stream #0:0(und): Audio: pcm_s16le, 32000 Hz, stereo, s16, 1024 kb/s (default)
    Metadata:
      encoder         : Lavc62.11.100 pcm_s16le
      handler_name    : SoundHandler
      vendor_id       : [0][0][0][0]
[Parsed_ebur128_0 @ 000001500b771900] t: 0.199969   TARGET:-23 LUFS    M:-120.7 S:-120.7     I: -70.0 LUFS       LRA:   0.0 LU  FTPK: -22.6 -20.2 dBFS  TPK: -22.1 -20.0 dBFS
[Parsed_ebur128_0 @ 000001500b771900] t: 0.299969   TARGET:-23 LUFS    M:-120.7 S:-120.7     I: -70.0 LUFS       LRA:   0.0 LU  FTPK: -20.9 -18.7 dBFS  TPK: -20.9 -18.7 dBFS
[Parsed_ebur128_0 @ 000001500b771900] t: 0.399969   TARGET:-23 LUFS    M: -28.4 S:-120.7     I: -28.4 LUFS       LRA:   0.0 LU  FTPK: -21.6 -19.2 dBFS  TPK: -20.9 -18.7 dBFS
[Parsed_ebur128_0 @ 000001500b771900] t: 0.499969   TARGET:-23 LUFS    M: -27.8 S:-120.7     I: -28.1 LUFS       LRA:   0.0 LU  FTPK: -22.1 -19.5 dBFS  TPK: -20.9 -18.7 dBFS
[Parsed_ebur128_0 @ 000001500b771900] t: 0.599969   TARGET:-23 LUFS    M: -26.6 S:-120.7     I: -27.6 LUFS       LRA:   0.0 LU  FTPK: -19.1 -15.9 dBFS  TPK: -19.1 -15.9 dBFS
[Parsed_ebur128_0 @ 000001500b771900] t: 0.699969   TARGET:-23 LUFS    M: -26.5 S:-120.7     I: -27.3 LUFS       LRA:   0.0 LU  FTPK: -21.1 -19.2 dBFS  TPK: -19.1 -15.9 dBFS
[Parsed_ebur128_0 @ 000001500b771900] t: 0.799969   TARGET:-23 LUFS    M: -25.9 S:-120.7     I: -27.0 LUFS       LRA:   0.0 LU  FTPK: -18.2 -17.4 dBFS  TPK: -18.2 -15.9 dBFS
[Parsed_ebur128_0 @ 000001500b771900] t: 0.899969   TARGET:-23 LUFS    M: -25.4 S:-120.7     I: -26.7 LUFS       LRA:   0.0 LU  FTPK: -18.4 -16.6 dBFS  TPK: -18.2 -15.9 dBFS
[Parsed_ebur128_0 @ 000001500b771900] t: 0.999969   TARGET:-23 LUFS    M: -25.3 S:-120.7     I: -26.5 LUFS       LRA:   0.0 LU  FTPK: -20.4 -16.8 dBFS  TPK: -18.2 -15.9 dBFS
[Parsed_ebur128_0 @ 000001500b771900] t: 1.099969   TARGET:-23 LUFS    M: -24.6 S:-120.7     I: -26.2 LUFS       LRA:   0.0 LU  FTPK: -18.4 -15.7 dBFS  TPK: -18.2 -15.7 dBFS
[Parsed_ebur128_0 @ 000001500b771900] t: 1.199969   TARGET:-23 LUFS    M: -24.8 S:-120.7     I: -26.0 LUFS       LRA:   0.0 LU  FTPK: -20.0 -17.7 dBFS  TPK: -18.2 -15.7 dBFS
[Parsed_ebur128_0 @ 000001500b771900] t: 1.299969   TARGET:-23 LUFS    M: -25.4 S:-120.7     I: -25.9 LUFS       LRA:   0.0 LU  FTPK: -20.6 -19.0 dBFS  TPK: -18.2 -15.7 dBFS
[Parsed_ebur128_0 @ 000001500b771900] t: 1.399969   TARGET:-23 LUFS    M: -26.1 S:-120.7     I: -26.0 LUFS       LRA:   0.0 LU  FTPK: -18.2 -16.8 dBFS  TPK: -18.2 -15.7 dBFS
[Parsed_ebur128_0 @ 000001500b771900] t: 1.499969   TARGET:-23 LUFS    M: -26.5 S:-120.7     I: -26.0 LUFS       LRA:   0.0 LU  FTPK: -18.5 -16.7 dBFS  TPK: -18.2 -15.7 dBFS
[Parsed_ebur128_0 @ 000001500b771900] t: 1.599969   TARGET:-23 LUFS    M: -26.5 S:-120.7     I: -26.0 LUFS       LRA:   0.0 LU  FTPK: -19.2 -17.8 dBFS  TPK: -18.2 -15.7 dBFS
[Parsed_ebur128_0 @ 000001500b771900] t: 1.699969   TARGET:-23 LUFS    M: -25.7 S:-120.7     I: -26.0 LUFS       LRA:   0.0 LU  FTPK: -17.0 -15.4 dBFS  TPK: -17.0 -15.4 dBFS
[Parsed_ebur128_0 @ 000001500b771900] t: 1.799969   TARGET:-23 LUFS    M: -25.2 S:-120.7     I: -26.0 LUFS       LRA:   0.0 LU  FTPK: -18.3 -16.4 dBFS  TPK: -17.0 -15.4 dBFS
[Parsed_ebur128_0 @ 000001500b771900] t: 1.899969   TARGET:-23 LUFS    M: -25.4 S:-120.7     I: -25.9 LUFS       LRA:   0.0 LU  FTPK: -17.7 -16.2 dBFS  TPK: -17.0 -15.4 dBFS
[Parsed_ebur128_0 @ 000001500b771900] t: 1.999969   TARGET:-23 LUFS    M: -25.6 S:-120.7     I: -25.9 LUFS       LRA:   0.0 LU  FTPK: -22.4 -20.6 dBFS  TPK: -17.0 -15.4 dBFS
[Parsed_ebur128_0 @ 000001500b771900] t: 2.099969   TARGET:-23 LUFS    M: -26.2 S:-120.7     I: -25.9 LUFS       LRA:   0.0 LU  FTPK: -20.6 -18.1 dBFS  TPK: -17.0 -15.4 dBFS
[Parsed_ebur128_0 @ 000001500b771900] t: 2.199969   TARGET:-23 LUFS    M: -26.0 S:-120.7     I: -25.9 LUFS       LRA:   0.0 LU  FTPK: -19.6 -16.3 dBFS  TPK: -17.0 -15.4 dBFS
[Parsed_ebur128_0 @ 000001500b771900] t: 2.299969   TARGET:-23 LUFS    M: -25.4 S:-120.7     I: -25.9 LUFS       LRA:   0.0 LU  FTPK: -16.6 -14.1 dBFS  TPK: -16.6 -14.1 dBFS
[Parsed_ebur128_0 @ 000001500b771900] t: 2.399969   TARGET:-23 LUFS    M: -24.0 S:-120.7     I: -25.8 LUFS       LRA:   0.0 LU  FTPK: -17.0 -14.9 dBFS  TPK: -16.6 -14.1 dBFS
[Parsed_ebur128_0 @ 000001500b771900] t: 2.499969   TARGET:-23 LUFS    M: -23.1 S:-120.7     I: -25.6 LUFS       LRA:   0.0 LU  FTPK: -16.0 -13.3 dBFS  TPK: -16.0 -13.3 dBFS
[Parsed_ebur128_0 @ 000001500b771900] t: 2.599969   TARGET:-23 LUFS    M: -22.8 S:-120.7     I: -25.5 LUFS       LRA:   0.0 LU  FTPK: -18.1 -15.5 dBFS  TPK: -16.0 -13.3 dBFS
[Parsed_ebur128_0 @ 000001500b771900] t: 2.699969   TARGET:-23 LUFS    M: -22.9 S:-120.7     I: -25.3 LUFS       LRA:   0.0 LU  FTPK: -17.6 -14.9 dBFS  TPK: -16.0 -13.3 dBFS
[Parsed_ebur128_0 @ 000001500b771900] t: 2.799969   TARGET:-23 LUFS    M: -23.7 S:-120.7     I: -25.2 LUFS       LRA:   0.0 LU  FTPK: -18.2 -15.3 dBFS  TPK: -16.0 -13.3 dBFS
[Parsed_ebur128_0 @ 000001500b771900] t: 2.899969   TARGET:-23 LUFS    M: -23.6 S:-120.7     I: -25.2 LUFS       LRA:   0.0 LU  FTPK: -18.6 -15.5 dBFS  TPK: -16.0 -13.3 dBFS
[Parsed_ebur128_0 @ 000001500b771900] t: 2.999969   TARGET:-23 LUFS    M: -24.3 S: -25.2     I: -25.1 LUFS       LRA:  20.0 LU  FTPK: -21.0 -17.5 dBFS  TPK: -16.0 -13.3 dBFS
[Parsed_ebur128_0 @ 000001500b771900] t: 3.099969   TARGET:-23 LUFS    M: -25.1 S: -25.2     I: -25.1 LUFS       LRA:  20.0 LU  FTPK: -21.1 -18.9 dBFS  TPK: -16.0 -13.3 dBFS
[Parsed_ebur128_0 @ 000001500b771900] t: 3.199969   TARGET:-23 LUFS    M: -25.4 S: -25.2     I: -25.1 LUFS       LRA:  20.0 LU  FTPK: -19.4 -17.9 dBFS  TPK: -16.0 -13.3 dBFS
[Parsed_ebur128_0 @ 000001500b771900] t: 3.299969   TARGET:-23 LUFS    M: -26.9 S: -25.1     I: -25.2 LUFS       LRA:  20.0 LU  FTPK: -19.5 -17.8 dBFS  TPK: -16.0 -13.3 dBFS
[Parsed_ebur128_0 @ 000001500b771900] t: 3.399969   TARGET:-23 LUFS    M: -27.0 S: -25.1     I: -25.2 LUFS       LRA:   0.1 LU  FTPK: -19.5 -17.0 dBFS  TPK: -16.0 -13.3 dBFS
[Parsed_ebur128_0 @ 000001500b771900] t: 3.499969   TARGET:-23 LUFS    M: -27.0 S: -25.1     I: -25.3 LUFS       LRA:   0.1 LU  FTPK: -21.7 -18.7 dBFS  TPK: -16.0 -13.3 dBFS
[Parsed_ebur128_0 @ 000001500b771900] t: 3.599969   TARGET:-23 LUFS    M: -27.2 S: -25.2     I: -25.3 LUFS       LRA:   0.1 LU  FTPK: -22.1 -20.4 dBFS  TPK: -16.0 -13.3 dBFS
[Parsed_ebur128_0 @ 000001500b771900] t: 3.699969   TARGET:-23 LUFS    M: -27.4 S: -25.2     I: -25.4 LUFS       LRA:   0.1 LU  FTPK: -21.9 -19.4 dBFS  TPK: -16.0 -13.3 dBFS
[Parsed_ebur128_0 @ 000001500b771900] t: 3.799969   TARGET:-23 LUFS    M: -27.6 S: -25.3     I: -25.4 LUFS       LRA:   0.2 LU  FTPK: -20.3 -17.8 dBFS  TPK: -16.0 -13.3 dBFS
[Parsed_ebur128_0 @ 000001500b771900] t: 3.899969   TARGET:-23 LUFS    M: -27.4 S: -25.3     I: -25.5 LUFS       LRA:   0.2 LU  FTPK: -21.3 -18.4 dBFS  TPK: -16.0 -13.3 dBFS
[Parsed_ebur128_0 @ 000001500b771900] t: 3.999969   TARGET:-23 LUFS    M: -27.3 S: -25.4     I: -25.5 LUFS       LRA:   0.3 LU  FTPK: -24.5 -22.1 dBFS  TPK: -16.0 -13.3 dBFS
[Parsed_ebur128_0 @ 000001500b771900] t: 4.099969   TARGET:-23 LUFS    M: -27.5 S: -25.6     I: -25.6 LUFS       LRA:   0.4 LU  FTPK: -23.3 -20.5 dBFS  TPK: -16.0 -13.3 dBFS
[Parsed_ebur128_0 @ 000001500b771900] t: 4.199969   TARGET:-23 LUFS    M: -28.1 S: -25.6     I: -25.6 LUFS       LRA:   0.5 LU  FTPK: -24.2 -21.3 dBFS  TPK: -16.0 -13.3 dBFS
[Parsed_ebur128_0 @ 000001500b771900] t: 4.299969   TARGET:-23 LUFS    M: -28.7 S: -25.6     I: -25.7 LUFS       LRA:   0.5 LU  FTPK: -24.7 -20.4 dBFS  TPK: -16.0 -13.3 dBFS
[Parsed_ebur128_0 @ 000001500b771900] t: 4.399969   TARGET:-23 LUFS    M: -29.2 S: -25.7     I: -25.7 LUFS       LRA:   0.5 LU  FTPK: -26.4 -22.7 dBFS  TPK: -16.0 -13.3 dBFS
[Parsed_ebur128_0 @ 000001500b771900] t: 4.499969   TARGET:-23 LUFS    M: -29.9 S: -25.8     I: -25.8 LUFS       LRA:   0.6 LU  FTPK: -26.9 -23.2 dBFS  TPK: -16.0 -13.3 dBFS
[Parsed_ebur128_0 @ 000001500b771900] t: 4.599969   TARGET:-23 LUFS    M: -30.2 S: -25.9     I: -25.8 LUFS       LRA:   0.7 LU  FTPK: -25.8 -22.3 dBFS  TPK: -16.0 -13.3 dBFS
[Parsed_ebur128_0 @ 000001500b771900] t: 4.699969   TARGET:-23 LUFS    M: -29.1 S: -25.9     I: -25.9 LUFS       LRA:   0.8 LU  FTPK: -18.8 -15.8 dBFS  TPK: -16.0 -13.3 dBFS
[Parsed_ebur128_0 @ 000001500b771900] t: 4.799969   TARGET:-23 LUFS    M: -26.6 S: -25.9     I: -25.9 LUFS       LRA:   0.8 LU  FTPK: -18.7 -15.1 dBFS  TPK: -16.0 -13.3 dBFS
[Parsed_ebur128_0 @ 000001500b771900] t: 4.899969   TARGET:-23 LUFS    M: -25.6 S: -25.9     I: -25.9 LUFS       LRA:   0.8 LU  FTPK: -22.8 -18.1 dBFS  TPK: -16.0 -13.3 dBFS
[Parsed_ebur128_0 @ 000001500b771900] t: 4.999969   TARGET:-23 LUFS    M: -25.3 S: -25.9     I: -25.9 LUFS       LRA:   0.8 LU  FTPK: -24.0 -20.0 dBFS  TPK: -16.0 -13.3 dBFS
[Parsed_ebur128_0 @ 000001500b771900] t: 5.099969   TARGET:-23 LUFS    M: -25.8 S: -25.9     I: -25.9 LUFS       LRA:   0.8 LU  FTPK: -26.3 -22.8 dBFS  TPK: -16.0 -13.3 dBFS
[Parsed_ebur128_0 @ 000001500b771900] Summary:

  Integrated loudness:
    I:         -25.9 LUFS
    Threshold: -35.9 LUFS

  Loudness range:
    LRA:         0.8 LU
    Threshold: -45.5 LUFS
    LRA low:   -25.9 LUFS
    LRA high:  -25.1 LUFS

  True peak:
    Peak:      -13.3 dBFS
[out#0/null @ 000001500d23d9c0] video:0KiB audio:648KiB subtitle:0KiB other streams:0KiB global headers:0KiB muxing overhead: unknown
size=N/A time=00:00:05.18 bitrate=N/A speed= 272x elapsed=0:00:00.01    
