Input #0, mov,mp4,m4a,3gp,3g2,mj2, from 'C:\Users\jeffr\Documents\ComfyUI\vram-recipe-lab\outputs\h3_music_followup_mood_bright_lighthearted_seed42_f124_out_00001_.mp4':
  Metadata:
    major_brand     : isom
    minor_version   : 512
    compatible_brands: isomiso2avc1mp41
    encoder         : Lavf62.3.100
  Duration: 00:00:05.17, start: 0.000000, bitrate: 1957 kb/s
  Stream #0:0[0x1](und): Video: h264 (High) (avc1 / 0x31637661), yuv420p(progressive), 1344x768, 1819 kb/s, 24 fps, 24 tbr, 12288 tbn (default)
    Metadata:
      handler_name    : VideoHandler
      vendor_id       : [0][0][0][0]
  Stream #0:1[0x2](und): Audio: aac (LC) (mp4a / 0x6134706D), 32000 Hz, stereo, fltp, 128 kb/s (default)
    Metadata:
      handler_name    : SoundHandler
      vendor_id       : [0][0][0][0]
Stream mapping:
  Stream #0:1 -> #0:0 (aac (native) -> pcm_s16le (native))
Press [q] to stop, [?] for help
[Parsed_ebur128_0 @ 000001ec2a171900] t: 0.0999688  TARGET:-23 LUFS    M:-120.7 S:-120.7     I: -70.0 LUFS       LRA:   0.0 LU  FTPK: -16.3 -14.2 dBFS  TPK: -16.3 -14.2 dBFS
Output #0, null, to 'NUL':
  Metadata:
    major_brand     : isom
    minor_version   : 512
    compatible_brands: isomiso2avc1mp41
    encoder         : Lavf62.3.100
  Stream #0:0(und): Audio: pcm_s16le, 32000 Hz, stereo, s16, 1024 kb/s (default)
    Metadata:
      encoder         : Lavc62.11.100 pcm_s16le
      handler_name    : SoundHandler
      vendor_id       : [0][0][0][0]
[Parsed_ebur128_0 @ 000001ec2a171900] t: 0.199969   TARGET:-23 LUFS    M:-120.7 S:-120.7     I: -70.0 LUFS       LRA:   0.0 LU  FTPK: -17.3 -14.3 dBFS  TPK: -16.3 -14.2 dBFS
[Parsed_ebur128_0 @ 000001ec2a171900] t: 0.299969   TARGET:-23 LUFS    M:-120.7 S:-120.7     I: -70.0 LUFS       LRA:   0.0 LU  FTPK: -18.5 -16.2 dBFS  TPK: -16.3 -14.2 dBFS
[Parsed_ebur128_0 @ 000001ec2a171900] t: 0.399969   TARGET:-23 LUFS    M: -23.4 S:-120.7     I: -23.4 LUFS       LRA:   0.0 LU  FTPK: -17.0 -15.3 dBFS  TPK: -16.3 -14.2 dBFS
[Parsed_ebur128_0 @ 000001ec2a171900] t: 0.499969   TARGET:-23 LUFS    M: -22.8 S:-120.7     I: -23.1 LUFS       LRA:   0.0 LU  FTPK: -16.1 -14.4 dBFS  TPK: -16.1 -14.2 dBFS
[Parsed_ebur128_0 @ 000001ec2a171900] t: 0.599969   TARGET:-23 LUFS    M: -22.6 S:-120.7     I: -22.9 LUFS       LRA:   0.0 LU  FTPK: -16.1 -14.3 dBFS  TPK: -16.1 -14.2 dBFS
[Parsed_ebur128_0 @ 000001ec2a171900] t: 0.699969   TARGET:-23 LUFS    M: -22.7 S:-120.7     I: -22.9 LUFS       LRA:   0.0 LU  FTPK: -17.2 -15.6 dBFS  TPK: -16.1 -14.2 dBFS
[Parsed_ebur128_0 @ 000001ec2a171900] t: 0.799969   TARGET:-23 LUFS    M: -22.8 S:-120.7     I: -22.8 LUFS       LRA:   0.0 LU  FTPK: -16.3 -14.2 dBFS  TPK: -16.1 -14.2 dBFS
[Parsed_ebur128_0 @ 000001ec2a171900] t: 0.899969   TARGET:-23 LUFS    M: -22.6 S:-120.7     I: -22.8 LUFS       LRA:   0.0 LU  FTPK: -15.4 -13.5 dBFS  TPK: -15.4 -13.5 dBFS
[Parsed_ebur128_0 @ 000001ec2a171900] t: 0.999969   TARGET:-23 LUFS    M: -22.4 S:-120.7     I: -22.7 LUFS       LRA:   0.0 LU  FTPK: -15.9 -13.9 dBFS  TPK: -15.4 -13.5 dBFS
[Parsed_ebur128_0 @ 000001ec2a171900] t: 1.099969   TARGET:-23 LUFS    M: -22.0 S:-120.7     I: -22.6 LUFS       LRA:   0.0 LU  FTPK: -15.8 -13.5 dBFS  TPK: -15.4 -13.5 dBFS
[Parsed_ebur128_0 @ 000001ec2a171900] t: 1.199969   TARGET:-23 LUFS    M: -21.8 S:-120.7     I: -22.5 LUFS       LRA:   0.0 LU  FTPK: -17.0 -14.6 dBFS  TPK: -15.4 -13.5 dBFS
[Parsed_ebur128_0 @ 000001ec2a171900] t: 1.299969   TARGET:-23 LUFS    M: -22.1 S:-120.7     I: -22.5 LUFS       LRA:   0.0 LU  FTPK: -16.8 -14.1 dBFS  TPK: -15.4 -13.5 dBFS
[Parsed_ebur128_0 @ 000001ec2a171900] t: 1.399969   TARGET:-23 LUFS    M: -22.2 S:-120.7     I: -22.5 LUFS       LRA:   0.0 LU  FTPK: -15.5 -14.1 dBFS  TPK: -15.4 -13.5 dBFS
[Parsed_ebur128_0 @ 000001ec2a171900] t: 1.499969   TARGET:-23 LUFS    M: -21.9 S:-120.7     I: -22.4 LUFS       LRA:   0.0 LU  FTPK: -13.7 -12.2 dBFS  TPK: -13.7 -12.2 dBFS
[Parsed_ebur128_0 @ 000001ec2a171900] t: 1.599969   TARGET:-23 LUFS    M: -21.8 S:-120.7     I: -22.4 LUFS       LRA:   0.0 LU  FTPK: -15.1 -13.9 dBFS  TPK: -13.7 -12.2 dBFS
[Parsed_ebur128_0 @ 000001ec2a171900] t: 1.699969   TARGET:-23 LUFS    M: -21.7 S:-120.7     I: -22.3 LUFS       LRA:   0.0 LU  FTPK: -15.4 -14.3 dBFS  TPK: -13.7 -12.2 dBFS
[Parsed_ebur128_0 @ 000001ec2a171900] t: 1.799969   TARGET:-23 LUFS    M: -21.6 S:-120.7     I: -22.3 LUFS       LRA:   0.0 LU  FTPK: -15.8 -13.9 dBFS  TPK: -13.7 -12.2 dBFS
[Parsed_ebur128_0 @ 000001ec2a171900] t: 1.899969   TARGET:-23 LUFS    M: -21.3 S:-120.7     I: -22.2 LUFS       LRA:   0.0 LU  FTPK: -14.7 -12.0 dBFS  TPK: -13.7 -12.0 dBFS
[Parsed_ebur128_0 @ 000001ec2a171900] t: 1.999969   TARGET:-23 LUFS    M: -21.2 S:-120.7     I: -22.1 LUFS       LRA:   0.0 LU  FTPK: -15.6 -12.9 dBFS  TPK: -13.7 -12.0 dBFS
[Parsed_ebur128_0 @ 000001ec2a171900] t: 2.099969   TARGET:-23 LUFS    M: -21.4 S:-120.7     I: -22.1 LUFS       LRA:   0.0 LU  FTPK: -17.0 -14.3 dBFS  TPK: -13.7 -12.0 dBFS
[Parsed_ebur128_0 @ 000001ec2a171900] t: 2.199969   TARGET:-23 LUFS    M: -21.4 S:-120.7     I: -22.1 LUFS       LRA:   0.0 LU  FTPK: -15.7 -12.8 dBFS  TPK: -13.7 -12.0 dBFS
[Parsed_ebur128_0 @ 000001ec2a171900] t: 2.299969   TARGET:-23 LUFS    M: -21.6 S:-120.7     I: -22.0 LUFS       LRA:   0.0 LU  FTPK: -12.7  -9.7 dBFS  TPK: -12.7  -9.7 dBFS
[Parsed_ebur128_0 @ 000001ec2a171900] t: 2.399969   TARGET:-23 LUFS    M: -20.7 S:-120.7     I: -22.0 LUFS       LRA:   0.0 LU  FTPK: -14.5 -10.9 dBFS  TPK: -12.7  -9.7 dBFS
[Parsed_ebur128_0 @ 000001ec2a171900] t: 2.499969   TARGET:-23 LUFS    M: -20.0 S:-120.7     I: -21.9 LUFS       LRA:   0.0 LU  FTPK: -13.7 -10.3 dBFS  TPK: -12.7  -9.7 dBFS
[Parsed_ebur128_0 @ 000001ec2a171900] t: 2.599969   TARGET:-23 LUFS    M: -19.6 S:-120.7     I: -21.7 LUFS       LRA:   0.0 LU  FTPK: -15.1 -11.9 dBFS  TPK: -12.7  -9.7 dBFS
[Parsed_ebur128_0 @ 000001ec2a171900] t: 2.699969   TARGET:-23 LUFS    M: -19.6 S:-120.7     I: -21.6 LUFS       LRA:   0.0 LU  FTPK: -13.4 -10.6 dBFS  TPK: -12.7  -9.7 dBFS
[Parsed_ebur128_0 @ 000001ec2a171900] t: 2.799969   TARGET:-23 LUFS    M: -19.8 S:-120.7     I: -21.5 LUFS       LRA:   0.0 LU  FTPK: -14.0 -10.9 dBFS  TPK: -12.7  -9.7 dBFS
[Parsed_ebur128_0 @ 000001ec2a171900] t: 2.899969   TARGET:-23 LUFS    M: -19.5 S:-120.7     I: -21.4 LUFS       LRA:   0.0 LU  FTPK: -13.7  -9.7 dBFS  TPK: -12.7  -9.7 dBFS
[Parsed_ebur128_0 @ 000001ec2a171900] t: 2.999969   TARGET:-23 LUFS    M: -19.9 S: -21.4     I: -21.4 LUFS       LRA:  20.0 LU  FTPK: -18.1 -14.1 dBFS  TPK: -12.7  -9.7 dBFS
[Parsed_ebur128_0 @ 000001ec2a171900] t: 3.099969   TARGET:-23 LUFS    M: -20.3 S: -21.3     I: -21.3 LUFS       LRA:  20.0 LU  FTPK: -16.7 -13.9 dBFS  TPK: -12.7  -9.7 dBFS
[Parsed_ebur128_0 @ 000001ec2a171900] t: 3.199969   TARGET:-23 LUFS    M: -21.0 S: -21.3     I: -21.3 LUFS       LRA:  20.0 LU  FTPK: -16.3 -14.0 dBFS  TPK: -12.7  -9.7 dBFS
[Parsed_ebur128_0 @ 000001ec2a171900] t: 3.299969   TARGET:-23 LUFS    M: -22.0 S: -21.3     I: -21.3 LUFS       LRA:  20.0 LU  FTPK: -14.8 -13.1 dBFS  TPK: -12.7  -9.7 dBFS
[Parsed_ebur128_0 @ 000001ec2a171900] t: 3.399969   TARGET:-23 LUFS    M: -22.0 S: -21.2     I: -21.3 LUFS       LRA:   0.1 LU  FTPK: -16.0 -14.3 dBFS  TPK: -12.7  -9.7 dBFS
[Parsed_ebur128_0 @ 000001ec2a171900] t: 3.499969   TARGET:-23 LUFS    M: -22.1 S: -21.3     I: -21.4 LUFS       LRA:   0.1 LU  FTPK: -19.0 -15.8 dBFS  TPK: -12.7  -9.7 dBFS
[Parsed_ebur128_0 @ 000001ec2a171900] t: 3.599969   TARGET:-23 LUFS    M: -22.5 S: -21.3     I: -21.4 LUFS       LRA:   0.1 LU  FTPK: -17.5 -14.7 dBFS  TPK: -12.7  -9.7 dBFS
[Parsed_ebur128_0 @ 000001ec2a171900] t: 3.699969   TARGET:-23 LUFS    M: -23.1 S: -21.3     I: -21.4 LUFS       LRA:   0.1 LU  FTPK: -17.7 -15.0 dBFS  TPK: -12.7  -9.7 dBFS
[Parsed_ebur128_0 @ 000001ec2a171900] t: 3.799969   TARGET:-23 LUFS    M: -22.9 S: -21.2     I: -21.5 LUFS       LRA:   0.1 LU  FTPK: -16.4 -13.9 dBFS  TPK: -12.7  -9.7 dBFS
[Parsed_ebur128_0 @ 000001ec2a171900] t: 3.899969   TARGET:-23 LUFS    M: -22.4 S: -21.2     I: -21.5 LUFS       LRA:   0.1 LU  FTPK: -15.4 -12.7 dBFS  TPK: -12.7  -9.7 dBFS
[Parsed_ebur128_0 @ 000001ec2a171900] t: 3.999969   TARGET:-23 LUFS    M: -22.0 S: -21.3     I: -21.5 LUFS       LRA:   0.1 LU  FTPK: -16.7 -14.4 dBFS  TPK: -12.7  -9.7 dBFS
[Parsed_ebur128_0 @ 000001ec2a171900] t: 4.099969   TARGET:-23 LUFS    M: -21.6 S: -21.2     I: -21.5 LUFS       LRA:   0.1 LU  FTPK: -16.9 -14.5 dBFS  TPK: -12.7  -9.7 dBFS
[Parsed_ebur128_0 @ 000001ec2a171900] t: 4.199969   TARGET:-23 LUFS    M: -21.7 S: -21.2     I: -21.5 LUFS       LRA:   0.1 LU  FTPK: -16.9 -13.8 dBFS  TPK: -12.7  -9.7 dBFS
[Parsed_ebur128_0 @ 000001ec2a171900] t: 4.299969   TARGET:-23 LUFS    M: -21.7 S: -21.2     I: -21.5 LUFS       LRA:   0.1 LU  FTPK: -18.6 -14.5 dBFS  TPK: -12.7  -9.7 dBFS
[Parsed_ebur128_0 @ 000001ec2a171900] t: 4.399969   TARGET:-23 LUFS    M: -21.8 S: -21.2     I: -21.5 LUFS       LRA:   0.1 LU  FTPK: -19.6 -15.0 dBFS  TPK: -12.7  -9.7 dBFS
[Parsed_ebur128_0 @ 000001ec2a171900] t: 4.499969   TARGET:-23 LUFS    M: -22.1 S: -21.3     I: -21.5 LUFS       LRA:   0.1 LU  FTPK: -18.5 -14.4 dBFS  TPK: -12.7  -9.7 dBFS
[Parsed_ebur128_0 @ 000001ec2a171900] t: 4.599969   TARGET:-23 LUFS    M: -22.4 S: -21.3     I: -21.6 LUFS       LRA:   0.1 LU  FTPK: -18.2 -13.7 dBFS  TPK: -12.7  -9.7 dBFS
[Parsed_ebur128_0 @ 000001ec2a171900] t: 4.699969   TARGET:-23 LUFS    M: -22.4 S: -21.3     I: -21.6 LUFS       LRA:   0.1 LU  FTPK: -18.4 -12.0 dBFS  TPK: -12.7  -9.7 dBFS
[Parsed_ebur128_0 @ 000001ec2a171900] t: 4.799969   TARGET:-23 LUFS    M: -21.7 S: -21.2     I: -21.6 LUFS       LRA:   0.1 LU  FTPK: -18.6 -12.1 dBFS  TPK: -12.7  -9.7 dBFS
[Parsed_ebur128_0 @ 000001ec2a171900] t: 4.899969   TARGET:-23 LUFS    M: -21.3 S: -21.3     I: -21.6 LUFS       LRA:   0.1 LU  FTPK: -18.1 -11.3 dBFS  TPK: -12.7  -9.7 dBFS
[Parsed_ebur128_0 @ 000001ec2a171900] t: 4.999969   TARGET:-23 LUFS    M: -21.3 S: -21.3     I: -21.6 LUFS       LRA:   0.1 LU  FTPK: -19.1 -13.4 dBFS  TPK: -12.7  -9.7 dBFS
[Parsed_ebur128_0 @ 000001ec2a171900] t: 5.099969   TARGET:-23 LUFS    M: -21.6 S: -21.3     I: -21.6 LUFS       LRA:   0.1 LU  FTPK: -19.0 -14.6 dBFS  TPK: -12.7  -9.7 dBFS
[Parsed_ebur128_0 @ 000001ec2a171900] Summary:

  Integrated loudness:
    I:         -21.6 LUFS
    Threshold: -31.6 LUFS

  Loudness range:
    LRA:         0.1 LU
    Threshold: -41.3 LUFS
    LRA low:   -21.3 LUFS
    LRA high:  -21.2 LUFS

  True peak:
    Peak:       -9.7 dBFS
[out#0/null @ 000001ec2bbe3480] video:0KiB audio:648KiB subtitle:0KiB other streams:0KiB global headers:0KiB muxing overhead: unknown
size=N/A time=00:00:05.18 bitrate=N/A speed= 306x elapsed=0:00:00.01    
