Input #0, mov,mp4,m4a,3gp,3g2,mj2, from 'C:\Users\jeffr\Documents\ComfyUI\vram-recipe-lab\outputs\h3_music_followup_score_seed43_f124_out_00001_.mp4':
  Metadata:
    major_brand     : isom
    minor_version   : 512
    compatible_brands: isomiso2avc1mp41
    encoder         : Lavf62.3.100
  Duration: 00:00:05.17, start: 0.000000, bitrate: 1507 kb/s
  Stream #0:0[0x1](und): Video: h264 (High) (avc1 / 0x31637661), yuv420p(progressive), 1344x768, 1369 kb/s, 24 fps, 24 tbr, 12288 tbn (default)
    Metadata:
      handler_name    : VideoHandler
      vendor_id       : [0][0][0][0]
  Stream #0:1[0x2](und): Audio: aac (LC) (mp4a / 0x6134706D), 32000 Hz, stereo, fltp, 128 kb/s (default)
    Metadata:
      handler_name    : SoundHandler
      vendor_id       : [0][0][0][0]
Stream mapping:
  Stream #0:1 -> #0:0 (aac (native) -> pcm_s16le (native))
Press [q] to stop, [?] for help
Output #0, null, to 'NUL':
  Metadata:
    major_brand     : isom
    minor_version   : 512
    compatible_brands: isomiso2avc1mp41
    encoder         : Lavf62.3.100
  Stream #0:0(und): Audio: pcm_s16le, 32000 Hz, stereo, s16, 1024 kb/s (default)
    Metadata:
      encoder         : Lavc62.11.100 pcm_s16le
      handler_name    : SoundHandler
      vendor_id       : [0][0][0][0]
[Parsed_astats_0 @ 000001e4f00e1900] Channel: 1
[Parsed_astats_0 @ 000001e4f00e1900] DC offset: 0.000041
[Parsed_astats_0 @ 000001e4f00e1900] Min level: -0.234125
[Parsed_astats_0 @ 000001e4f00e1900] Max level: 0.211444
[Parsed_astats_0 @ 000001e4f00e1900] Min difference: 0.000000
[Parsed_astats_0 @ 000001e4f00e1900] Max difference: 0.029706
[Parsed_astats_0 @ 000001e4f00e1900] Mean difference: 0.005626
[Parsed_astats_0 @ 000001e4f00e1900] RMS difference: 0.007615
[Parsed_astats_0 @ 000001e4f00e1900] Peak level dB: -12.611043
[Parsed_astats_0 @ 000001e4f00e1900] RMS level dB: -22.654509
[Parsed_astats_0 @ 000001e4f00e1900] RMS peak dB: -18.450141
[Parsed_astats_0 @ 000001e4f00e1900] RMS through dB: -42.567638
[Parsed_astats_0 @ 000001e4f00e1900] Crest factor: 3.178142
[Parsed_astats_0 @ 000001e4f00e1900] Flat factor: 0.000000
[Parsed_astats_0 @ 000001e4f00e1900] Peak count: 2
[Parsed_astats_0 @ 000001e4f00e1900] Abs Peak count: 1
[Parsed_astats_0 @ 000001e4f00e1900] Noise floor dB: -33.179007
[Parsed_astats_0 @ 000001e4f00e1900] Noise floor count: 464
[Parsed_astats_0 @ 000001e4f00e1900] Entropy: 0.788563
[Parsed_astats_0 @ 000001e4f00e1900] Bit depth: 29/32/32/32
[Parsed_astats_0 @ 000001e4f00e1900] Dynamic range: 133.455113
[Parsed_astats_0 @ 000001e4f00e1900] Zero crossings: 4626
[Parsed_astats_0 @ 000001e4f00e1900] Zero crossings rate: 0.027886
[Parsed_astats_0 @ 000001e4f00e1900] Number of NaNs: 0
[Parsed_astats_0 @ 000001e4f00e1900] Number of Infs: 0
[Parsed_astats_0 @ 000001e4f00e1900] Number of denormals: 0
[Parsed_astats_0 @ 000001e4f00e1900] Channel: 2
[Parsed_astats_0 @ 000001e4f00e1900] DC offset: 0.000040
[Parsed_astats_0 @ 000001e4f00e1900] Min level: -0.247990
[Parsed_astats_0 @ 000001e4f00e1900] Max level: 0.217941
[Parsed_astats_0 @ 000001e4f00e1900] Min difference: 0.000000
[Parsed_astats_0 @ 000001e4f00e1900] Max difference: 0.032051
[Parsed_astats_0 @ 000001e4f00e1900] Mean difference: 0.005633
[Parsed_astats_0 @ 000001e4f00e1900] RMS difference: 0.007719
[Parsed_astats_0 @ 000001e4f00e1900] Peak level dB: -12.111317
[Parsed_astats_0 @ 000001e4f00e1900] RMS level dB: -22.621460
[Parsed_astats_0 @ 000001e4f00e1900] RMS peak dB: -17.834627
[Parsed_astats_0 @ 000001e4f00e1900] RMS through dB: -43.910394
[Parsed_astats_0 @ 000001e4f00e1900] Crest factor: 3.353568
[Parsed_astats_0 @ 000001e4f00e1900] Flat factor: 0.000000
[Parsed_astats_0 @ 000001e4f00e1900] Peak count: 2
[Parsed_astats_0 @ 000001e4f00e1900] Abs Peak count: 1
[Parsed_astats_0 @ 000001e4f00e1900] Noise floor dB: -34.457247
[Parsed_astats_0 @ 000001e4f00e1900] Noise floor count: 464
[Parsed_astats_0 @ 000001e4f00e1900] Entropy: 0.788625
[Parsed_astats_0 @ 000001e4f00e1900] Bit depth: 29/32/32/32
[Parsed_astats_0 @ 000001e4f00e1900] Dynamic range: 138.336086
[Parsed_astats_0 @ 000001e4f00e1900] Zero crossings: 4624
[Parsed_astats_0 @ 000001e4f00e1900] Zero crossings rate: 0.027874
[Parsed_astats_0 @ 000001e4f00e1900] Number of NaNs: 0
[Parsed_astats_0 @ 000001e4f00e1900] Number of Infs: 0
[Parsed_astats_0 @ 000001e4f00e1900] Number of denormals: 0
[Parsed_astats_0 @ 000001e4f00e1900] Overall
[Parsed_astats_0 @ 000001e4f00e1900] DC offset: 0.000041
[Parsed_astats_0 @ 000001e4f00e1900] Min level: -0.247990
[Parsed_astats_0 @ 000001e4f00e1900] Max level: 0.217941
[Parsed_astats_0 @ 000001e4f00e1900] Min difference: 0.000000
[Parsed_astats_0 @ 000001e4f00e1900] Max difference: 0.032051
[Parsed_astats_0 @ 000001e4f00e1900] Mean difference: 0.005630
[Parsed_astats_0 @ 000001e4f00e1900] RMS difference: 0.007667
[Parsed_astats_0 @ 000001e4f00e1900] Peak level dB: -12.111317
[Parsed_astats_0 @ 000001e4f00e1900] RMS level dB: -22.637953
[Parsed_astats_0 @ 000001e4f00e1900] RMS peak dB: -17.834627
[Parsed_astats_0 @ 000001e4f00e1900] RMS through dB: -43.910394
[Parsed_astats_0 @ 000001e4f00e1900] Flat factor: 0.000000
[Parsed_astats_0 @ 000001e4f00e1900] Peak count: 2.000000
[Parsed_astats_0 @ 000001e4f00e1900] Abs Peak count: 1.000000
[Parsed_astats_0 @ 000001e4f00e1900] Noise floor dB: -33.179007
[Parsed_astats_0 @ 000001e4f00e1900] Noise floor count: 464.000000
[Parsed_astats_0 @ 000001e4f00e1900] Entropy: 0.788594
[Parsed_astats_0 @ 000001e4f00e1900] Bit depth: 29/32/32/32
[Parsed_astats_0 @ 000001e4f00e1900] Number of samples: 165888
[Parsed_astats_0 @ 000001e4f00e1900] Number of NaNs: 0.000000
[Parsed_astats_0 @ 000001e4f00e1900] Number of Infs: 0.000000
[Parsed_astats_0 @ 000001e4f00e1900] Number of denormals: 0.000000
[out#0/null @ 000001e4f1ae33c0] video:0KiB audio:648KiB subtitle:0KiB other streams:0KiB global headers:0KiB muxing overhead: unknown
size=N/A time=00:00:05.18 bitrate=N/A speed= 707x elapsed=0:00:00.00    
