Input #0, mov,mp4,m4a,3gp,3g2,mj2, from 'C:\Users\jeffr\Documents\ComfyUI\vram-recipe-lab\outputs\h3_music_followup_score_seed43_f124_out_00001_.mp4':
  Metadata:
    major_brand     : isom
    minor_version   : 512
    compatible_brands: isomiso2avc1mp41
    encoder         : Lavf62.3.100
  Duration: 00:00:05.17, start: 0.000000, bitrate: 1507 kb/s
  Stream #0:0[0x1](und): Video: h264 (High) (avc1 / 0x31637661), yuv420p(progressive), 1344x768, 1369 kb/s, 24 fps, 24 tbr, 12288 tbn (default)
    Metadata:
      handler_name    : VideoHandler
      vendor_id       : [0][0][0][0]
  Stream #0:1[0x2](und): Audio: aac (LC) (mp4a / 0x6134706D), 32000 Hz, stereo, fltp, 128 kb/s (default)
    Metadata:
      handler_name    : SoundHandler
      vendor_id       : [0][0][0][0]
Stream mapping:
  Stream #0:1 -> #0:0 (aac (native) -> pcm_s16le (native))
Press [q] to stop, [?] for help
[Parsed_ebur128_0 @ 0000013dbf521900] t: 0.0999688  TARGET:-23 LUFS    M:-120.7 S:-120.7     I: -70.0 LUFS       LRA:   0.0 LU  FTPK: -28.9 -30.1 dBFS  TPK: -28.9 -30.1 dBFS
Output #0, null, to 'NUL':
  Metadata:
    major_brand     : isom
    minor_version   : 512
    compatible_brands: isomiso2avc1mp41
    encoder         : Lavf62.3.100
  Stream #0:0(und): Audio: pcm_s16le, 32000 Hz, stereo, s16, 1024 kb/s (default)
    Metadata:
      encoder         : Lavc62.11.100 pcm_s16le
      handler_name    : SoundHandler
      vendor_id       : [0][0][0][0]
[Parsed_ebur128_0 @ 0000013dbf521900] t: 0.199969   TARGET:-23 LUFS    M:-120.7 S:-120.7     I: -70.0 LUFS       LRA:   0.0 LU  FTPK: -28.5 -30.2 dBFS  TPK: -28.5 -30.1 dBFS
[Parsed_ebur128_0 @ 0000013dbf521900] t: 0.299969   TARGET:-23 LUFS    M:-120.7 S:-120.7     I: -70.0 LUFS       LRA:   0.0 LU  FTPK: -27.8 -29.4 dBFS  TPK: -27.8 -29.4 dBFS
[Parsed_ebur128_0 @ 0000013dbf521900] t: 0.399969   TARGET:-23 LUFS    M: -34.7 S:-120.7     I: -34.7 LUFS       LRA:   0.0 LU  FTPK: -29.8 -31.6 dBFS  TPK: -27.8 -29.4 dBFS
[Parsed_ebur128_0 @ 0000013dbf521900] t: 0.499969   TARGET:-23 LUFS    M: -34.8 S:-120.7     I: -34.7 LUFS       LRA:   0.0 LU  FTPK: -31.4 -32.8 dBFS  TPK: -27.8 -29.4 dBFS
[Parsed_ebur128_0 @ 0000013dbf521900] t: 0.599969   TARGET:-23 LUFS    M: -35.6 S:-120.7     I: -35.0 LUFS       LRA:   0.0 LU  FTPK: -31.9 -33.4 dBFS  TPK: -27.8 -29.4 dBFS
[Parsed_ebur128_0 @ 0000013dbf521900] t: 0.699969   TARGET:-23 LUFS    M: -32.7 S:-120.7     I: -34.3 LUFS       LRA:   0.0 LU  FTPK: -23.2 -24.3 dBFS  TPK: -23.2 -24.3 dBFS
[Parsed_ebur128_0 @ 0000013dbf521900] t: 0.799969   TARGET:-23 LUFS    M: -30.7 S:-120.7     I: -33.3 LUFS       LRA:   0.0 LU  FTPK: -23.7 -24.9 dBFS  TPK: -23.2 -24.3 dBFS
[Parsed_ebur128_0 @ 0000013dbf521900] t: 0.899969   TARGET:-23 LUFS    M: -28.7 S:-120.7     I: -32.1 LUFS       LRA:   0.0 LU  FTPK: -22.8 -23.7 dBFS  TPK: -22.8 -23.7 dBFS
[Parsed_ebur128_0 @ 0000013dbf521900] t: 0.999969   TARGET:-23 LUFS    M: -27.1 S:-120.7     I: -31.0 LUFS       LRA:   0.0 LU  FTPK: -22.6 -23.6 dBFS  TPK: -22.6 -23.6 dBFS
[Parsed_ebur128_0 @ 0000013dbf521900] t: 1.099969   TARGET:-23 LUFS    M: -25.7 S:-120.7     I: -29.9 LUFS       LRA:   0.0 LU  FTPK: -19.5 -19.7 dBFS  TPK: -19.5 -19.7 dBFS
[Parsed_ebur128_0 @ 0000013dbf521900] t: 1.199969   TARGET:-23 LUFS    M: -24.1 S:-120.7     I: -28.7 LUFS       LRA:   0.0 LU  FTPK: -19.3 -19.5 dBFS  TPK: -19.3 -19.5 dBFS
[Parsed_ebur128_0 @ 0000013dbf521900] t: 1.299969   TARGET:-23 LUFS    M: -22.8 S:-120.7     I: -27.6 LUFS       LRA:   0.0 LU  FTPK: -18.3 -19.2 dBFS  TPK: -18.3 -19.2 dBFS
[Parsed_ebur128_0 @ 0000013dbf521900] t: 1.399969   TARGET:-23 LUFS    M: -21.4 S:-120.7     I: -26.5 LUFS       LRA:   0.0 LU  FTPK: -17.5 -17.5 dBFS  TPK: -17.5 -17.5 dBFS
[Parsed_ebur128_0 @ 0000013dbf521900] t: 1.499969   TARGET:-23 LUFS    M: -20.7 S:-120.7     I: -25.2 LUFS       LRA:   0.0 LU  FTPK: -17.8 -17.8 dBFS  TPK: -17.5 -17.5 dBFS
[Parsed_ebur128_0 @ 0000013dbf521900] t: 1.599969   TARGET:-23 LUFS    M: -21.0 S:-120.7     I: -24.7 LUFS       LRA:   0.0 LU  FTPK: -18.2 -18.5 dBFS  TPK: -17.5 -17.5 dBFS
[Parsed_ebur128_0 @ 0000013dbf521900] t: 1.699969   TARGET:-23 LUFS    M: -21.7 S:-120.7     I: -23.7 LUFS       LRA:   0.0 LU  FTPK: -18.8 -19.2 dBFS  TPK: -17.5 -17.5 dBFS
[Parsed_ebur128_0 @ 0000013dbf521900] t: 1.799969   TARGET:-23 LUFS    M: -23.0 S:-120.7     I: -23.6 LUFS       LRA:   0.0 LU  FTPK: -18.4 -18.5 dBFS  TPK: -17.5 -17.5 dBFS
[Parsed_ebur128_0 @ 0000013dbf521900] t: 1.899969   TARGET:-23 LUFS    M: -23.8 S:-120.7     I: -23.7 LUFS       LRA:   0.0 LU  FTPK: -18.0 -18.1 dBFS  TPK: -17.5 -17.5 dBFS
[Parsed_ebur128_0 @ 0000013dbf521900] t: 1.999969   TARGET:-23 LUFS    M: -23.6 S:-120.7     I: -23.7 LUFS       LRA:   0.0 LU  FTPK: -18.4 -18.4 dBFS  TPK: -17.5 -17.5 dBFS
[Parsed_ebur128_0 @ 0000013dbf521900] t: 2.099969   TARGET:-23 LUFS    M: -22.0 S:-120.7     I: -23.5 LUFS       LRA:   0.0 LU  FTPK: -17.2 -17.2 dBFS  TPK: -17.2 -17.2 dBFS
[Parsed_ebur128_0 @ 0000013dbf521900] t: 2.199969   TARGET:-23 LUFS    M: -21.6 S:-120.7     I: -23.4 LUFS       LRA:   0.0 LU  FTPK: -17.6 -17.7 dBFS  TPK: -17.2 -17.2 dBFS
[Parsed_ebur128_0 @ 0000013dbf521900] t: 2.299969   TARGET:-23 LUFS    M: -21.1 S:-120.7     I: -23.2 LUFS       LRA:   0.0 LU  FTPK: -16.0 -16.4 dBFS  TPK: -16.0 -16.4 dBFS
[Parsed_ebur128_0 @ 0000013dbf521900] t: 2.399969   TARGET:-23 LUFS    M: -20.2 S:-120.7     I: -23.0 LUFS       LRA:   0.0 LU  FTPK: -13.3 -13.3 dBFS  TPK: -13.3 -13.3 dBFS
[Parsed_ebur128_0 @ 0000013dbf521900] t: 2.499969   TARGET:-23 LUFS    M: -20.6 S:-120.7     I: -22.8 LUFS       LRA:   0.0 LU  FTPK: -15.4 -15.2 dBFS  TPK: -13.3 -13.3 dBFS
[Parsed_ebur128_0 @ 0000013dbf521900] t: 2.599969   TARGET:-23 LUFS    M: -19.9 S:-120.7     I: -22.6 LUFS       LRA:   0.0 LU  FTPK: -14.5 -15.1 dBFS  TPK: -13.3 -13.3 dBFS
[Parsed_ebur128_0 @ 0000013dbf521900] t: 2.699969   TARGET:-23 LUFS    M: -19.7 S:-120.7     I: -22.4 LUFS       LRA:   0.0 LU  FTPK: -15.0 -14.7 dBFS  TPK: -13.3 -13.3 dBFS
[Parsed_ebur128_0 @ 0000013dbf521900] t: 2.799969   TARGET:-23 LUFS    M: -19.3 S:-120.7     I: -22.2 LUFS       LRA:   0.0 LU  FTPK: -13.6 -13.8 dBFS  TPK: -13.3 -13.3 dBFS
[Parsed_ebur128_0 @ 0000013dbf521900] t: 2.899969   TARGET:-23 LUFS    M: -18.2 S:-120.7     I: -21.7 LUFS       LRA:   0.0 LU  FTPK: -13.4 -13.3 dBFS  TPK: -13.3 -13.3 dBFS
[Parsed_ebur128_0 @ 0000013dbf521900] t: 2.999969   TARGET:-23 LUFS    M: -17.6 S: -21.9     I: -21.5 LUFS       LRA:  20.0 LU  FTPK: -12.9 -13.8 dBFS  TPK: -12.9 -13.3 dBFS
[Parsed_ebur128_0 @ 0000013dbf521900] t: 3.099969   TARGET:-23 LUFS    M: -17.7 S: -21.6     I: -21.2 LUFS       LRA:  20.1 LU  FTPK: -14.9 -15.2 dBFS  TPK: -12.9 -13.3 dBFS
[Parsed_ebur128_0 @ 0000013dbf521900] t: 3.199969   TARGET:-23 LUFS    M: -18.1 S: -21.4     I: -21.0 LUFS       LRA:  20.2 LU  FTPK: -14.2 -14.4 dBFS  TPK: -12.9 -13.3 dBFS
[Parsed_ebur128_0 @ 0000013dbf521900] t: 3.299969   TARGET:-23 LUFS    M: -18.7 S: -21.2     I: -20.9 LUFS       LRA:  20.3 LU  FTPK: -14.1 -14.6 dBFS  TPK: -12.9 -13.3 dBFS
[Parsed_ebur128_0 @ 0000013dbf521900] t: 3.399969   TARGET:-23 LUFS    M: -19.9 S: -21.1     I: -20.9 LUFS       LRA:   0.8 LU  FTPK: -16.6 -16.5 dBFS  TPK: -12.9 -13.3 dBFS
[Parsed_ebur128_0 @ 0000013dbf521900] t: 3.499969   TARGET:-23 LUFS    M: -20.1 S: -20.9     I: -20.9 LUFS       LRA:   1.0 LU  FTPK: -15.5 -15.7 dBFS  TPK: -12.9 -13.3 dBFS
[Parsed_ebur128_0 @ 0000013dbf521900] t: 3.599969   TARGET:-23 LUFS    M: -20.1 S: -20.7     I: -20.8 LUFS       LRA:   1.1 LU  FTPK: -15.1 -15.2 dBFS  TPK: -12.9 -13.3 dBFS
[Parsed_ebur128_0 @ 0000013dbf521900] t: 3.699969   TARGET:-23 LUFS    M: -21.0 S: -20.6     I: -20.8 LUFS       LRA:   1.2 LU  FTPK: -15.4 -15.5 dBFS  TPK: -12.9 -13.3 dBFS
[Parsed_ebur128_0 @ 0000013dbf521900] t: 3.799969   TARGET:-23 LUFS    M: -20.3 S: -20.5     I: -20.8 LUFS       LRA:   1.4 LU  FTPK: -14.4 -14.2 dBFS  TPK: -12.9 -13.3 dBFS
[Parsed_ebur128_0 @ 0000013dbf521900] t: 3.899969   TARGET:-23 LUFS    M: -19.7 S: -20.3     I: -20.8 LUFS       LRA:   1.6 LU  FTPK: -14.7 -14.3 dBFS  TPK: -12.9 -13.3 dBFS
[Parsed_ebur128_0 @ 0000013dbf521900] t: 3.999969   TARGET:-23 LUFS    M: -19.3 S: -20.1     I: -20.7 LUFS       LRA:   1.6 LU  FTPK: -14.8 -14.7 dBFS  TPK: -12.9 -13.3 dBFS
[Parsed_ebur128_0 @ 0000013dbf521900] t: 4.099969   TARGET:-23 LUFS    M: -18.5 S: -19.9     I: -20.6 LUFS       LRA:   1.8 LU  FTPK: -14.0 -14.2 dBFS  TPK: -12.9 -13.3 dBFS
[Parsed_ebur128_0 @ 0000013dbf521900] t: 4.199969   TARGET:-23 LUFS    M: -18.4 S: -19.8     I: -20.6 LUFS       LRA:   1.9 LU  FTPK: -15.3 -15.0 dBFS  TPK: -12.9 -13.3 dBFS
[Parsed_ebur128_0 @ 0000013dbf521900] t: 4.299969   TARGET:-23 LUFS    M: -18.3 S: -19.7     I: -20.5 LUFS       LRA:   2.0 LU  FTPK: -14.1 -14.0 dBFS  TPK: -12.9 -13.3 dBFS
[Parsed_ebur128_0 @ 0000013dbf521900] t: 4.399969   TARGET:-23 LUFS    M: -17.9 S: -19.6     I: -20.4 LUFS       LRA:   1.9 LU  FTPK: -14.2 -13.8 dBFS  TPK: -12.9 -13.3 dBFS
[Parsed_ebur128_0 @ 0000013dbf521900] t: 4.499969   TARGET:-23 LUFS    M: -17.4 S: -19.4     I: -20.3 LUFS       LRA:   2.0 LU  FTPK: -13.2 -12.9 dBFS  TPK: -12.9 -12.9 dBFS
[Parsed_ebur128_0 @ 0000013dbf521900] t: 4.599969   TARGET:-23 LUFS    M: -16.7 S: -19.1     I: -20.0 LUFS       LRA:   2.2 LU  FTPK: -12.6 -12.1 dBFS  TPK: -12.6 -12.1 dBFS
[Parsed_ebur128_0 @ 0000013dbf521900] t: 4.699969   TARGET:-23 LUFS    M: -16.5 S: -18.9     I: -19.9 LUFS       LRA:   2.5 LU  FTPK: -13.1 -13.3 dBFS  TPK: -12.6 -12.1 dBFS
[Parsed_ebur128_0 @ 0000013dbf521900] t: 4.799969   TARGET:-23 LUFS    M: -16.7 S: -18.8     I: -19.8 LUFS       LRA:   2.7 LU  FTPK: -15.3 -14.7 dBFS  TPK: -12.6 -12.1 dBFS
[Parsed_ebur128_0 @ 0000013dbf521900] t: 4.899969   TARGET:-23 LUFS    M: -17.4 S: -18.8     I: -19.7 LUFS       LRA:   2.8 LU  FTPK: -16.3 -15.8 dBFS  TPK: -12.6 -12.1 dBFS
[Parsed_ebur128_0 @ 0000013dbf521900] t: 4.999969   TARGET:-23 LUFS    M: -18.6 S: -18.7     I: -19.7 LUFS       LRA:   2.9 LU  FTPK: -14.9 -14.3 dBFS  TPK: -12.6 -12.1 dBFS
[Parsed_ebur128_0 @ 0000013dbf521900] t: 5.099969   TARGET:-23 LUFS    M: -19.4 S: -18.7     I: -19.7 LUFS       LRA:   2.9 LU  FTPK: -14.5 -14.0 dBFS  TPK: -12.6 -12.1 dBFS
[Parsed_ebur128_0 @ 0000013dbf521900] Summary:

  Integrated loudness:
    I:         -19.7 LUFS
    Threshold: -30.1 LUFS

  Loudness range:
    LRA:         2.9 LU
    Threshold: -40.0 LUFS
    LRA low:   -21.6 LUFS
    LRA high:  -18.7 LUFS

  True peak:
    Peak:      -12.1 dBFS
[out#0/null @ 0000013dc0d76180] video:0KiB audio:648KiB subtitle:0KiB other streams:0KiB global headers:0KiB muxing overhead: unknown
size=N/A time=00:00:05.18 bitrate=N/A speed= 331x elapsed=0:00:00.01    
