Input #0, mov,mp4,m4a,3gp,3g2,mj2, from 'C:\Users\jeffr\Documents\ComfyUI\vram-recipe-lab\outputs\h3_music_followup_score_seed45_f124_out_00001_.mp4':
  Metadata:
    major_brand     : isom
    minor_version   : 512
    compatible_brands: isomiso2avc1mp41
    encoder         : Lavf62.3.100
  Duration: 00:00:05.17, start: 0.000000, bitrate: 1625 kb/s
  Stream #0:0[0x1](und): Video: h264 (High) (avc1 / 0x31637661), yuv420p(progressive), 1344x768, 1489 kb/s, 24 fps, 24 tbr, 12288 tbn (default)
    Metadata:
      handler_name    : VideoHandler
      vendor_id       : [0][0][0][0]
  Stream #0:1[0x2](und): Audio: aac (LC) (mp4a / 0x6134706D), 32000 Hz, stereo, fltp, 127 kb/s (default)
    Metadata:
      handler_name    : SoundHandler
      vendor_id       : [0][0][0][0]
Stream mapping:
  Stream #0:1 -> #0:0 (aac (native) -> pcm_s16le (native))
Press [q] to stop, [?] for help
Output #0, null, to 'NUL':
  Metadata:
    major_brand     : isom
    minor_version   : 512
    compatible_brands: isomiso2avc1mp41
    encoder         : Lavf62.3.100
  Stream #0:0(und): Audio: pcm_s16le, 32000 Hz, stereo, s16, 1024 kb/s (default)
    Metadata:
      encoder         : Lavc62.11.100 pcm_s16le
      handler_name    : SoundHandler
      vendor_id       : [0][0][0][0]
[Parsed_astats_0 @ 000001a82e6a1900] Channel: 1
[Parsed_astats_0 @ 000001a82e6a1900] DC offset: 0.000051
[Parsed_astats_0 @ 000001a82e6a1900] Min level: -0.255614
[Parsed_astats_0 @ 000001a82e6a1900] Max level: 0.302241
[Parsed_astats_0 @ 000001a82e6a1900] Min difference: 0.000000
[Parsed_astats_0 @ 000001a82e6a1900] Max difference: 0.032458
[Parsed_astats_0 @ 000001a82e6a1900] Mean difference: 0.006551
[Parsed_astats_0 @ 000001a82e6a1900] RMS difference: 0.008364
[Parsed_astats_0 @ 000001a82e6a1900] Peak level dB: -10.392927
[Parsed_astats_0 @ 000001a82e6a1900] RMS level dB: -21.522418
[Parsed_astats_0 @ 000001a82e6a1900] RMS peak dB: -18.145788
[Parsed_astats_0 @ 000001a82e6a1900] RMS through dB: -25.718347
[Parsed_astats_0 @ 000001a82e6a1900] Crest factor: 3.601426
[Parsed_astats_0 @ 000001a82e6a1900] Flat factor: 0.000000
[Parsed_astats_0 @ 000001a82e6a1900] Peak count: 2
[Parsed_astats_0 @ 000001a82e6a1900] Abs Peak count: 1
[Parsed_astats_0 @ 000001a82e6a1900] Noise floor dB: -17.573915
[Parsed_astats_0 @ 000001a82e6a1900] Noise floor count: 52
[Parsed_astats_0 @ 000001a82e6a1900] Entropy: 0.803712
[Parsed_astats_0 @ 000001a82e6a1900] Bit depth: 30/32/32/32
[Parsed_astats_0 @ 000001a82e6a1900] Dynamic range: 143.812581
[Parsed_astats_0 @ 000001a82e6a1900] Zero crossings: 4989
[Parsed_astats_0 @ 000001a82e6a1900] Zero crossings rate: 0.030075
[Parsed_astats_0 @ 000001a82e6a1900] Number of NaNs: 0
[Parsed_astats_0 @ 000001a82e6a1900] Number of Infs: 0
[Parsed_astats_0 @ 000001a82e6a1900] Number of denormals: 0
[Parsed_astats_0 @ 000001a82e6a1900] Channel: 2
[Parsed_astats_0 @ 000001a82e6a1900] DC offset: 0.000060
[Parsed_astats_0 @ 000001a82e6a1900] Min level: -0.230018
[Parsed_astats_0 @ 000001a82e6a1900] Max level: 0.279485
[Parsed_astats_0 @ 000001a82e6a1900] Min difference: 0.000000
[Parsed_astats_0 @ 000001a82e6a1900] Max difference: 0.028802
[Parsed_astats_0 @ 000001a82e6a1900] Mean difference: 0.005832
[Parsed_astats_0 @ 000001a82e6a1900] RMS difference: 0.007401
[Parsed_astats_0 @ 000001a82e6a1900] Peak level dB: -11.072818
[Parsed_astats_0 @ 000001a82e6a1900] RMS level dB: -22.452535
[Parsed_astats_0 @ 000001a82e6a1900] RMS peak dB: -19.148987
[Parsed_astats_0 @ 000001a82e6a1900] RMS through dB: -26.146344
[Parsed_astats_0 @ 000001a82e6a1900] Crest factor: 3.706686
[Parsed_astats_0 @ 000001a82e6a1900] Flat factor: 0.000000
[Parsed_astats_0 @ 000001a82e6a1900] Peak count: 2
[Parsed_astats_0 @ 000001a82e6a1900] Abs Peak count: 1
[Parsed_astats_0 @ 000001a82e6a1900] Noise floor dB: -18.042964
[Parsed_astats_0 @ 000001a82e6a1900] Noise floor count: 54
[Parsed_astats_0 @ 000001a82e6a1900] Entropy: 0.791481
[Parsed_astats_0 @ 000001a82e6a1900] Bit depth: 30/32/32/32
[Parsed_astats_0 @ 000001a82e6a1900] Dynamic range: 164.322278
[Parsed_astats_0 @ 000001a82e6a1900] Zero crossings: 4991
[Parsed_astats_0 @ 000001a82e6a1900] Zero crossings rate: 0.030087
[Parsed_astats_0 @ 000001a82e6a1900] Number of NaNs: 0
[Parsed_astats_0 @ 000001a82e6a1900] Number of Infs: 0
[Parsed_astats_0 @ 000001a82e6a1900] Number of denormals: 0
[Parsed_astats_0 @ 000001a82e6a1900] Overall
[Parsed_astats_0 @ 000001a82e6a1900] DC offset: 0.000060
[Parsed_astats_0 @ 000001a82e6a1900] Min level: -0.255614
[Parsed_astats_0 @ 000001a82e6a1900] Max level: 0.302241
[Parsed_astats_0 @ 000001a82e6a1900] Min difference: 0.000000
[Parsed_astats_0 @ 000001a82e6a1900] Max difference: 0.032458
[Parsed_astats_0 @ 000001a82e6a1900] Mean difference: 0.006192
[Parsed_astats_0 @ 000001a82e6a1900] RMS difference: 0.007897
[Parsed_astats_0 @ 000001a82e6a1900] Peak level dB: -10.392927
[Parsed_astats_0 @ 000001a82e6a1900] RMS level dB: -21.962624
[Parsed_astats_0 @ 000001a82e6a1900] RMS peak dB: -18.145788
[Parsed_astats_0 @ 000001a82e6a1900] RMS through dB: -26.146344
[Parsed_astats_0 @ 000001a82e6a1900] Flat factor: 0.000000
[Parsed_astats_0 @ 000001a82e6a1900] Peak count: 2.000000
[Parsed_astats_0 @ 000001a82e6a1900] Abs Peak count: 1.000000
[Parsed_astats_0 @ 000001a82e6a1900] Noise floor dB: -17.573915
[Parsed_astats_0 @ 000001a82e6a1900] Noise floor count: 53.000000
[Parsed_astats_0 @ 000001a82e6a1900] Entropy: 0.797597
[Parsed_astats_0 @ 000001a82e6a1900] Bit depth: 30/32/32/32
[Parsed_astats_0 @ 000001a82e6a1900] Number of samples: 165888
[Parsed_astats_0 @ 000001a82e6a1900] Number of NaNs: 0.000000
[Parsed_astats_0 @ 000001a82e6a1900] Number of Infs: 0.000000
[Parsed_astats_0 @ 000001a82e6a1900] Number of denormals: 0.000000
[out#0/null @ 000001a830002c80] video:0KiB audio:648KiB subtitle:0KiB other streams:0KiB global headers:0KiB muxing overhead: unknown
size=N/A time=00:00:05.18 bitrate=N/A speed= 803x elapsed=0:00:00.00    
