Input #0, mov,mp4,m4a,3gp,3g2,mj2, from 'C:\Users\jeffr\Documents\ComfyUI\vram-recipe-lab\outputs\h3_music_followup_score_seed45_f124_out_00001_.mp4':
  Metadata:
    major_brand     : isom
    minor_version   : 512
    compatible_brands: isomiso2avc1mp41
    encoder         : Lavf62.3.100
  Duration: 00:00:05.17, start: 0.000000, bitrate: 1625 kb/s
  Stream #0:0[0x1](und): Video: h264 (High) (avc1 / 0x31637661), yuv420p(progressive), 1344x768, 1489 kb/s, 24 fps, 24 tbr, 12288 tbn (default)
    Metadata:
      handler_name    : VideoHandler
      vendor_id       : [0][0][0][0]
  Stream #0:1[0x2](und): Audio: aac (LC) (mp4a / 0x6134706D), 32000 Hz, stereo, fltp, 127 kb/s (default)
    Metadata:
      handler_name    : SoundHandler
      vendor_id       : [0][0][0][0]
Stream mapping:
  Stream #0:1 -> #0:0 (aac (native) -> pcm_s16le (native))
Press [q] to stop, [?] for help
[Parsed_ebur128_0 @ 0000025b8cb61900] t: 0.0999688  TARGET:-23 LUFS    M:-120.7 S:-120.7     I: -70.0 LUFS       LRA:   0.0 LU  FTPK: -10.9 -11.1 dBFS  TPK: -10.9 -11.1 dBFS
Output #0, null, to 'NUL':
  Metadata:
    major_brand     : isom
    minor_version   : 512
    compatible_brands: isomiso2avc1mp41
    encoder         : Lavf62.3.100
  Stream #0:0(und): Audio: pcm_s16le, 32000 Hz, stereo, s16, 1024 kb/s (default)
    Metadata:
      encoder         : Lavc62.11.100 pcm_s16le
      handler_name    : SoundHandler
      vendor_id       : [0][0][0][0]
[Parsed_ebur128_0 @ 0000025b8cb61900] t: 0.199969   TARGET:-23 LUFS    M:-120.7 S:-120.7     I: -70.0 LUFS       LRA:   0.0 LU  FTPK: -11.7 -12.2 dBFS  TPK: -10.9 -11.1 dBFS
[Parsed_ebur128_0 @ 0000025b8cb61900] t: 0.299969   TARGET:-23 LUFS    M:-120.7 S:-120.7     I: -70.0 LUFS       LRA:   0.0 LU  FTPK: -13.3 -15.1 dBFS  TPK: -10.9 -11.1 dBFS
[Parsed_ebur128_0 @ 0000025b8cb61900] t: 0.399969   TARGET:-23 LUFS    M: -20.3 S:-120.7     I: -20.3 LUFS       LRA:   0.0 LU  FTPK: -11.8 -12.9 dBFS  TPK: -10.9 -11.1 dBFS
[Parsed_ebur128_0 @ 0000025b8cb61900] t: 0.499969   TARGET:-23 LUFS    M: -20.6 S:-120.7     I: -20.4 LUFS       LRA:   0.0 LU  FTPK: -13.8 -14.5 dBFS  TPK: -10.9 -11.1 dBFS
[Parsed_ebur128_0 @ 0000025b8cb61900] t: 0.599969   TARGET:-23 LUFS    M: -20.9 S:-120.7     I: -20.6 LUFS       LRA:   0.0 LU  FTPK: -13.7 -14.8 dBFS  TPK: -10.9 -11.1 dBFS
[Parsed_ebur128_0 @ 0000025b8cb61900] t: 0.699969   TARGET:-23 LUFS    M: -20.1 S:-120.7     I: -20.5 LUFS       LRA:   0.0 LU  FTPK: -12.7 -13.6 dBFS  TPK: -10.9 -11.1 dBFS
[Parsed_ebur128_0 @ 0000025b8cb61900] t: 0.799969   TARGET:-23 LUFS    M: -20.1 S:-120.7     I: -20.4 LUFS       LRA:   0.0 LU  FTPK: -13.2 -14.6 dBFS  TPK: -10.9 -11.1 dBFS
[Parsed_ebur128_0 @ 0000025b8cb61900] t: 0.899969   TARGET:-23 LUFS    M: -19.8 S:-120.7     I: -20.3 LUFS       LRA:   0.0 LU  FTPK: -12.7 -13.6 dBFS  TPK: -10.9 -11.1 dBFS
[Parsed_ebur128_0 @ 0000025b8cb61900] t: 0.999969   TARGET:-23 LUFS    M: -19.8 S:-120.7     I: -20.2 LUFS       LRA:   0.0 LU  FTPK: -13.9 -15.1 dBFS  TPK: -10.9 -11.1 dBFS
[Parsed_ebur128_0 @ 0000025b8cb61900] t: 1.099969   TARGET:-23 LUFS    M: -20.1 S:-120.7     I: -20.2 LUFS       LRA:   0.0 LU  FTPK: -14.7 -15.1 dBFS  TPK: -10.9 -11.1 dBFS
[Parsed_ebur128_0 @ 0000025b8cb61900] t: 1.199969   TARGET:-23 LUFS    M: -19.9 S:-120.7     I: -20.2 LUFS       LRA:   0.0 LU  FTPK: -13.6 -14.5 dBFS  TPK: -10.9 -11.1 dBFS
[Parsed_ebur128_0 @ 0000025b8cb61900] t: 1.299969   TARGET:-23 LUFS    M: -19.6 S:-120.7     I: -20.1 LUFS       LRA:   0.0 LU  FTPK: -12.7 -14.0 dBFS  TPK: -10.9 -11.1 dBFS
[Parsed_ebur128_0 @ 0000025b8cb61900] t: 1.399969   TARGET:-23 LUFS    M: -19.4 S:-120.7     I: -20.0 LUFS       LRA:   0.0 LU  FTPK: -13.3 -13.3 dBFS  TPK: -10.9 -11.1 dBFS
[Parsed_ebur128_0 @ 0000025b8cb61900] t: 1.499969   TARGET:-23 LUFS    M: -19.0 S:-120.7     I: -19.9 LUFS       LRA:   0.0 LU  FTPK: -12.7 -14.3 dBFS  TPK: -10.9 -11.1 dBFS
[Parsed_ebur128_0 @ 0000025b8cb61900] t: 1.599969   TARGET:-23 LUFS    M: -19.0 S:-120.7     I: -19.9 LUFS       LRA:   0.0 LU  FTPK: -12.4 -14.4 dBFS  TPK: -10.9 -11.1 dBFS
[Parsed_ebur128_0 @ 0000025b8cb61900] t: 1.699969   TARGET:-23 LUFS    M: -19.1 S:-120.7     I: -19.8 LUFS       LRA:   0.0 LU  FTPK: -13.5 -14.4 dBFS  TPK: -10.9 -11.1 dBFS
[Parsed_ebur128_0 @ 0000025b8cb61900] t: 1.799969   TARGET:-23 LUFS    M: -19.0 S:-120.7     I: -19.7 LUFS       LRA:   0.0 LU  FTPK: -13.6 -15.3 dBFS  TPK: -10.9 -11.1 dBFS
[Parsed_ebur128_0 @ 0000025b8cb61900] t: 1.899969   TARGET:-23 LUFS    M: -19.2 S:-120.7     I: -19.7 LUFS       LRA:   0.0 LU  FTPK: -13.9 -14.8 dBFS  TPK: -10.9 -11.1 dBFS
[Parsed_ebur128_0 @ 0000025b8cb61900] t: 1.999969   TARGET:-23 LUFS    M: -19.3 S:-120.7     I: -19.7 LUFS       LRA:   0.0 LU  FTPK: -13.8 -14.7 dBFS  TPK: -10.9 -11.1 dBFS
[Parsed_ebur128_0 @ 0000025b8cb61900] t: 2.099969   TARGET:-23 LUFS    M: -19.4 S:-120.7     I: -19.7 LUFS       LRA:   0.0 LU  FTPK: -14.5 -15.5 dBFS  TPK: -10.9 -11.1 dBFS
[Parsed_ebur128_0 @ 0000025b8cb61900] t: 2.199969   TARGET:-23 LUFS    M: -19.5 S:-120.7     I: -19.7 LUFS       LRA:   0.0 LU  FTPK: -12.7 -13.9 dBFS  TPK: -10.9 -11.1 dBFS
[Parsed_ebur128_0 @ 0000025b8cb61900] t: 2.299969   TARGET:-23 LUFS    M: -19.7 S:-120.7     I: -19.7 LUFS       LRA:   0.0 LU  FTPK: -13.5 -14.8 dBFS  TPK: -10.9 -11.1 dBFS
[Parsed_ebur128_0 @ 0000025b8cb61900] t: 2.399969   TARGET:-23 LUFS    M: -19.7 S:-120.7     I: -19.7 LUFS       LRA:   0.0 LU  FTPK: -12.0 -13.4 dBFS  TPK: -10.9 -11.1 dBFS
[Parsed_ebur128_0 @ 0000025b8cb61900] t: 2.499969   TARGET:-23 LUFS    M: -19.2 S:-120.7     I: -19.6 LUFS       LRA:   0.0 LU  FTPK: -11.0 -12.4 dBFS  TPK: -10.9 -11.1 dBFS
[Parsed_ebur128_0 @ 0000025b8cb61900] t: 2.599969   TARGET:-23 LUFS    M: -19.1 S:-120.7     I: -19.6 LUFS       LRA:   0.0 LU  FTPK: -12.1 -13.3 dBFS  TPK: -10.9 -11.1 dBFS
[Parsed_ebur128_0 @ 0000025b8cb61900] t: 2.699969   TARGET:-23 LUFS    M: -18.7 S:-120.7     I: -19.6 LUFS       LRA:   0.0 LU  FTPK: -12.4 -13.5 dBFS  TPK: -10.9 -11.1 dBFS
[Parsed_ebur128_0 @ 0000025b8cb61900] t: 2.799969   TARGET:-23 LUFS    M: -18.3 S:-120.7     I: -19.5 LUFS       LRA:   0.0 LU  FTPK: -12.0 -13.2 dBFS  TPK: -10.9 -11.1 dBFS
[Parsed_ebur128_0 @ 0000025b8cb61900] t: 2.899969   TARGET:-23 LUFS    M: -18.4 S:-120.7     I: -19.5 LUFS       LRA:   0.0 LU  FTPK: -10.8 -11.8 dBFS  TPK: -10.8 -11.1 dBFS
[Parsed_ebur128_0 @ 0000025b8cb61900] t: 2.999969   TARGET:-23 LUFS    M: -18.6 S: -19.4     I: -19.4 LUFS       LRA:  20.0 LU  FTPK: -13.8 -13.7 dBFS  TPK: -10.8 -11.1 dBFS
[Parsed_ebur128_0 @ 0000025b8cb61900] t: 3.099969   TARGET:-23 LUFS    M: -18.8 S: -19.4     I: -19.4 LUFS       LRA:  20.0 LU  FTPK: -12.7 -13.7 dBFS  TPK: -10.8 -11.1 dBFS
[Parsed_ebur128_0 @ 0000025b8cb61900] t: 3.199969   TARGET:-23 LUFS    M: -19.3 S: -19.4     I: -19.4 LUFS       LRA:  20.0 LU  FTPK: -13.2 -14.4 dBFS  TPK: -10.8 -11.1 dBFS
[Parsed_ebur128_0 @ 0000025b8cb61900] t: 3.299969   TARGET:-23 LUFS    M: -19.8 S: -19.4     I: -19.4 LUFS       LRA:  20.0 LU  FTPK: -13.0 -14.3 dBFS  TPK: -10.8 -11.1 dBFS
[Parsed_ebur128_0 @ 0000025b8cb61900] t: 3.399969   TARGET:-23 LUFS    M: -18.9 S: -19.3     I: -19.4 LUFS       LRA:   0.2 LU  FTPK: -10.4 -11.4 dBFS  TPK: -10.4 -11.1 dBFS
[Parsed_ebur128_0 @ 0000025b8cb61900] t: 3.499969   TARGET:-23 LUFS    M: -18.1 S: -19.1     I: -19.4 LUFS       LRA:   0.4 LU  FTPK: -11.2 -12.0 dBFS  TPK: -10.4 -11.1 dBFS
[Parsed_ebur128_0 @ 0000025b8cb61900] t: 3.599969   TARGET:-23 LUFS    M: -17.6 S: -19.0     I: -19.3 LUFS       LRA:   0.5 LU  FTPK: -11.9 -12.8 dBFS  TPK: -10.4 -11.1 dBFS
[Parsed_ebur128_0 @ 0000025b8cb61900] t: 3.699969   TARGET:-23 LUFS    M: -17.6 S: -19.0     I: -19.2 LUFS       LRA:   0.5 LU  FTPK: -12.8 -13.8 dBFS  TPK: -10.4 -11.1 dBFS
[Parsed_ebur128_0 @ 0000025b8cb61900] t: 3.799969   TARGET:-23 LUFS    M: -17.9 S: -19.0     I: -19.2 LUFS       LRA:   0.5 LU  FTPK: -12.2 -12.6 dBFS  TPK: -10.4 -11.1 dBFS
[Parsed_ebur128_0 @ 0000025b8cb61900] t: 3.899969   TARGET:-23 LUFS    M: -18.9 S: -19.0     I: -19.2 LUFS       LRA:   0.5 LU  FTPK: -13.0 -13.8 dBFS  TPK: -10.4 -11.1 dBFS
[Parsed_ebur128_0 @ 0000025b8cb61900] t: 3.999969   TARGET:-23 LUFS    M: -19.7 S: -19.0     I: -19.2 LUFS       LRA:   0.5 LU  FTPK: -12.8 -13.6 dBFS  TPK: -10.4 -11.1 dBFS
[Parsed_ebur128_0 @ 0000025b8cb61900] t: 4.099969   TARGET:-23 LUFS    M: -19.8 S: -19.0     I: -19.2 LUFS       LRA:   0.5 LU  FTPK: -16.0 -16.2 dBFS  TPK: -10.4 -11.1 dBFS
[Parsed_ebur128_0 @ 0000025b8cb61900] t: 4.199969   TARGET:-23 LUFS    M: -20.6 S: -19.0     I: -19.2 LUFS       LRA:   0.5 LU  FTPK: -14.9 -15.2 dBFS  TPK: -10.4 -11.1 dBFS
[Parsed_ebur128_0 @ 0000025b8cb61900] t: 4.299969   TARGET:-23 LUFS    M: -20.9 S: -19.1     I: -19.3 LUFS       LRA:   0.5 LU  FTPK: -14.7 -15.1 dBFS  TPK: -10.4 -11.1 dBFS
[Parsed_ebur128_0 @ 0000025b8cb61900] t: 4.399969   TARGET:-23 LUFS    M: -20.9 S: -19.1     I: -19.3 LUFS       LRA:   0.5 LU  FTPK: -15.1 -15.9 dBFS  TPK: -10.4 -11.1 dBFS
[Parsed_ebur128_0 @ 0000025b8cb61900] t: 4.499969   TARGET:-23 LUFS    M: -20.6 S: -19.2     I: -19.3 LUFS       LRA:   0.5 LU  FTPK: -14.5 -14.7 dBFS  TPK: -10.4 -11.1 dBFS
[Parsed_ebur128_0 @ 0000025b8cb61900] t: 4.599969   TARGET:-23 LUFS    M: -20.5 S: -19.2     I: -19.4 LUFS       LRA:   0.5 LU  FTPK: -13.3 -13.9 dBFS  TPK: -10.4 -11.1 dBFS
[Parsed_ebur128_0 @ 0000025b8cb61900] t: 4.699969   TARGET:-23 LUFS    M: -20.6 S: -19.3     I: -19.4 LUFS       LRA:   0.5 LU  FTPK: -15.7 -15.7 dBFS  TPK: -10.4 -11.1 dBFS
[Parsed_ebur128_0 @ 0000025b8cb61900] t: 4.799969   TARGET:-23 LUFS    M: -20.8 S: -19.3     I: -19.4 LUFS       LRA:   0.5 LU  FTPK: -15.2 -15.7 dBFS  TPK: -10.4 -11.1 dBFS
[Parsed_ebur128_0 @ 0000025b8cb61900] t: 4.899969   TARGET:-23 LUFS    M: -21.0 S: -19.4     I: -19.4 LUFS       LRA:   0.5 LU  FTPK: -14.2 -14.5 dBFS  TPK: -10.4 -11.1 dBFS
[Parsed_ebur128_0 @ 0000025b8cb61900] t: 4.999969   TARGET:-23 LUFS    M: -21.7 S: -19.4     I: -19.5 LUFS       LRA:   0.5 LU  FTPK: -15.1 -15.5 dBFS  TPK: -10.4 -11.1 dBFS
[Parsed_ebur128_0 @ 0000025b8cb61900] t: 5.099969   TARGET:-23 LUFS    M: -21.7 S: -19.5     I: -19.5 LUFS       LRA:   0.5 LU  FTPK: -15.6 -16.0 dBFS  TPK: -10.4 -11.1 dBFS
[Parsed_ebur128_0 @ 0000025b8cb61900] Summary:

  Integrated loudness:
    I:         -19.5 LUFS
    Threshold: -29.5 LUFS

  Loudness range:
    LRA:         0.5 LU
    Threshold: -39.2 LUFS
    LRA low:   -19.5 LUFS
    LRA high:  -19.0 LUFS

  True peak:
    Peak:      -10.4 dBFS
[out#0/null @ 0000025b8e456180] video:0KiB audio:648KiB subtitle:0KiB other streams:0KiB global headers:0KiB muxing overhead: unknown
size=N/A time=00:00:05.18 bitrate=N/A speed= 318x elapsed=0:00:00.01    
