Input #0, mov,mp4,m4a,3gp,3g2,mj2, from 'C:\Users\jeffr\Documents\ComfyUI\vram-recipe-lab\outputs\h3_unconditioned_music_motion_small_seed42_f124_out_00001_.mp4':
  Metadata:
    major_brand     : isom
    minor_version   : 512
    compatible_brands: isomiso2avc1mp41
    encoder         : Lavf62.3.100
  Duration: 00:00:05.17, start: 0.000000, bitrate: 1332 kb/s
  Stream #0:0[0x1](und): Video: h264 (High) (avc1 / 0x31637661), yuv420p(progressive), 1344x768, 1191 kb/s, 24 fps, 24 tbr, 12288 tbn (default)
    Metadata:
      handler_name    : VideoHandler
      vendor_id       : [0][0][0][0]
  Stream #0:1[0x2](und): Audio: aac (LC) (mp4a / 0x6134706D), 32000 Hz, stereo, fltp, 131 kb/s (default)
    Metadata:
      handler_name    : SoundHandler
      vendor_id       : [0][0][0][0]
Stream mapping:
  Stream #0:1 -> #0:0 (aac (native) -> pcm_s16le (native))
Press [q] to stop, [?] for help
[Parsed_ebur128_0 @ 0000024d1f7d16c0] t: 0.0999688  TARGET:-23 LUFS    M:-120.7 S:-120.7     I: -70.0 LUFS       LRA:   0.0 LU  FTPK: -51.2 -51.4 dBFS  TPK: -51.2 -51.4 dBFS
Output #0, null, to 'NUL':
  Metadata:
    major_brand     : isom
    minor_version   : 512
    compatible_brands: isomiso2avc1mp41
    encoder         : Lavf62.3.100
  Stream #0:0(und): Audio: pcm_s16le, 32000 Hz, stereo, s16, 1024 kb/s (default)
    Metadata:
      encoder         : Lavc62.11.100 pcm_s16le
      handler_name    : SoundHandler
      vendor_id       : [0][0][0][0]
[Parsed_ebur128_0 @ 0000024d1f7d16c0] t: 0.199969   TARGET:-23 LUFS    M:-120.7 S:-120.7     I: -70.0 LUFS       LRA:   0.0 LU  FTPK: -51.2 -51.3 dBFS  TPK: -51.2 -51.3 dBFS
[Parsed_ebur128_0 @ 0000024d1f7d16c0] t: 0.299969   TARGET:-23 LUFS    M:-120.7 S:-120.7     I: -70.0 LUFS       LRA:   0.0 LU  FTPK: -48.7 -48.5 dBFS  TPK: -48.7 -48.5 dBFS
[Parsed_ebur128_0 @ 0000024d1f7d16c0] t: 0.399969   TARGET:-23 LUFS    M: -57.9 S:-120.7     I: -57.9 LUFS       LRA:   0.0 LU  FTPK: -48.9 -48.7 dBFS  TPK: -48.7 -48.5 dBFS
[Parsed_ebur128_0 @ 0000024d1f7d16c0] t: 0.499969   TARGET:-23 LUFS    M: -57.0 S:-120.7     I: -57.4 LUFS       LRA:   0.0 LU  FTPK: -50.2 -50.0 dBFS  TPK: -48.7 -48.5 dBFS
[Parsed_ebur128_0 @ 0000024d1f7d16c0] t: 0.599969   TARGET:-23 LUFS    M: -56.6 S:-120.7     I: -57.2 LUFS       LRA:   0.0 LU  FTPK: -50.3 -50.2 dBFS  TPK: -48.7 -48.5 dBFS
[Parsed_ebur128_0 @ 0000024d1f7d16c0] t: 0.699969   TARGET:-23 LUFS    M: -56.2 S:-120.7     I: -56.9 LUFS       LRA:   0.0 LU  FTPK: -45.9 -45.8 dBFS  TPK: -45.9 -45.8 dBFS
[Parsed_ebur128_0 @ 0000024d1f7d16c0] t: 0.799969   TARGET:-23 LUFS    M: -55.8 S:-120.7     I: -56.7 LUFS       LRA:   0.0 LU  FTPK: -47.5 -47.4 dBFS  TPK: -45.9 -45.8 dBFS
[Parsed_ebur128_0 @ 0000024d1f7d16c0] t: 0.899969   TARGET:-23 LUFS    M: -55.6 S:-120.7     I: -56.5 LUFS       LRA:   0.0 LU  FTPK: -47.6 -47.8 dBFS  TPK: -45.9 -45.8 dBFS
[Parsed_ebur128_0 @ 0000024d1f7d16c0] t: 0.999969   TARGET:-23 LUFS    M: -55.4 S:-120.7     I: -56.3 LUFS       LRA:   0.0 LU  FTPK: -50.6 -50.3 dBFS  TPK: -45.9 -45.8 dBFS
[Parsed_ebur128_0 @ 0000024d1f7d16c0] t: 1.099969   TARGET:-23 LUFS    M: -55.3 S:-120.7     I: -56.2 LUFS       LRA:   0.0 LU  FTPK: -48.5 -48.6 dBFS  TPK: -45.9 -45.8 dBFS
[Parsed_ebur128_0 @ 0000024d1f7d16c0] t: 1.199969   TARGET:-23 LUFS    M: -55.3 S:-120.7     I: -56.1 LUFS       LRA:   0.0 LU  FTPK: -46.6 -46.1 dBFS  TPK: -45.9 -45.8 dBFS
[Parsed_ebur128_0 @ 0000024d1f7d16c0] t: 1.299969   TARGET:-23 LUFS    M: -55.3 S:-120.7     I: -56.0 LUFS       LRA:   0.0 LU  FTPK: -43.0 -42.6 dBFS  TPK: -43.0 -42.6 dBFS
[Parsed_ebur128_0 @ 0000024d1f7d16c0] t: 1.399969   TARGET:-23 LUFS    M: -53.8 S:-120.7     I: -55.7 LUFS       LRA:   0.0 LU  FTPK: -36.1 -35.7 dBFS  TPK: -36.1 -35.7 dBFS
[Parsed_ebur128_0 @ 0000024d1f7d16c0] t: 1.499969   TARGET:-23 LUFS    M: -53.9 S:-120.7     I: -55.6 LUFS       LRA:   0.0 LU  FTPK: -49.2 -49.3 dBFS  TPK: -36.1 -35.7 dBFS
[Parsed_ebur128_0 @ 0000024d1f7d16c0] t: 1.599969   TARGET:-23 LUFS    M: -53.5 S:-120.7     I: -55.4 LUFS       LRA:   0.0 LU  FTPK: -43.2 -44.4 dBFS  TPK: -36.1 -35.7 dBFS
[Parsed_ebur128_0 @ 0000024d1f7d16c0] t: 1.699969   TARGET:-23 LUFS    M: -53.3 S:-120.7     I: -55.2 LUFS       LRA:   0.0 LU  FTPK: -42.1 -42.2 dBFS  TPK: -36.1 -35.7 dBFS
[Parsed_ebur128_0 @ 0000024d1f7d16c0] t: 1.799969   TARGET:-23 LUFS    M: -54.4 S:-120.7     I: -55.1 LUFS       LRA:   0.0 LU  FTPK: -39.2 -39.4 dBFS  TPK: -36.1 -35.7 dBFS
[Parsed_ebur128_0 @ 0000024d1f7d16c0] t: 1.899969   TARGET:-23 LUFS    M: -54.1 S:-120.7     I: -55.1 LUFS       LRA:   0.0 LU  FTPK: -47.8 -47.8 dBFS  TPK: -36.1 -35.7 dBFS
[Parsed_ebur128_0 @ 0000024d1f7d16c0] t: 1.999969   TARGET:-23 LUFS    M: -54.5 S:-120.7     I: -55.0 LUFS       LRA:   0.0 LU  FTPK: -49.2 -48.7 dBFS  TPK: -36.1 -35.7 dBFS
[Parsed_ebur128_0 @ 0000024d1f7d16c0] t: 2.099969   TARGET:-23 LUFS    M: -54.6 S:-120.7     I: -55.0 LUFS       LRA:   0.0 LU  FTPK: -49.1 -49.0 dBFS  TPK: -36.1 -35.7 dBFS
[Parsed_ebur128_0 @ 0000024d1f7d16c0] t: 2.199969   TARGET:-23 LUFS    M: -54.6 S:-120.7     I: -55.0 LUFS       LRA:   0.0 LU  FTPK: -47.1 -46.8 dBFS  TPK: -36.1 -35.7 dBFS
[Parsed_ebur128_0 @ 0000024d1f7d16c0] t: 2.299969   TARGET:-23 LUFS    M: -47.2 S:-120.7     I: -54.0 LUFS       LRA:   0.0 LU  FTPK: -25.9 -26.3 dBFS  TPK: -25.9 -26.3 dBFS
[Parsed_ebur128_0 @ 0000024d1f7d16c0] t: 2.399969   TARGET:-23 LUFS    M: -46.3 S:-120.7     I: -53.1 LUFS       LRA:   0.0 LU  FTPK: -34.2 -33.3 dBFS  TPK: -25.9 -26.3 dBFS
[Parsed_ebur128_0 @ 0000024d1f7d16c0] t: 2.499969   TARGET:-23 LUFS    M: -46.3 S:-120.7     I: -52.4 LUFS       LRA:   0.0 LU  FTPK: -47.1 -47.4 dBFS  TPK: -25.9 -26.3 dBFS
[Parsed_ebur128_0 @ 0000024d1f7d16c0] t: 2.599969   TARGET:-23 LUFS    M: -46.3 S:-120.7     I: -51.9 LUFS       LRA:   0.0 LU  FTPK: -47.9 -47.6 dBFS  TPK: -25.9 -26.3 dBFS
[Parsed_ebur128_0 @ 0000024d1f7d16c0] t: 2.699969   TARGET:-23 LUFS    M: -51.1 S:-120.7     I: -51.8 LUFS       LRA:   0.0 LU  FTPK: -48.8 -49.3 dBFS  TPK: -25.9 -26.3 dBFS
[Parsed_ebur128_0 @ 0000024d1f7d16c0] t: 2.799969   TARGET:-23 LUFS    M: -54.6 S:-120.7     I: -51.9 LUFS       LRA:   0.0 LU  FTPK: -49.9 -49.6 dBFS  TPK: -25.9 -26.3 dBFS
[Parsed_ebur128_0 @ 0000024d1f7d16c0] t: 2.899969   TARGET:-23 LUFS    M: -54.6 S:-120.7     I: -52.0 LUFS       LRA:   0.0 LU  FTPK: -49.3 -49.1 dBFS  TPK: -25.9 -26.3 dBFS
[Parsed_ebur128_0 @ 0000024d1f7d16c0] t: 2.999969   TARGET:-23 LUFS    M: -54.9 S: -52.4     I: -52.1 LUFS       LRA:  17.6 LU  FTPK: -49.9 -50.1 dBFS  TPK: -25.9 -26.3 dBFS
[Parsed_ebur128_0 @ 0000024d1f7d16c0] t: 3.099969   TARGET:-23 LUFS    M: -55.2 S: -52.3     I: -52.2 LUFS       LRA:  17.7 LU  FTPK: -49.6 -48.7 dBFS  TPK: -25.9 -26.3 dBFS
[Parsed_ebur128_0 @ 0000024d1f7d16c0] t: 3.199969   TARGET:-23 LUFS    M: -55.6 S: -52.3     I: -52.2 LUFS       LRA:  17.7 LU  FTPK: -49.8 -49.6 dBFS  TPK: -25.9 -26.3 dBFS
[Parsed_ebur128_0 @ 0000024d1f7d16c0] t: 3.299969   TARGET:-23 LUFS    M: -55.8 S: -52.3     I: -52.3 LUFS       LRA:  17.7 LU  FTPK: -48.0 -48.1 dBFS  TPK: -25.9 -26.3 dBFS
[Parsed_ebur128_0 @ 0000024d1f7d16c0] t: 3.399969   TARGET:-23 LUFS    M: -55.7 S: -52.3     I: -52.4 LUFS       LRA:   0.1 LU  FTPK: -48.5 -48.4 dBFS  TPK: -25.9 -26.3 dBFS
[Parsed_ebur128_0 @ 0000024d1f7d16c0] t: 3.499969   TARGET:-23 LUFS    M: -55.7 S: -52.3     I: -52.5 LUFS       LRA:   0.1 LU  FTPK: -50.2 -49.7 dBFS  TPK: -25.9 -26.3 dBFS
[Parsed_ebur128_0 @ 0000024d1f7d16c0] t: 3.599969   TARGET:-23 LUFS    M: -55.8 S: -52.3     I: -52.5 LUFS       LRA:   0.1 LU  FTPK: -49.5 -49.4 dBFS  TPK: -25.9 -26.3 dBFS
[Parsed_ebur128_0 @ 0000024d1f7d16c0] t: 3.699969   TARGET:-23 LUFS    M: -56.0 S: -52.3     I: -52.6 LUFS       LRA:   0.1 LU  FTPK: -50.9 -50.8 dBFS  TPK: -25.9 -26.3 dBFS
[Parsed_ebur128_0 @ 0000024d1f7d16c0] t: 3.799969   TARGET:-23 LUFS    M: -56.1 S: -52.3     I: -52.7 LUFS       LRA:   0.1 LU  FTPK: -49.9 -49.9 dBFS  TPK: -25.9 -26.3 dBFS
[Parsed_ebur128_0 @ 0000024d1f7d16c0] t: 3.899969   TARGET:-23 LUFS    M: -55.9 S: -52.3     I: -52.7 LUFS       LRA:   0.1 LU  FTPK: -48.8 -48.6 dBFS  TPK: -25.9 -26.3 dBFS
[Parsed_ebur128_0 @ 0000024d1f7d16c0] t: 3.999969   TARGET:-23 LUFS    M: -55.9 S: -52.3     I: -52.8 LUFS       LRA:   0.1 LU  FTPK: -48.9 -48.8 dBFS  TPK: -25.9 -26.3 dBFS
[Parsed_ebur128_0 @ 0000024d1f7d16c0] t: 4.099969   TARGET:-23 LUFS    M: -55.8 S: -52.3     I: -52.9 LUFS       LRA:   0.1 LU  FTPK: -49.9 -50.0 dBFS  TPK: -25.9 -26.3 dBFS
[Parsed_ebur128_0 @ 0000024d1f7d16c0] t: 4.199969   TARGET:-23 LUFS    M: -55.8 S: -52.3     I: -52.9 LUFS       LRA:   0.1 LU  FTPK: -49.0 -48.8 dBFS  TPK: -25.9 -26.3 dBFS
[Parsed_ebur128_0 @ 0000024d1f7d16c0] t: 4.299969   TARGET:-23 LUFS    M: -56.0 S: -52.3     I: -53.0 LUFS       LRA:   0.1 LU  FTPK: -49.6 -49.4 dBFS  TPK: -25.9 -26.3 dBFS
[Parsed_ebur128_0 @ 0000024d1f7d16c0] t: 4.399969   TARGET:-23 LUFS    M: -56.3 S: -52.5     I: -53.0 LUFS       LRA:   0.1 LU  FTPK: -51.8 -51.5 dBFS  TPK: -25.9 -26.3 dBFS
[Parsed_ebur128_0 @ 0000024d1f7d16c0] t: 4.499969   TARGET:-23 LUFS    M: -56.6 S: -52.5     I: -53.1 LUFS       LRA:   0.2 LU  FTPK: -50.5 -50.6 dBFS  TPK: -25.9 -26.3 dBFS
[Parsed_ebur128_0 @ 0000024d1f7d16c0] t: 4.599969   TARGET:-23 LUFS    M: -26.6 S: -35.3     I: -34.2 LUFS       LRA:   0.2 LU  FTPK:  -8.3  -8.2 dBFS  TPK:  -8.3  -8.2 dBFS
[Parsed_ebur128_0 @ 0000024d1f7d16c0] t: 4.699969   TARGET:-23 LUFS    M: -22.8 S: -31.5     I: -29.0 LUFS       LRA:  17.2 LU  FTPK:  -9.9  -9.7 dBFS  TPK:  -8.3  -8.2 dBFS
[Parsed_ebur128_0 @ 0000024d1f7d16c0] t: 4.799969   TARGET:-23 LUFS    M: -22.3 S: -31.0     I: -23.5 LUFS       LRA:  21.0 LU  FTPK: -13.7 -13.4 dBFS  TPK:  -8.3  -8.2 dBFS
[Parsed_ebur128_0 @ 0000024d1f7d16c0] t: 4.899969   TARGET:-23 LUFS    M: -22.2 S: -31.0     I: -23.2 LUFS       LRA:  21.5 LU  FTPK: -27.9 -27.4 dBFS  TPK:  -8.3  -8.2 dBFS
[Parsed_ebur128_0 @ 0000024d1f7d16c0] t: 4.999969   TARGET:-23 LUFS    M: -24.2 S: -31.0     I: -23.3 LUFS       LRA:  21.5 LU  FTPK: -40.1 -39.4 dBFS  TPK:  -8.3  -8.2 dBFS
[Parsed_ebur128_0 @ 0000024d1f7d16c0] t: 5.099969   TARGET:-23 LUFS    M: -31.7 S: -31.0     I: -24.0 LUFS       LRA:  21.5 LU  FTPK: -48.4 -48.2 dBFS  TPK:  -8.3  -8.2 dBFS
[Parsed_ebur128_0 @ 0000024d1f7d16c0] Summary:

  Integrated loudness:
    I:         -24.0 LUFS
    Threshold: -43.0 LUFS

  Loudness range:
    LRA:        21.5 LU
    Threshold: -57.1 LUFS
    LRA low:   -52.5 LUFS
    LRA high:  -31.0 LUFS

  True peak:
    Peak:       -8.2 dBFS
[out#0/null @ 0000024d21243780] video:0KiB audio:648KiB subtitle:0KiB other streams:0KiB global headers:0KiB muxing overhead: unknown
size=N/A time=00:00:05.18 bitrate=N/A speed= 343x elapsed=0:00:00.01    
