Input #0, mov,mp4,m4a,3gp,3g2,mj2, from 'C:\Users\jeffr\Documents\ComfyUI\vram-recipe-lab\outputs\h3_unconditioned_music_score_seed42_f124_out_00001_.mp4':
  Metadata:
    major_brand     : isom
    minor_version   : 512
    compatible_brands: isomiso2avc1mp41
    encoder         : Lavf62.3.100
  Duration: 00:00:05.17, start: 0.000000, bitrate: 1205 kb/s
  Stream #0:0[0x1](und): Video: h264 (High) (avc1 / 0x31637661), yuv420p(progressive), 1344x768, 1067 kb/s, 24 fps, 24 tbr, 12288 tbn (default)
    Metadata:
      handler_name    : VideoHandler
      vendor_id       : [0][0][0][0]
  Stream #0:1[0x2](und): Audio: aac (LC) (mp4a / 0x6134706D), 32000 Hz, stereo, fltp, 128 kb/s (default)
    Metadata:
      handler_name    : SoundHandler
      vendor_id       : [0][0][0][0]
Stream mapping:
  Stream #0:1 -> #0:0 (aac (native) -> pcm_s16le (native))
Press [q] to stop, [?] for help
[Parsed_ebur128_0 @ 00000265f10e16c0] t: 0.0999688  TARGET:-23 LUFS    M:-120.7 S:-120.7     I: -70.0 LUFS       LRA:   0.0 LU  FTPK: -15.3 -15.6 dBFS  TPK: -15.3 -15.6 dBFS
Output #0, null, to 'NUL':
  Metadata:
    major_brand     : isom
    minor_version   : 512
    compatible_brands: isomiso2avc1mp41
    encoder         : Lavf62.3.100
  Stream #0:0(und): Audio: pcm_s16le, 32000 Hz, stereo, s16, 1024 kb/s (default)
    Metadata:
      encoder         : Lavc62.11.100 pcm_s16le
      handler_name    : SoundHandler
      vendor_id       : [0][0][0][0]
[Parsed_ebur128_0 @ 00000265f10e16c0] t: 0.199969   TARGET:-23 LUFS    M:-120.7 S:-120.7     I: -70.0 LUFS       LRA:   0.0 LU  FTPK: -19.4 -18.3 dBFS  TPK: -15.3 -15.6 dBFS
[Parsed_ebur128_0 @ 00000265f10e16c0] t: 0.299969   TARGET:-23 LUFS    M:-120.7 S:-120.7     I: -70.0 LUFS       LRA:   0.0 LU  FTPK: -21.6 -20.3 dBFS  TPK: -15.3 -15.6 dBFS
[Parsed_ebur128_0 @ 00000265f10e16c0] t: 0.399969   TARGET:-23 LUFS    M: -24.8 S:-120.7     I: -24.8 LUFS       LRA:   0.0 LU  FTPK: -19.9 -19.5 dBFS  TPK: -15.3 -15.6 dBFS
[Parsed_ebur128_0 @ 00000265f10e16c0] t: 0.499969   TARGET:-23 LUFS    M: -24.3 S:-120.7     I: -24.6 LUFS       LRA:   0.0 LU  FTPK: -17.7 -17.1 dBFS  TPK: -15.3 -15.6 dBFS
[Parsed_ebur128_0 @ 00000265f10e16c0] t: 0.599969   TARGET:-23 LUFS    M: -23.2 S:-120.7     I: -24.1 LUFS       LRA:   0.0 LU  FTPK: -16.0 -15.6 dBFS  TPK: -15.3 -15.6 dBFS
[Parsed_ebur128_0 @ 00000265f10e16c0] t: 0.699969   TARGET:-23 LUFS    M: -21.9 S:-120.7     I: -23.4 LUFS       LRA:   0.0 LU  FTPK: -16.3 -16.0 dBFS  TPK: -15.3 -15.6 dBFS
[Parsed_ebur128_0 @ 00000265f10e16c0] t: 0.799969   TARGET:-23 LUFS    M: -21.2 S:-120.7     I: -22.9 LUFS       LRA:   0.0 LU  FTPK: -16.0 -15.7 dBFS  TPK: -15.3 -15.6 dBFS
[Parsed_ebur128_0 @ 00000265f10e16c0] t: 0.899969   TARGET:-23 LUFS    M: -20.9 S:-120.7     I: -22.5 LUFS       LRA:   0.0 LU  FTPK: -16.4 -16.0 dBFS  TPK: -15.3 -15.6 dBFS
[Parsed_ebur128_0 @ 00000265f10e16c0] t: 0.999969   TARGET:-23 LUFS    M: -21.1 S:-120.7     I: -22.3 LUFS       LRA:   0.0 LU  FTPK: -16.6 -16.1 dBFS  TPK: -15.3 -15.6 dBFS
[Parsed_ebur128_0 @ 00000265f10e16c0] t: 1.099969   TARGET:-23 LUFS    M: -21.4 S:-120.7     I: -22.2 LUFS       LRA:   0.0 LU  FTPK: -15.9 -15.4 dBFS  TPK: -15.3 -15.4 dBFS
[Parsed_ebur128_0 @ 00000265f10e16c0] t: 1.199969   TARGET:-23 LUFS    M: -21.6 S:-120.7     I: -22.1 LUFS       LRA:   0.0 LU  FTPK: -16.7 -16.2 dBFS  TPK: -15.3 -15.4 dBFS
[Parsed_ebur128_0 @ 00000265f10e16c0] t: 1.299969   TARGET:-23 LUFS    M: -21.4 S:-120.7     I: -22.0 LUFS       LRA:   0.0 LU  FTPK: -15.8 -15.1 dBFS  TPK: -15.3 -15.1 dBFS
[Parsed_ebur128_0 @ 00000265f10e16c0] t: 1.399969   TARGET:-23 LUFS    M: -21.3 S:-120.7     I: -21.9 LUFS       LRA:   0.0 LU  FTPK: -15.7 -15.3 dBFS  TPK: -15.3 -15.1 dBFS
[Parsed_ebur128_0 @ 00000265f10e16c0] t: 1.499969   TARGET:-23 LUFS    M: -21.1 S:-120.7     I: -21.9 LUFS       LRA:   0.0 LU  FTPK: -14.6 -14.1 dBFS  TPK: -14.6 -14.1 dBFS
[Parsed_ebur128_0 @ 00000265f10e16c0] t: 1.599969   TARGET:-23 LUFS    M: -21.5 S:-120.7     I: -21.8 LUFS       LRA:   0.0 LU  FTPK: -16.9 -16.4 dBFS  TPK: -14.6 -14.1 dBFS
[Parsed_ebur128_0 @ 00000265f10e16c0] t: 1.699969   TARGET:-23 LUFS    M: -22.1 S:-120.7     I: -21.9 LUFS       LRA:   0.0 LU  FTPK: -17.3 -16.7 dBFS  TPK: -14.6 -14.1 dBFS
[Parsed_ebur128_0 @ 00000265f10e16c0] t: 1.799969   TARGET:-23 LUFS    M: -22.5 S:-120.7     I: -21.9 LUFS       LRA:   0.0 LU  FTPK: -17.1 -16.1 dBFS  TPK: -14.6 -14.1 dBFS
[Parsed_ebur128_0 @ 00000265f10e16c0] t: 1.899969   TARGET:-23 LUFS    M: -23.0 S:-120.7     I: -22.0 LUFS       LRA:   0.0 LU  FTPK: -17.8 -17.1 dBFS  TPK: -14.6 -14.1 dBFS
[Parsed_ebur128_0 @ 00000265f10e16c0] t: 1.999969   TARGET:-23 LUFS    M: -23.0 S:-120.7     I: -22.0 LUFS       LRA:   0.0 LU  FTPK: -17.1 -16.4 dBFS  TPK: -14.6 -14.1 dBFS
[Parsed_ebur128_0 @ 00000265f10e16c0] t: 2.099969   TARGET:-23 LUFS    M: -22.8 S:-120.7     I: -22.1 LUFS       LRA:   0.0 LU  FTPK: -17.7 -16.8 dBFS  TPK: -14.6 -14.1 dBFS
[Parsed_ebur128_0 @ 00000265f10e16c0] t: 2.199969   TARGET:-23 LUFS    M: -22.6 S:-120.7     I: -22.1 LUFS       LRA:   0.0 LU  FTPK: -17.6 -16.2 dBFS  TPK: -14.6 -14.1 dBFS
[Parsed_ebur128_0 @ 00000265f10e16c0] t: 2.299969   TARGET:-23 LUFS    M: -22.4 S:-120.7     I: -22.1 LUFS       LRA:   0.0 LU  FTPK: -16.6 -15.9 dBFS  TPK: -14.6 -14.1 dBFS
[Parsed_ebur128_0 @ 00000265f10e16c0] t: 2.399969   TARGET:-23 LUFS    M: -22.2 S:-120.7     I: -22.1 LUFS       LRA:   0.0 LU  FTPK: -16.9 -16.4 dBFS  TPK: -14.6 -14.1 dBFS
[Parsed_ebur128_0 @ 00000265f10e16c0] t: 2.499969   TARGET:-23 LUFS    M: -21.1 S:-120.7     I: -22.1 LUFS       LRA:   0.0 LU  FTPK: -13.3 -12.7 dBFS  TPK: -13.3 -12.7 dBFS
[Parsed_ebur128_0 @ 00000265f10e16c0] t: 2.599969   TARGET:-23 LUFS    M: -20.6 S:-120.7     I: -22.0 LUFS       LRA:   0.0 LU  FTPK: -14.5 -13.8 dBFS  TPK: -13.3 -12.7 dBFS
[Parsed_ebur128_0 @ 00000265f10e16c0] t: 2.699969   TARGET:-23 LUFS    M: -20.1 S:-120.7     I: -21.9 LUFS       LRA:   0.0 LU  FTPK: -14.5 -13.9 dBFS  TPK: -13.3 -12.7 dBFS
[Parsed_ebur128_0 @ 00000265f10e16c0] t: 2.799969   TARGET:-23 LUFS    M: -19.6 S:-120.7     I: -21.8 LUFS       LRA:   0.0 LU  FTPK: -14.9 -14.2 dBFS  TPK: -13.3 -12.7 dBFS
[Parsed_ebur128_0 @ 00000265f10e16c0] t: 2.899969   TARGET:-23 LUFS    M: -19.8 S:-120.7     I: -21.7 LUFS       LRA:   0.0 LU  FTPK: -15.4 -14.1 dBFS  TPK: -13.3 -12.7 dBFS
[Parsed_ebur128_0 @ 00000265f10e16c0] t: 2.999969   TARGET:-23 LUFS    M: -20.0 S: -21.6     I: -21.6 LUFS       LRA:  20.0 LU  FTPK: -15.4 -14.3 dBFS  TPK: -13.3 -12.7 dBFS
[Parsed_ebur128_0 @ 00000265f10e16c0] t: 3.099969   TARGET:-23 LUFS    M: -20.5 S: -21.6     I: -21.6 LUFS       LRA:  20.0 LU  FTPK: -15.8 -15.2 dBFS  TPK: -13.3 -12.7 dBFS
[Parsed_ebur128_0 @ 00000265f10e16c0] t: 3.199969   TARGET:-23 LUFS    M: -21.1 S: -21.5     I: -21.5 LUFS       LRA:  20.0 LU  FTPK: -16.3 -15.6 dBFS  TPK: -13.3 -12.7 dBFS
[Parsed_ebur128_0 @ 00000265f10e16c0] t: 3.299969   TARGET:-23 LUFS    M: -21.6 S: -21.4     I: -21.5 LUFS       LRA:  20.1 LU  FTPK: -16.1 -15.6 dBFS  TPK: -13.3 -12.7 dBFS
[Parsed_ebur128_0 @ 00000265f10e16c0] t: 3.399969   TARGET:-23 LUFS    M: -21.7 S: -21.3     I: -21.5 LUFS       LRA:   0.3 LU  FTPK: -16.8 -15.9 dBFS  TPK: -13.3 -12.7 dBFS
[Parsed_ebur128_0 @ 00000265f10e16c0] t: 3.499969   TARGET:-23 LUFS    M: -21.7 S: -21.3     I: -21.6 LUFS       LRA:   0.3 LU  FTPK: -17.1 -16.3 dBFS  TPK: -13.3 -12.7 dBFS
[Parsed_ebur128_0 @ 00000265f10e16c0] t: 3.599969   TARGET:-23 LUFS    M: -21.6 S: -21.4     I: -21.6 LUFS       LRA:   0.3 LU  FTPK: -17.4 -16.3 dBFS  TPK: -13.3 -12.7 dBFS
[Parsed_ebur128_0 @ 00000265f10e16c0] t: 3.699969   TARGET:-23 LUFS    M: -22.1 S: -21.4     I: -21.6 LUFS       LRA:   0.3 LU  FTPK: -18.0 -17.3 dBFS  TPK: -13.3 -12.7 dBFS
[Parsed_ebur128_0 @ 00000265f10e16c0] t: 3.799969   TARGET:-23 LUFS    M: -22.8 S: -21.5     I: -21.6 LUFS       LRA:   0.3 LU  FTPK: -17.5 -16.8 dBFS  TPK: -13.3 -12.7 dBFS
[Parsed_ebur128_0 @ 00000265f10e16c0] t: 3.899969   TARGET:-23 LUFS    M: -23.4 S: -21.6     I: -21.6 LUFS       LRA:   0.3 LU  FTPK: -18.7 -17.5 dBFS  TPK: -13.3 -12.7 dBFS
[Parsed_ebur128_0 @ 00000265f10e16c0] t: 3.999969   TARGET:-23 LUFS    M: -23.2 S: -21.6     I: -21.7 LUFS       LRA:   0.3 LU  FTPK: -14.8 -13.7 dBFS  TPK: -13.3 -12.7 dBFS
[Parsed_ebur128_0 @ 00000265f10e16c0] t: 4.099969   TARGET:-23 LUFS    M: -22.3 S: -21.5     I: -21.7 LUFS       LRA:   0.3 LU  FTPK: -16.9 -15.4 dBFS  TPK: -13.3 -12.7 dBFS
[Parsed_ebur128_0 @ 00000265f10e16c0] t: 4.199969   TARGET:-23 LUFS    M: -21.5 S: -21.5     I: -21.7 LUFS       LRA:   0.3 LU  FTPK: -17.7 -15.7 dBFS  TPK: -13.3 -12.7 dBFS
[Parsed_ebur128_0 @ 00000265f10e16c0] t: 4.299969   TARGET:-23 LUFS    M: -20.9 S: -21.5     I: -21.7 LUFS       LRA:   0.3 LU  FTPK: -16.4 -13.8 dBFS  TPK: -13.3 -12.7 dBFS
[Parsed_ebur128_0 @ 00000265f10e16c0] t: 4.399969   TARGET:-23 LUFS    M: -20.7 S: -21.5     I: -21.6 LUFS       LRA:   0.3 LU  FTPK: -14.8 -13.1 dBFS  TPK: -13.3 -12.7 dBFS
[Parsed_ebur128_0 @ 00000265f10e16c0] t: 4.499969   TARGET:-23 LUFS    M: -21.0 S: -21.5     I: -21.6 LUFS       LRA:   0.3 LU  FTPK: -15.3 -13.5 dBFS  TPK: -13.3 -12.7 dBFS
[Parsed_ebur128_0 @ 00000265f10e16c0] t: 4.599969   TARGET:-23 LUFS    M: -21.0 S: -21.5     I: -21.6 LUFS       LRA:   0.3 LU  FTPK: -14.7 -13.4 dBFS  TPK: -13.3 -12.7 dBFS
[Parsed_ebur128_0 @ 00000265f10e16c0] t: 4.699969   TARGET:-23 LUFS    M: -21.0 S: -21.4     I: -21.6 LUFS       LRA:   0.3 LU  FTPK: -15.4 -13.6 dBFS  TPK: -13.3 -12.7 dBFS
[Parsed_ebur128_0 @ 00000265f10e16c0] t: 4.799969   TARGET:-23 LUFS    M: -20.8 S: -21.3     I: -21.6 LUFS       LRA:   0.3 LU  FTPK: -14.4 -12.5 dBFS  TPK: -13.3 -12.5 dBFS
[Parsed_ebur128_0 @ 00000265f10e16c0] t: 4.899969   TARGET:-23 LUFS    M: -20.3 S: -21.2     I: -21.5 LUFS       LRA:   0.3 LU  FTPK: -15.2 -13.3 dBFS  TPK: -13.3 -12.5 dBFS
[Parsed_ebur128_0 @ 00000265f10e16c0] t: 4.999969   TARGET:-23 LUFS    M: -20.0 S: -21.1     I: -21.5 LUFS       LRA:   0.4 LU  FTPK: -15.7 -13.2 dBFS  TPK: -13.3 -12.5 dBFS
[Parsed_ebur128_0 @ 00000265f10e16c0] t: 5.099969   TARGET:-23 LUFS    M: -19.9 S: -21.0     I: -21.5 LUFS       LRA:   0.5 LU  FTPK: -16.0 -14.2 dBFS  TPK: -13.3 -12.5 dBFS
[Parsed_ebur128_0 @ 00000265f10e16c0] Summary:

  Integrated loudness:
    I:         -21.5 LUFS
    Threshold: -31.5 LUFS

  Loudness range:
    LRA:         0.5 LU
    Threshold: -41.4 LUFS
    LRA low:   -21.6 LUFS
    LRA high:  -21.1 LUFS

  True peak:
    Peak:      -12.5 dBFS
[out#0/null @ 00000265f2b13080] video:0KiB audio:648KiB subtitle:0KiB other streams:0KiB global headers:0KiB muxing overhead: unknown
size=N/A time=00:00:05.18 bitrate=N/A speed= 326x elapsed=0:00:00.01    
