Input #0, mov,mp4,m4a,3gp,3g2,mj2, from 'C:\Users\jeffr\Documents\ComfyUI\vram-recipe-lab\outputs\h3_music_followup_mood_dim_tense_seed42_f124_out_00001_.mp4':
  Metadata:
    major_brand     : isom
    minor_version   : 512
    compatible_brands: isomiso2avc1mp41
    encoder         : Lavf62.3.100
  Duration: 00:00:05.17, start: 0.000000, bitrate: 1233 kb/s
  Stream #0:0[0x1](und): Video: h264 (High) (avc1 / 0x31637661), yuv420p(progressive), 1344x768, 1097 kb/s, 24 fps, 24 tbr, 12288 tbn (default)
    Metadata:
      handler_name    : VideoHandler
      vendor_id       : [0][0][0][0]
  Stream #0:1[0x2](und): Audio: aac (LC) (mp4a / 0x6134706D), 32000 Hz, stereo, fltp, 127 kb/s (default)
    Metadata:
      handler_name    : SoundHandler
      vendor_id       : [0][0][0][0]
Stream mapping:
  Stream #0:1 -> #0:0 (aac (native) -> pcm_s16le (native))
Press [q] to stop, [?] for help
Output #0, null, to 'NUL':
  Metadata:
    major_brand     : isom
    minor_version   : 512
    compatible_brands: isomiso2avc1mp41
    encoder         : Lavf62.3.100
  Stream #0:0(und): Audio: pcm_s16le, 32000 Hz, stereo, s16, 1024 kb/s (default)
    Metadata:
      encoder         : Lavc62.11.100 pcm_s16le
      handler_name    : SoundHandler
      vendor_id       : [0][0][0][0]
[Parsed_astats_0 @ 000001ea5ba81900] Channel: 1
[Parsed_astats_0 @ 000001ea5ba81900] DC offset: 0.000024
[Parsed_astats_0 @ 000001ea5ba81900] Min level: -0.095969
[Parsed_astats_0 @ 000001ea5ba81900] Max level: 0.101794
[Parsed_astats_0 @ 000001ea5ba81900] Min difference: 0.000000
[Parsed_astats_0 @ 000001ea5ba81900] Max difference: 0.020261
[Parsed_astats_0 @ 000001ea5ba81900] Mean difference: 0.002296
[Parsed_astats_0 @ 000001ea5ba81900] RMS difference: 0.003433
[Parsed_astats_0 @ 000001ea5ba81900] Peak level dB: -19.845599
[Parsed_astats_0 @ 000001ea5ba81900] RMS level dB: -33.967569
[Parsed_astats_0 @ 000001ea5ba81900] RMS peak dB: -29.419537
[Parsed_astats_0 @ 000001ea5ba81900] RMS through dB: -48.617838
[Parsed_astats_0 @ 000001ea5ba81900] Crest factor: 5.082747
[Parsed_astats_0 @ 000001ea5ba81900] Flat factor: 0.000000
[Parsed_astats_0 @ 000001ea5ba81900] Peak count: 2
[Parsed_astats_0 @ 000001ea5ba81900] Abs Peak count: 1
[Parsed_astats_0 @ 000001ea5ba81900] Noise floor dB: -41.544350
[Parsed_astats_0 @ 000001ea5ba81900] Noise floor count: 12
[Parsed_astats_0 @ 000001ea5ba81900] Entropy: 0.639754
[Parsed_astats_0 @ 000001ea5ba81900] Bit depth: 28/32/32/32
[Parsed_astats_0 @ 000001ea5ba81900] Dynamic range: 151.614406
[Parsed_astats_0 @ 000001ea5ba81900] Zero crossings: 6993
[Parsed_astats_0 @ 000001ea5ba81900] Zero crossings rate: 0.042155
[Parsed_astats_0 @ 000001ea5ba81900] Number of NaNs: 0
[Parsed_astats_0 @ 000001ea5ba81900] Number of Infs: 0
[Parsed_astats_0 @ 000001ea5ba81900] Number of denormals: 0
[Parsed_astats_0 @ 000001ea5ba81900] Channel: 2
[Parsed_astats_0 @ 000001ea5ba81900] DC offset: 0.000020
[Parsed_astats_0 @ 000001ea5ba81900] Min level: -0.105773
[Parsed_astats_0 @ 000001ea5ba81900] Max level: 0.105275
[Parsed_astats_0 @ 000001ea5ba81900] Min difference: 0.000000
[Parsed_astats_0 @ 000001ea5ba81900] Max difference: 0.020194
[Parsed_astats_0 @ 000001ea5ba81900] Mean difference: 0.002236
[Parsed_astats_0 @ 000001ea5ba81900] RMS difference: 0.003329
[Parsed_astats_0 @ 000001ea5ba81900] Peak level dB: -19.512528
[Parsed_astats_0 @ 000001ea5ba81900] RMS level dB: -33.365508
[Parsed_astats_0 @ 000001ea5ba81900] RMS peak dB: -28.921194
[Parsed_astats_0 @ 000001ea5ba81900] RMS through dB: -48.106207
[Parsed_astats_0 @ 000001ea5ba81900] Crest factor: 4.927753
[Parsed_astats_0 @ 000001ea5ba81900] Flat factor: 0.000000
[Parsed_astats_0 @ 000001ea5ba81900] Peak count: 2
[Parsed_astats_0 @ 000001ea5ba81900] Abs Peak count: 1
[Parsed_astats_0 @ 000001ea5ba81900] Noise floor dB: -40.626212
[Parsed_astats_0 @ 000001ea5ba81900] Noise floor count: 16
[Parsed_astats_0 @ 000001ea5ba81900] Entropy: 0.648010
[Parsed_astats_0 @ 000001ea5ba81900] Bit depth: 28/32/32/32
[Parsed_astats_0 @ 000001ea5ba81900] Dynamic range: 148.481986
[Parsed_astats_0 @ 000001ea5ba81900] Zero crossings: 6324
[Parsed_astats_0 @ 000001ea5ba81900] Zero crossings rate: 0.038122
[Parsed_astats_0 @ 000001ea5ba81900] Number of NaNs: 0
[Parsed_astats_0 @ 000001ea5ba81900] Number of Infs: 0
[Parsed_astats_0 @ 000001ea5ba81900] Number of denormals: 0
[Parsed_astats_0 @ 000001ea5ba81900] Overall
[Parsed_astats_0 @ 000001ea5ba81900] DC offset: 0.000024
[Parsed_astats_0 @ 000001ea5ba81900] Min level: -0.105773
[Parsed_astats_0 @ 000001ea5ba81900] Max level: 0.105275
[Parsed_astats_0 @ 000001ea5ba81900] Min difference: 0.000000
[Parsed_astats_0 @ 000001ea5ba81900] Max difference: 0.020261
[Parsed_astats_0 @ 000001ea5ba81900] Mean difference: 0.002266
[Parsed_astats_0 @ 000001ea5ba81900] RMS difference: 0.003381
[Parsed_astats_0 @ 000001ea5ba81900] Peak level dB: -19.512528
[Parsed_astats_0 @ 000001ea5ba81900] RMS level dB: -33.656114
[Parsed_astats_0 @ 000001ea5ba81900] RMS peak dB: -28.921194
[Parsed_astats_0 @ 000001ea5ba81900] RMS through dB: -48.617838
[Parsed_astats_0 @ 000001ea5ba81900] Flat factor: 0.000000
[Parsed_astats_0 @ 000001ea5ba81900] Peak count: 2.000000
[Parsed_astats_0 @ 000001ea5ba81900] Abs Peak count: 1.000000
[Parsed_astats_0 @ 000001ea5ba81900] Noise floor dB: -40.626212
[Parsed_astats_0 @ 000001ea5ba81900] Noise floor count: 14.000000
[Parsed_astats_0 @ 000001ea5ba81900] Entropy: 0.643882
[Parsed_astats_0 @ 000001ea5ba81900] Bit depth: 28/32/32/32
[Parsed_astats_0 @ 000001ea5ba81900] Number of samples: 165888
[Parsed_astats_0 @ 000001ea5ba81900] Number of NaNs: 0.000000
[Parsed_astats_0 @ 000001ea5ba81900] Number of Infs: 0.000000
[Parsed_astats_0 @ 000001ea5ba81900] Number of denormals: 0.000000
[out#0/null @ 000001ea5d37d9c0] video:0KiB audio:648KiB subtitle:0KiB other streams:0KiB global headers:0KiB muxing overhead: unknown
size=N/A time=00:00:05.18 bitrate=N/A speed= 718x elapsed=0:00:00.00    
