Input #0, mov,mp4,m4a,3gp,3g2,mj2, from 'C:\Users\jeffr\Documents\ComfyUI\vram-recipe-lab\outputs\h3_music_followup_mood_dim_tense_seed42_f124_out_00001_.mp4':
  Metadata:
    major_brand     : isom
    minor_version   : 512
    compatible_brands: isomiso2avc1mp41
    encoder         : Lavf62.3.100
  Duration: 00:00:05.17, start: 0.000000, bitrate: 1233 kb/s
  Stream #0:0[0x1](und): Video: h264 (High) (avc1 / 0x31637661), yuv420p(progressive), 1344x768, 1097 kb/s, 24 fps, 24 tbr, 12288 tbn (default)
    Metadata:
      handler_name    : VideoHandler
      vendor_id       : [0][0][0][0]
  Stream #0:1[0x2](und): Audio: aac (LC) (mp4a / 0x6134706D), 32000 Hz, stereo, fltp, 127 kb/s (default)
    Metadata:
      handler_name    : SoundHandler
      vendor_id       : [0][0][0][0]
Stream mapping:
  Stream #0:1 -> #0:0 (aac (native) -> pcm_s16le (native))
Press [q] to stop, [?] for help
[Parsed_ebur128_0 @ 0000025613771900] t: 0.0999688  TARGET:-23 LUFS    M:-120.7 S:-120.7     I: -70.0 LUFS       LRA:   0.0 LU  FTPK: -24.2 -24.1 dBFS  TPK: -24.2 -24.1 dBFS
Output #0, null, to 'NUL':
  Metadata:
    major_brand     : isom
    minor_version   : 512
    compatible_brands: isomiso2avc1mp41
    encoder         : Lavf62.3.100
  Stream #0:0(und): Audio: pcm_s16le, 32000 Hz, stereo, s16, 1024 kb/s (default)
    Metadata:
      encoder         : Lavc62.11.100 pcm_s16le
      handler_name    : SoundHandler
      vendor_id       : [0][0][0][0]
[Parsed_ebur128_0 @ 0000025613771900] t: 0.199969   TARGET:-23 LUFS    M:-120.7 S:-120.7     I: -70.0 LUFS       LRA:   0.0 LU  FTPK: -23.9 -23.5 dBFS  TPK: -23.9 -23.5 dBFS
[Parsed_ebur128_0 @ 0000025613771900] t: 0.299969   TARGET:-23 LUFS    M:-120.7 S:-120.7     I: -70.0 LUFS       LRA:   0.0 LU  FTPK: -23.3 -22.5 dBFS  TPK: -23.3 -22.5 dBFS
[Parsed_ebur128_0 @ 0000025613771900] t: 0.399969   TARGET:-23 LUFS    M: -29.3 S:-120.7     I: -29.3 LUFS       LRA:   0.0 LU  FTPK: -22.1 -21.5 dBFS  TPK: -22.1 -21.5 dBFS
[Parsed_ebur128_0 @ 0000025613771900] t: 0.499969   TARGET:-23 LUFS    M: -28.3 S:-120.7     I: -28.8 LUFS       LRA:   0.0 LU  FTPK: -20.5 -19.9 dBFS  TPK: -20.5 -19.9 dBFS
[Parsed_ebur128_0 @ 0000025613771900] t: 0.599969   TARGET:-23 LUFS    M: -28.0 S:-120.7     I: -28.5 LUFS       LRA:   0.0 LU  FTPK: -20.4 -19.9 dBFS  TPK: -20.4 -19.9 dBFS
[Parsed_ebur128_0 @ 0000025613771900] t: 0.699969   TARGET:-23 LUFS    M: -27.8 S:-120.7     I: -28.3 LUFS       LRA:   0.0 LU  FTPK: -21.0 -21.2 dBFS  TPK: -20.4 -19.9 dBFS
[Parsed_ebur128_0 @ 0000025613771900] t: 0.799969   TARGET:-23 LUFS    M: -28.0 S:-120.7     I: -28.3 LUFS       LRA:   0.0 LU  FTPK: -19.9 -19.8 dBFS  TPK: -19.9 -19.8 dBFS
[Parsed_ebur128_0 @ 0000025613771900] t: 0.899969   TARGET:-23 LUFS    M: -28.2 S:-120.7     I: -28.2 LUFS       LRA:   0.0 LU  FTPK: -20.9 -19.6 dBFS  TPK: -19.9 -19.6 dBFS
[Parsed_ebur128_0 @ 0000025613771900] t: 0.999969   TARGET:-23 LUFS    M: -28.3 S:-120.7     I: -28.3 LUFS       LRA:   0.0 LU  FTPK: -19.8 -19.5 dBFS  TPK: -19.8 -19.5 dBFS
[Parsed_ebur128_0 @ 0000025613771900] t: 1.099969   TARGET:-23 LUFS    M: -28.3 S:-120.7     I: -28.3 LUFS       LRA:   0.0 LU  FTPK: -20.7 -20.5 dBFS  TPK: -19.8 -19.5 dBFS
[Parsed_ebur128_0 @ 0000025613771900] t: 1.199969   TARGET:-23 LUFS    M: -28.4 S:-120.7     I: -28.3 LUFS       LRA:   0.0 LU  FTPK: -21.0 -20.8 dBFS  TPK: -19.8 -19.5 dBFS
[Parsed_ebur128_0 @ 0000025613771900] t: 1.299969   TARGET:-23 LUFS    M: -28.9 S:-120.7     I: -28.3 LUFS       LRA:   0.0 LU  FTPK: -21.6 -21.0 dBFS  TPK: -19.8 -19.5 dBFS
[Parsed_ebur128_0 @ 0000025613771900] t: 1.399969   TARGET:-23 LUFS    M: -28.9 S:-120.7     I: -28.4 LUFS       LRA:   0.0 LU  FTPK: -22.0 -21.4 dBFS  TPK: -19.8 -19.5 dBFS
[Parsed_ebur128_0 @ 0000025613771900] t: 1.499969   TARGET:-23 LUFS    M: -28.9 S:-120.7     I: -28.4 LUFS       LRA:   0.0 LU  FTPK: -20.3 -19.5 dBFS  TPK: -19.8 -19.5 dBFS
[Parsed_ebur128_0 @ 0000025613771900] t: 1.599969   TARGET:-23 LUFS    M: -29.3 S:-120.7     I: -28.5 LUFS       LRA:   0.0 LU  FTPK: -23.3 -22.9 dBFS  TPK: -19.8 -19.5 dBFS
[Parsed_ebur128_0 @ 0000025613771900] t: 1.699969   TARGET:-23 LUFS    M: -29.3 S:-120.7     I: -28.5 LUFS       LRA:   0.0 LU  FTPK: -23.6 -23.1 dBFS  TPK: -19.8 -19.5 dBFS
[Parsed_ebur128_0 @ 0000025613771900] t: 1.799969   TARGET:-23 LUFS    M: -29.1 S:-120.7     I: -28.6 LUFS       LRA:   0.0 LU  FTPK: -21.7 -21.6 dBFS  TPK: -19.8 -19.5 dBFS
[Parsed_ebur128_0 @ 0000025613771900] t: 1.899969   TARGET:-23 LUFS    M: -29.3 S:-120.7     I: -28.6 LUFS       LRA:   0.0 LU  FTPK: -22.7 -21.8 dBFS  TPK: -19.8 -19.5 dBFS
[Parsed_ebur128_0 @ 0000025613771900] t: 1.999969   TARGET:-23 LUFS    M: -29.3 S:-120.7     I: -28.7 LUFS       LRA:   0.0 LU  FTPK: -24.8 -23.6 dBFS  TPK: -19.8 -19.5 dBFS
[Parsed_ebur128_0 @ 0000025613771900] t: 2.099969   TARGET:-23 LUFS    M: -29.4 S:-120.7     I: -28.7 LUFS       LRA:   0.0 LU  FTPK: -24.4 -24.1 dBFS  TPK: -19.8 -19.5 dBFS
[Parsed_ebur128_0 @ 0000025613771900] t: 2.199969   TARGET:-23 LUFS    M: -29.4 S:-120.7     I: -28.7 LUFS       LRA:   0.0 LU  FTPK: -23.7 -22.8 dBFS  TPK: -19.8 -19.5 dBFS
[Parsed_ebur128_0 @ 0000025613771900] t: 2.299969   TARGET:-23 LUFS    M: -29.3 S:-120.7     I: -28.8 LUFS       LRA:   0.0 LU  FTPK: -23.3 -23.6 dBFS  TPK: -19.8 -19.5 dBFS
[Parsed_ebur128_0 @ 0000025613771900] t: 2.399969   TARGET:-23 LUFS    M: -28.9 S:-120.7     I: -28.8 LUFS       LRA:   0.0 LU  FTPK: -22.1 -21.7 dBFS  TPK: -19.8 -19.5 dBFS
[Parsed_ebur128_0 @ 0000025613771900] t: 2.499969   TARGET:-23 LUFS    M: -28.7 S:-120.7     I: -28.8 LUFS       LRA:   0.0 LU  FTPK: -21.7 -21.2 dBFS  TPK: -19.8 -19.5 dBFS
[Parsed_ebur128_0 @ 0000025613771900] t: 2.599969   TARGET:-23 LUFS    M: -28.6 S:-120.7     I: -28.7 LUFS       LRA:   0.0 LU  FTPK: -21.4 -20.7 dBFS  TPK: -19.8 -19.5 dBFS
[Parsed_ebur128_0 @ 0000025613771900] t: 2.699969   TARGET:-23 LUFS    M: -28.9 S:-120.7     I: -28.8 LUFS       LRA:   0.0 LU  FTPK: -23.5 -23.2 dBFS  TPK: -19.8 -19.5 dBFS
[Parsed_ebur128_0 @ 0000025613771900] t: 2.799969   TARGET:-23 LUFS    M: -29.6 S:-120.7     I: -28.8 LUFS       LRA:   0.0 LU  FTPK: -25.6 -25.0 dBFS  TPK: -19.8 -19.5 dBFS
[Parsed_ebur128_0 @ 0000025613771900] t: 2.899969   TARGET:-23 LUFS    M: -30.5 S:-120.7     I: -28.8 LUFS       LRA:   0.0 LU  FTPK: -25.6 -24.0 dBFS  TPK: -19.8 -19.5 dBFS
[Parsed_ebur128_0 @ 0000025613771900] t: 2.999969   TARGET:-23 LUFS    M: -32.0 S: -29.1     I: -28.9 LUFS       LRA:  20.0 LU  FTPK: -26.4 -25.4 dBFS  TPK: -19.8 -19.5 dBFS
[Parsed_ebur128_0 @ 0000025613771900] t: 3.099969   TARGET:-23 LUFS    M: -32.8 S: -29.1     I: -29.0 LUFS       LRA:  20.0 LU  FTPK: -26.5 -26.3 dBFS  TPK: -19.8 -19.5 dBFS
[Parsed_ebur128_0 @ 0000025613771900] t: 3.199969   TARGET:-23 LUFS    M: -33.3 S: -29.2     I: -29.1 LUFS       LRA:  20.0 LU  FTPK: -28.4 -27.3 dBFS  TPK: -19.8 -19.5 dBFS
[Parsed_ebur128_0 @ 0000025613771900] t: 3.299969   TARGET:-23 LUFS    M: -34.0 S: -29.3     I: -29.2 LUFS       LRA:  20.1 LU  FTPK: -29.8 -29.3 dBFS  TPK: -19.8 -19.5 dBFS
[Parsed_ebur128_0 @ 0000025613771900] t: 3.399969   TARGET:-23 LUFS    M: -34.9 S: -29.5     I: -29.3 LUFS       LRA:   0.4 LU  FTPK: -29.6 -29.4 dBFS  TPK: -19.8 -19.5 dBFS
[Parsed_ebur128_0 @ 0000025613771900] t: 3.499969   TARGET:-23 LUFS    M: -36.1 S: -29.8     I: -29.4 LUFS       LRA:   0.6 LU  FTPK: -30.2 -29.7 dBFS  TPK: -19.8 -19.5 dBFS
[Parsed_ebur128_0 @ 0000025613771900] t: 3.599969   TARGET:-23 LUFS    M: -36.6 S: -30.0     I: -29.5 LUFS       LRA:   0.8 LU  FTPK: -29.8 -29.2 dBFS  TPK: -19.8 -19.5 dBFS
[Parsed_ebur128_0 @ 0000025613771900] t: 3.699969   TARGET:-23 LUFS    M: -36.9 S: -30.1     I: -29.6 LUFS       LRA:   1.0 LU  FTPK: -31.0 -30.5 dBFS  TPK: -19.8 -19.5 dBFS
[Parsed_ebur128_0 @ 0000025613771900] t: 3.799969   TARGET:-23 LUFS    M: -37.0 S: -30.3     I: -29.7 LUFS       LRA:   1.2 LU  FTPK: -30.2 -29.7 dBFS  TPK: -19.8 -19.5 dBFS
[Parsed_ebur128_0 @ 0000025613771900] t: 3.899969   TARGET:-23 LUFS    M: -37.1 S: -30.6     I: -29.8 LUFS       LRA:   1.4 LU  FTPK: -30.8 -29.9 dBFS  TPK: -19.8 -19.5 dBFS
[Parsed_ebur128_0 @ 0000025613771900] t: 3.999969   TARGET:-23 LUFS    M: -37.3 S: -30.8     I: -29.9 LUFS       LRA:   1.6 LU  FTPK: -31.2 -30.3 dBFS  TPK: -19.8 -19.5 dBFS
[Parsed_ebur128_0 @ 0000025613771900] t: 4.099969   TARGET:-23 LUFS    M: -37.8 S: -31.0     I: -30.0 LUFS       LRA:   1.9 LU  FTPK: -32.3 -31.8 dBFS  TPK: -19.8 -19.5 dBFS
[Parsed_ebur128_0 @ 0000025613771900] t: 4.199969   TARGET:-23 LUFS    M: -38.9 S: -31.2     I: -30.1 LUFS       LRA:   2.1 LU  FTPK: -34.4 -33.9 dBFS  TPK: -19.8 -19.5 dBFS
[Parsed_ebur128_0 @ 0000025613771900] t: 4.299969   TARGET:-23 LUFS    M: -40.3 S: -31.4     I: -30.1 LUFS       LRA:   2.3 LU  FTPK: -36.6 -35.7 dBFS  TPK: -19.8 -19.5 dBFS
[Parsed_ebur128_0 @ 0000025613771900] t: 4.399969   TARGET:-23 LUFS    M: -42.1 S: -31.7     I: -30.2 LUFS       LRA:   2.3 LU  FTPK: -37.3 -36.2 dBFS  TPK: -19.8 -19.5 dBFS
[Parsed_ebur128_0 @ 0000025613771900] t: 4.499969   TARGET:-23 LUFS    M: -43.4 S: -32.0     I: -30.2 LUFS       LRA:   2.6 LU  FTPK: -37.6 -37.0 dBFS  TPK: -19.8 -19.5 dBFS
[Parsed_ebur128_0 @ 0000025613771900] t: 4.599969   TARGET:-23 LUFS    M: -44.6 S: -32.2     I: -30.2 LUFS       LRA:   2.9 LU  FTPK: -38.8 -38.1 dBFS  TPK: -19.8 -19.5 dBFS
[Parsed_ebur128_0 @ 0000025613771900] t: 4.699969   TARGET:-23 LUFS    M: -45.0 S: -32.5     I: -30.2 LUFS       LRA:   3.1 LU  FTPK: -37.3 -36.4 dBFS  TPK: -19.8 -19.5 dBFS
[Parsed_ebur128_0 @ 0000025613771900] t: 4.799969   TARGET:-23 LUFS    M: -45.2 S: -32.9     I: -30.2 LUFS       LRA:   3.4 LU  FTPK: -38.6 -37.6 dBFS  TPK: -19.8 -19.5 dBFS
[Parsed_ebur128_0 @ 0000025613771900] t: 4.899969   TARGET:-23 LUFS    M: -45.5 S: -33.2     I: -30.2 LUFS       LRA:   3.7 LU  FTPK: -38.9 -37.9 dBFS  TPK: -19.8 -19.5 dBFS
[Parsed_ebur128_0 @ 0000025613771900] t: 4.999969   TARGET:-23 LUFS    M: -45.4 S: -33.5     I: -30.2 LUFS       LRA:   4.1 LU  FTPK: -40.9 -40.1 dBFS  TPK: -19.8 -19.5 dBFS
[Parsed_ebur128_0 @ 0000025613771900] t: 5.099969   TARGET:-23 LUFS    M: -45.7 S: -33.8     I: -30.2 LUFS       LRA:   4.4 LU  FTPK: -38.8 -37.8 dBFS  TPK: -19.8 -19.5 dBFS
[Parsed_ebur128_0 @ 0000025613771900] Summary:

  Integrated loudness:
    I:         -30.2 LUFS
    Threshold: -41.0 LUFS

  Loudness range:
    LRA:         4.4 LU
    Threshold: -50.8 LUFS
    LRA low:   -33.5 LUFS
    LRA high:  -29.1 LUFS

  True peak:
    Peak:      -19.5 dBFS
[out#0/null @ 000002561523d9c0] video:0KiB audio:648KiB subtitle:0KiB other streams:0KiB global headers:0KiB muxing overhead: unknown
size=N/A time=00:00:05.18 bitrate=N/A speed= 288x elapsed=0:00:00.01    
