Input #0, mov,mp4,m4a,3gp,3g2,mj2, from 'C:\Users\jeffr\Documents\ComfyUI\vram-recipe-lab\outputs\h3_music_followup_score_seed42_f277_out_00001_.mp4':
  Metadata:
    major_brand     : isom
    minor_version   : 512
    compatible_brands: isomiso2avc1mp41
    encoder         : Lavf62.3.100
  Duration: 00:00:11.54, start: 0.000000, bitrate: 1601 kb/s
  Stream #0:0[0x1](und): Video: h264 (High) (avc1 / 0x31637661), yuv420p(progressive), 1344x768, 1466 kb/s, 24 fps, 24 tbr, 12288 tbn (default)
    Metadata:
      handler_name    : VideoHandler
      vendor_id       : [0][0][0][0]
  Stream #0:1[0x2](und): Audio: aac (LC) (mp4a / 0x6134706D), 32000 Hz, stereo, fltp, 127 kb/s (default)
    Metadata:
      handler_name    : SoundHandler
      vendor_id       : [0][0][0][0]
Stream mapping:
  Stream #0:1 -> #0:0 (aac (native) -> pcm_s16le (native))
Press [q] to stop, [?] for help
[Parsed_ebur128_0 @ 0000021a9e0a1640] t: 0.0999688  TARGET:-23 LUFS    M:-120.7 S:-120.7     I: -70.0 LUFS       LRA:   0.0 LU  FTPK: -22.1 -23.6 dBFS  TPK: -22.1 -23.6 dBFS
Output #0, null, to 'NUL':
  Metadata:
    major_brand     : isom
    minor_version   : 512
    compatible_brands: isomiso2avc1mp41
    encoder         : Lavf62.3.100
  Stream #0:0(und): Audio: pcm_s16le, 32000 Hz, stereo, s16, 1024 kb/s (default)
    Metadata:
      encoder         : Lavc62.11.100 pcm_s16le
      handler_name    : SoundHandler
      vendor_id       : [0][0][0][0]
[Parsed_ebur128_0 @ 0000021a9e0a1640] t: 0.199969   TARGET:-23 LUFS    M:-120.7 S:-120.7     I: -70.0 LUFS       LRA:   0.0 LU  FTPK: -11.6 -12.9 dBFS  TPK: -11.6 -12.9 dBFS
[Parsed_ebur128_0 @ 0000021a9e0a1640] t: 0.299969   TARGET:-23 LUFS    M:-120.7 S:-120.7     I: -70.0 LUFS       LRA:   0.0 LU  FTPK: -12.7 -13.9 dBFS  TPK: -11.6 -12.9 dBFS
[Parsed_ebur128_0 @ 0000021a9e0a1640] t: 0.399969   TARGET:-23 LUFS    M: -19.9 S:-120.7     I: -19.9 LUFS       LRA:   0.0 LU  FTPK: -13.8 -15.0 dBFS  TPK: -11.6 -12.9 dBFS
[Parsed_ebur128_0 @ 0000021a9e0a1640] t: 0.499969   TARGET:-23 LUFS    M: -19.1 S:-120.7     I: -19.4 LUFS       LRA:   0.0 LU  FTPK: -14.4 -15.6 dBFS  TPK: -11.6 -12.9 dBFS
[Parsed_ebur128_0 @ 0000021a9e0a1640] t: 0.599969   TARGET:-23 LUFS    M: -18.6 S:-120.7     I: -19.2 LUFS       LRA:   0.0 LU  FTPK:  -9.6 -10.6 dBFS  TPK:  -9.6 -10.6 dBFS
[Parsed_ebur128_0 @ 0000021a9e0a1640] t: 0.699969   TARGET:-23 LUFS    M: -17.2 S:-120.7     I: -18.6 LUFS       LRA:   0.0 LU  FTPK:  -8.8  -9.0 dBFS  TPK:  -8.8  -9.0 dBFS
[Parsed_ebur128_0 @ 0000021a9e0a1640] t: 0.799969   TARGET:-23 LUFS    M: -15.4 S:-120.7     I: -17.7 LUFS       LRA:   0.0 LU  FTPK:  -8.0  -8.7 dBFS  TPK:  -8.0  -8.7 dBFS
[Parsed_ebur128_0 @ 0000021a9e0a1640] t: 0.899969   TARGET:-23 LUFS    M: -13.7 S:-120.7     I: -16.7 LUFS       LRA:   0.0 LU  FTPK:  -8.0  -8.2 dBFS  TPK:  -8.0  -8.2 dBFS
[Parsed_ebur128_0 @ 0000021a9e0a1640] t: 0.999969   TARGET:-23 LUFS    M: -12.8 S:-120.7     I: -15.9 LUFS       LRA:   0.0 LU  FTPK:  -8.9  -8.9 dBFS  TPK:  -8.0  -8.2 dBFS
[Parsed_ebur128_0 @ 0000021a9e0a1640] t: 1.099969   TARGET:-23 LUFS    M: -13.0 S:-120.7     I: -15.4 LUFS       LRA:   0.0 LU  FTPK:  -9.5  -9.7 dBFS  TPK:  -8.0  -8.2 dBFS
[Parsed_ebur128_0 @ 0000021a9e0a1640] t: 1.199969   TARGET:-23 LUFS    M: -13.2 S:-120.7     I: -15.1 LUFS       LRA:   0.0 LU  FTPK:  -8.4  -8.9 dBFS  TPK:  -8.0  -8.2 dBFS
[Parsed_ebur128_0 @ 0000021a9e0a1640] t: 1.299969   TARGET:-23 LUFS    M: -13.4 S:-120.7     I: -14.9 LUFS       LRA:   0.0 LU  FTPK:  -7.2  -7.7 dBFS  TPK:  -7.2  -7.7 dBFS
[Parsed_ebur128_0 @ 0000021a9e0a1640] t: 1.399969   TARGET:-23 LUFS    M: -13.0 S:-120.7     I: -14.7 LUFS       LRA:   0.0 LU  FTPK:  -6.1  -6.2 dBFS  TPK:  -6.1  -6.2 dBFS
[Parsed_ebur128_0 @ 0000021a9e0a1640] t: 1.499969   TARGET:-23 LUFS    M: -12.1 S:-120.7     I: -14.4 LUFS       LRA:   0.0 LU  FTPK:  -7.1  -7.1 dBFS  TPK:  -6.1  -6.2 dBFS
[Parsed_ebur128_0 @ 0000021a9e0a1640] t: 1.599969   TARGET:-23 LUFS    M: -12.1 S:-120.7     I: -14.2 LUFS       LRA:   0.0 LU  FTPK:  -7.4  -7.7 dBFS  TPK:  -6.1  -6.2 dBFS
[Parsed_ebur128_0 @ 0000021a9e0a1640] t: 1.699969   TARGET:-23 LUFS    M: -12.2 S:-120.7     I: -14.0 LUFS       LRA:   0.0 LU  FTPK:  -7.9  -8.5 dBFS  TPK:  -6.1  -6.2 dBFS
[Parsed_ebur128_0 @ 0000021a9e0a1640] t: 1.799969   TARGET:-23 LUFS    M: -12.5 S:-120.7     I: -13.9 LUFS       LRA:   0.0 LU  FTPK:  -8.2  -8.5 dBFS  TPK:  -6.1  -6.2 dBFS
[Parsed_ebur128_0 @ 0000021a9e0a1640] t: 1.899969   TARGET:-23 LUFS    M: -12.8 S:-120.7     I: -13.8 LUFS       LRA:   0.0 LU  FTPK:  -8.8  -9.0 dBFS  TPK:  -6.1  -6.2 dBFS
[Parsed_ebur128_0 @ 0000021a9e0a1640] t: 1.999969   TARGET:-23 LUFS    M: -12.3 S:-120.7     I: -13.7 LUFS       LRA:   0.0 LU  FTPK:  -7.8  -8.4 dBFS  TPK:  -6.1  -6.2 dBFS
[Parsed_ebur128_0 @ 0000021a9e0a1640] t: 2.099969   TARGET:-23 LUFS    M: -11.8 S:-120.7     I: -13.6 LUFS       LRA:   0.0 LU  FTPK:  -6.0  -6.7 dBFS  TPK:  -6.0  -6.2 dBFS
[Parsed_ebur128_0 @ 0000021a9e0a1640] t: 2.199969   TARGET:-23 LUFS    M: -11.3 S:-120.7     I: -13.4 LUFS       LRA:   0.0 LU  FTPK:  -5.4  -6.1 dBFS  TPK:  -5.4  -6.1 dBFS
[Parsed_ebur128_0 @ 0000021a9e0a1640] t: 2.299969   TARGET:-23 LUFS    M: -10.8 S:-120.7     I: -13.2 LUFS       LRA:   0.0 LU  FTPK:  -5.0  -5.7 dBFS  TPK:  -5.0  -5.7 dBFS
[Parsed_ebur128_0 @ 0000021a9e0a1640] t: 2.399969   TARGET:-23 LUFS    M: -10.7 S:-120.7     I: -13.1 LUFS       LRA:   0.0 LU  FTPK:  -5.6  -6.5 dBFS  TPK:  -5.0  -5.7 dBFS
[Parsed_ebur128_0 @ 0000021a9e0a1640] t: 2.499969   TARGET:-23 LUFS    M: -10.6 S:-120.7     I: -12.9 LUFS       LRA:   0.0 LU  FTPK:  -5.2  -5.8 dBFS  TPK:  -5.0  -5.7 dBFS
[Parsed_ebur128_0 @ 0000021a9e0a1640] t: 2.599969   TARGET:-23 LUFS    M: -10.8 S:-120.7     I: -12.8 LUFS       LRA:   0.0 LU  FTPK:  -6.1  -6.4 dBFS  TPK:  -5.0  -5.7 dBFS
[Parsed_ebur128_0 @ 0000021a9e0a1640] t: 2.699969   TARGET:-23 LUFS    M: -11.1 S:-120.7     I: -12.7 LUFS       LRA:   0.0 LU  FTPK:  -7.5  -8.0 dBFS  TPK:  -5.0  -5.7 dBFS
[Parsed_ebur128_0 @ 0000021a9e0a1640] t: 2.799969   TARGET:-23 LUFS    M: -11.6 S:-120.7     I: -12.7 LUFS       LRA:   0.0 LU  FTPK:  -9.3  -9.5 dBFS  TPK:  -5.0  -5.7 dBFS
[Parsed_ebur128_0 @ 0000021a9e0a1640] t: 2.899969   TARGET:-23 LUFS    M: -12.4 S:-120.7     I: -12.7 LUFS       LRA:   0.0 LU  FTPK:  -8.0  -7.9 dBFS  TPK:  -5.0  -5.7 dBFS
[Parsed_ebur128_0 @ 0000021a9e0a1640] t: 2.999969   TARGET:-23 LUFS    M: -13.1 S: -12.9     I: -12.7 LUFS       LRA:  20.0 LU  FTPK:  -7.7  -8.4 dBFS  TPK:  -5.0  -5.7 dBFS
[Parsed_ebur128_0 @ 0000021a9e0a1640] t: 3.099969   TARGET:-23 LUFS    M: -14.1 S: -12.8     I: -12.7 LUFS       LRA:  20.0 LU  FTPK:  -9.4  -9.8 dBFS  TPK:  -5.0  -5.7 dBFS
[Parsed_ebur128_0 @ 0000021a9e0a1640] t: 3.199969   TARGET:-23 LUFS    M: -14.7 S: -12.8     I: -12.8 LUFS       LRA:  20.0 LU  FTPK: -10.2 -10.5 dBFS  TPK:  -5.0  -5.7 dBFS
[Parsed_ebur128_0 @ 0000021a9e0a1640] t: 3.299969   TARGET:-23 LUFS    M: -15.1 S: -12.8     I: -12.8 LUFS       LRA:  20.1 LU  FTPK: -10.2 -10.7 dBFS  TPK:  -5.0  -5.7 dBFS
[Parsed_ebur128_0 @ 0000021a9e0a1640] t: 3.399969   TARGET:-23 LUFS    M: -15.5 S: -12.7     I: -12.9 LUFS       LRA:   0.2 LU  FTPK:  -9.4  -9.9 dBFS  TPK:  -5.0  -5.7 dBFS
[Parsed_ebur128_0 @ 0000021a9e0a1640] t: 3.499969   TARGET:-23 LUFS    M: -15.2 S: -12.6     I: -13.0 LUFS       LRA:   0.3 LU  FTPK:  -8.0  -8.6 dBFS  TPK:  -5.0  -5.7 dBFS
[Parsed_ebur128_0 @ 0000021a9e0a1640] t: 3.599969   TARGET:-23 LUFS    M: -15.1 S: -12.6     I: -13.0 LUFS       LRA:   0.3 LU  FTPK: -10.5 -10.2 dBFS  TPK:  -5.0  -5.7 dBFS
[Parsed_ebur128_0 @ 0000021a9e0a1640] t: 3.699969   TARGET:-23 LUFS    M: -14.9 S: -12.6     I: -13.1 LUFS       LRA:   0.3 LU  FTPK:  -9.0  -9.2 dBFS  TPK:  -5.0  -5.7 dBFS
[Parsed_ebur128_0 @ 0000021a9e0a1640] t: 3.799969   TARGET:-23 LUFS    M: -14.7 S: -12.7     I: -13.1 LUFS       LRA:   0.3 LU  FTPK: -10.2 -10.4 dBFS  TPK:  -5.0  -5.7 dBFS
[Parsed_ebur128_0 @ 0000021a9e0a1640] t: 3.899969   TARGET:-23 LUFS    M: -14.1 S: -12.7     I: -13.1 LUFS       LRA:   0.3 LU  FTPK:  -7.2  -7.5 dBFS  TPK:  -5.0  -5.7 dBFS
[Parsed_ebur128_0 @ 0000021a9e0a1640] t: 3.999969   TARGET:-23 LUFS    M: -12.9 S: -12.6     I: -13.1 LUFS       LRA:   0.3 LU  FTPK:  -6.0  -6.2 dBFS  TPK:  -5.0  -5.7 dBFS
[Parsed_ebur128_0 @ 0000021a9e0a1640] t: 4.099969   TARGET:-23 LUFS    M: -12.5 S: -12.6     I: -13.1 LUFS       LRA:   0.3 LU  FTPK:  -7.6  -7.6 dBFS  TPK:  -5.0  -5.7 dBFS
[Parsed_ebur128_0 @ 0000021a9e0a1640] t: 4.199969   TARGET:-23 LUFS    M: -12.8 S: -12.6     I: -13.1 LUFS       LRA:   0.3 LU  FTPK:  -9.5  -9.5 dBFS  TPK:  -5.0  -5.7 dBFS
[Parsed_ebur128_0 @ 0000021a9e0a1640] t: 4.299969   TARGET:-23 LUFS    M: -13.6 S: -12.7     I: -13.1 LUFS       LRA:   0.3 LU  FTPK: -12.5 -12.4 dBFS  TPK:  -5.0  -5.7 dBFS
[Parsed_ebur128_0 @ 0000021a9e0a1640] t: 4.399969   TARGET:-23 LUFS    M: -14.9 S: -12.8     I: -13.1 LUFS       LRA:   0.2 LU  FTPK: -10.1 -10.5 dBFS  TPK:  -5.0  -5.7 dBFS
[Parsed_ebur128_0 @ 0000021a9e0a1640] t: 4.499969   TARGET:-23 LUFS    M: -15.5 S: -12.9     I: -13.2 LUFS       LRA:   0.3 LU  FTPK:  -8.4  -8.3 dBFS  TPK:  -5.0  -5.7 dBFS
[Parsed_ebur128_0 @ 0000021a9e0a1640] t: 4.599969   TARGET:-23 LUFS    M: -15.1 S: -13.0     I: -13.2 LUFS       LRA:   0.3 LU  FTPK:  -8.6  -8.7 dBFS  TPK:  -5.0  -5.7 dBFS
[Parsed_ebur128_0 @ 0000021a9e0a1640] t: 4.699969   TARGET:-23 LUFS    M: -14.8 S: -13.0     I: -13.2 LUFS       LRA:   0.4 LU  FTPK: -10.0 -10.6 dBFS  TPK:  -5.0  -5.7 dBFS
[Parsed_ebur128_0 @ 0000021a9e0a1640] t: 4.799969   TARGET:-23 LUFS    M: -14.6 S: -13.1     I: -13.3 LUFS       LRA:   0.4 LU  FTPK:  -8.3  -8.6 dBFS  TPK:  -5.0  -5.7 dBFS
[Parsed_ebur128_0 @ 0000021a9e0a1640] t: 4.899969   TARGET:-23 LUFS    M: -14.7 S: -13.2     I: -13.3 LUFS       LRA:   0.5 LU  FTPK:  -8.4  -8.6 dBFS  TPK:  -5.0  -5.7 dBFS
[Parsed_ebur128_0 @ 0000021a9e0a1640] t: 4.999969   TARGET:-23 LUFS    M: -15.1 S: -13.3     I: -13.3 LUFS       LRA:   0.5 LU  FTPK: -10.0 -10.7 dBFS  TPK:  -5.0  -5.7 dBFS
[Parsed_ebur128_0 @ 0000021a9e0a1640] t: 5.099969   TARGET:-23 LUFS    M: -14.6 S: -13.4     I: -13.4 LUFS       LRA:   0.7 LU  FTPK:  -8.8  -9.0 dBFS  TPK:  -5.0  -5.7 dBFS
[Parsed_ebur128_0 @ 0000021a9e0a1640] t: 5.199969   TARGET:-23 LUFS    M: -14.9 S: -13.6     I: -13.4 LUFS       LRA:   0.8 LU  FTPK: -10.1 -10.4 dBFS  TPK:  -5.0  -5.7 dBFS
[Parsed_ebur128_0 @ 0000021a9e0a1640] t: 5.299969   TARGET:-23 LUFS    M: -15.0 S: -13.8     I: -13.4 LUFS       LRA:   1.0 LU  FTPK: -10.2 -10.9 dBFS  TPK:  -5.0  -5.7 dBFS
[Parsed_ebur128_0 @ 0000021a9e0a1640] t: 5.399969   TARGET:-23 LUFS    M: -14.6 S: -14.0     I: -13.4 LUFS       LRA:   1.0 LU  FTPK: -10.1 -10.0 dBFS  TPK:  -5.0  -5.7 dBFS
[Parsed_ebur128_0 @ 0000021a9e0a1640] t: 5.499969   TARGET:-23 LUFS    M: -15.4 S: -14.2     I: -13.5 LUFS       LRA:   1.2 LU  FTPK: -10.8 -11.4 dBFS  TPK:  -5.0  -5.7 dBFS
[Parsed_ebur128_0 @ 0000021a9e0a1640] t: 5.599969   TARGET:-23 LUFS    M: -15.6 S: -14.4     I: -13.5 LUFS       LRA:   1.4 LU  FTPK: -12.0 -12.3 dBFS  TPK:  -5.0  -5.7 dBFS
[Parsed_ebur128_0 @ 0000021a9e0a1640] t: 5.699969   TARGET:-23 LUFS    M: -16.0 S: -14.6     I: -13.5 LUFS       LRA:   1.6 LU  FTPK: -12.7 -13.0 dBFS  TPK:  -5.0  -5.7 dBFS
[Parsed_ebur128_0 @ 0000021a9e0a1640] t: 5.799969   TARGET:-23 LUFS    M: -16.4 S: -14.7     I: -13.6 LUFS       LRA:   1.8 LU  FTPK:  -8.7  -9.1 dBFS  TPK:  -5.0  -5.7 dBFS
[Parsed_ebur128_0 @ 0000021a9e0a1640] t: 5.899969   TARGET:-23 LUFS    M: -16.3 S: -14.8     I: -13.6 LUFS       LRA:   2.0 LU  FTPK: -10.0 -10.4 dBFS  TPK:  -5.0  -5.7 dBFS
[Parsed_ebur128_0 @ 0000021a9e0a1640] t: 5.999969   TARGET:-23 LUFS    M: -16.3 S: -14.9     I: -13.6 LUFS       LRA:   2.1 LU  FTPK: -11.5 -11.6 dBFS  TPK:  -5.0  -5.7 dBFS
[Parsed_ebur128_0 @ 0000021a9e0a1640] t: 6.099969   TARGET:-23 LUFS    M: -16.8 S: -14.9     I: -13.7 LUFS       LRA:   2.1 LU  FTPK: -11.2 -11.6 dBFS  TPK:  -5.0  -5.7 dBFS
[Parsed_ebur128_0 @ 0000021a9e0a1640] t: 6.199969   TARGET:-23 LUFS    M: -17.7 S: -15.0     I: -13.7 LUFS       LRA:   2.2 LU  FTPK: -11.6 -12.0 dBFS  TPK:  -5.0  -5.7 dBFS
[Parsed_ebur128_0 @ 0000021a9e0a1640] t: 6.299969   TARGET:-23 LUFS    M: -18.8 S: -15.1     I: -13.8 LUFS       LRA:   2.3 LU  FTPK: -13.9 -13.8 dBFS  TPK:  -5.0  -5.7 dBFS
[Parsed_ebur128_0 @ 0000021a9e0a1640] t: 6.399969   TARGET:-23 LUFS    M: -19.8 S: -15.2     I: -13.8 LUFS       LRA:   2.3 LU  FTPK: -13.5 -13.4 dBFS  TPK:  -5.0  -5.7 dBFS
[Parsed_ebur128_0 @ 0000021a9e0a1640] t: 6.499969   TARGET:-23 LUFS    M: -20.5 S: -15.3     I: -13.9 LUFS       LRA:   2.4 LU  FTPK: -15.2 -15.5 dBFS  TPK:  -5.0  -5.7 dBFS
[Parsed_ebur128_0 @ 0000021a9e0a1640] t: 6.599969   TARGET:-23 LUFS    M: -21.7 S: -15.4     I: -13.9 LUFS       LRA:   2.5 LU  FTPK: -18.2 -18.6 dBFS  TPK:  -5.0  -5.7 dBFS
[Parsed_ebur128_0 @ 0000021a9e0a1640] t: 6.699969   TARGET:-23 LUFS    M: -22.1 S: -15.6     I: -14.0 LUFS       LRA:   2.6 LU  FTPK: -12.9 -13.9 dBFS  TPK:  -5.0  -5.7 dBFS
[Parsed_ebur128_0 @ 0000021a9e0a1640] t: 6.799969   TARGET:-23 LUFS    M: -22.3 S: -15.8     I: -14.1 LUFS       LRA:   2.7 LU  FTPK: -13.4 -14.0 dBFS  TPK:  -5.0  -5.7 dBFS
[Parsed_ebur128_0 @ 0000021a9e0a1640] t: 6.899969   TARGET:-23 LUFS    M: -22.3 S: -16.0     I: -14.1 LUFS       LRA:   2.8 LU  FTPK: -15.8 -16.0 dBFS  TPK:  -5.0  -5.7 dBFS
[Parsed_ebur128_0 @ 0000021a9e0a1640] t: 6.999969   TARGET:-23 LUFS    M: -22.2 S: -16.5     I: -14.2 LUFS       LRA:   3.0 LU  FTPK: -16.1 -16.6 dBFS  TPK:  -5.0  -5.7 dBFS
[Parsed_ebur128_0 @ 0000021a9e0a1640] t: 7.099969   TARGET:-23 LUFS    M: -23.0 S: -16.8     I: -14.2 LUFS       LRA:   3.2 LU  FTPK: -17.2 -17.9 dBFS  TPK:  -5.0  -5.7 dBFS
[Parsed_ebur128_0 @ 0000021a9e0a1640] t: 7.199969   TARGET:-23 LUFS    M: -23.9 S: -17.0     I: -14.3 LUFS       LRA:   3.4 LU  FTPK: -18.2 -18.9 dBFS  TPK:  -5.0  -5.7 dBFS
[Parsed_ebur128_0 @ 0000021a9e0a1640] t: 7.299969   TARGET:-23 LUFS    M: -24.1 S: -17.1     I: -14.3 LUFS       LRA:   3.9 LU  FTPK: -16.3 -17.0 dBFS  TPK:  -5.0  -5.7 dBFS
[Parsed_ebur128_0 @ 0000021a9e0a1640] t: 7.399969   TARGET:-23 LUFS    M: -24.0 S: -17.3     I: -14.4 LUFS       LRA:   3.9 LU  FTPK: -16.4 -16.9 dBFS  TPK:  -5.0  -5.7 dBFS
[Parsed_ebur128_0 @ 0000021a9e0a1640] t: 7.499969   TARGET:-23 LUFS    M: -23.9 S: -17.6     I: -14.4 LUFS       LRA:   4.2 LU  FTPK: -18.6 -18.8 dBFS  TPK:  -5.0  -5.7 dBFS
[Parsed_ebur128_0 @ 0000021a9e0a1640] t: 7.599969   TARGET:-23 LUFS    M: -24.6 S: -17.8     I: -14.4 LUFS       LRA:   4.4 LU  FTPK: -20.5 -21.1 dBFS  TPK:  -5.0  -5.7 dBFS
[Parsed_ebur128_0 @ 0000021a9e0a1640] t: 7.699969   TARGET:-23 LUFS    M: -23.5 S: -18.0     I: -14.5 LUFS       LRA:   4.5 LU  FTPK: -12.1 -12.7 dBFS  TPK:  -5.0  -5.7 dBFS
[Parsed_ebur128_0 @ 0000021a9e0a1640] t: 7.799969   TARGET:-23 LUFS    M: -21.9 S: -18.2     I: -14.6 LUFS       LRA:   4.7 LU  FTPK: -12.8 -13.5 dBFS  TPK:  -5.0  -5.7 dBFS
[Parsed_ebur128_0 @ 0000021a9e0a1640] t: 7.899969   TARGET:-23 LUFS    M: -20.9 S: -18.5     I: -14.6 LUFS       LRA:   4.9 LU  FTPK: -13.2 -14.0 dBFS  TPK:  -5.0  -5.7 dBFS
[Parsed_ebur128_0 @ 0000021a9e0a1640] t: 7.999969   TARGET:-23 LUFS    M: -20.0 S: -18.7     I: -14.7 LUFS       LRA:   5.2 LU  FTPK: -13.7 -14.5 dBFS  TPK:  -5.0  -5.7 dBFS
[Parsed_ebur128_0 @ 0000021a9e0a1640] t: 8.099969   TARGET:-23 LUFS    M: -20.1 S: -19.1     I: -14.7 LUFS       LRA:   5.4 LU  FTPK: -15.3 -15.8 dBFS  TPK:  -5.0  -5.7 dBFS
[Parsed_ebur128_0 @ 0000021a9e0a1640] t: 8.199969   TARGET:-23 LUFS    M: -18.0 S: -18.9     I: -14.7 LUFS       LRA:   5.6 LU  FTPK:  -9.5 -10.4 dBFS  TPK:  -5.0  -5.7 dBFS
[Parsed_ebur128_0 @ 0000021a9e0a1640] t: 8.299969   TARGET:-23 LUFS    M: -16.2 S: -18.8     I: -14.8 LUFS       LRA:   5.9 LU  FTPK:  -9.6 -10.2 dBFS  TPK:  -5.0  -5.7 dBFS
[Parsed_ebur128_0 @ 0000021a9e0a1640] t: 8.399969   TARGET:-23 LUFS    M: -14.5 S: -18.6     I: -14.8 LUFS       LRA:   5.9 LU  FTPK:  -7.1  -7.3 dBFS  TPK:  -5.0  -5.7 dBFS
[Parsed_ebur128_0 @ 0000021a9e0a1640] t: 8.499969   TARGET:-23 LUFS    M: -13.2 S: -18.2     I: -14.7 LUFS       LRA:   5.9 LU  FTPK:  -7.3  -7.7 dBFS  TPK:  -5.0  -5.7 dBFS
[Parsed_ebur128_0 @ 0000021a9e0a1640] t: 8.599969   TARGET:-23 LUFS    M: -13.0 S: -18.0     I: -14.7 LUFS       LRA:   5.9 LU  FTPK:  -8.2  -8.5 dBFS  TPK:  -5.0  -5.7 dBFS
[Parsed_ebur128_0 @ 0000021a9e0a1640] t: 8.699969   TARGET:-23 LUFS    M: -12.7 S: -17.7     I: -14.7 LUFS       LRA:   5.9 LU  FTPK:  -7.4  -7.6 dBFS  TPK:  -5.0  -5.7 dBFS
[Parsed_ebur128_0 @ 0000021a9e0a1640] t: 8.799969   TARGET:-23 LUFS    M: -12.5 S: -17.4     I: -14.6 LUFS       LRA:   5.9 LU  FTPK:  -7.0  -7.5 dBFS  TPK:  -5.0  -5.7 dBFS
[Parsed_ebur128_0 @ 0000021a9e0a1640] t: 8.899969   TARGET:-23 LUFS    M: -12.1 S: -17.0     I: -14.6 LUFS       LRA:   5.9 LU  FTPK:  -6.4  -6.9 dBFS  TPK:  -5.0  -5.7 dBFS
[Parsed_ebur128_0 @ 0000021a9e0a1640] t: 8.999969   TARGET:-23 LUFS    M: -11.6 S: -16.6     I: -14.5 LUFS       LRA:   5.9 LU  FTPK:  -6.5  -6.8 dBFS  TPK:  -5.0  -5.7 dBFS
[Parsed_ebur128_0 @ 0000021a9e0a1640] t: 9.099969   TARGET:-23 LUFS    M: -11.5 S: -16.3     I: -14.5 LUFS       LRA:   5.9 LU  FTPK:  -7.5  -7.8 dBFS  TPK:  -5.0  -5.7 dBFS
[Parsed_ebur128_0 @ 0000021a9e0a1640] t: 9.199969   TARGET:-23 LUFS    M: -11.5 S: -16.0     I: -14.4 LUFS       LRA:   5.9 LU  FTPK:  -7.2  -7.8 dBFS  TPK:  -5.0  -5.7 dBFS
[Parsed_ebur128_0 @ 0000021a9e0a1640] t: 9.299969   TARGET:-23 LUFS    M: -11.2 S: -15.5     I: -14.4 LUFS       LRA:   5.9 LU  FTPK:  -6.1  -6.3 dBFS  TPK:  -5.0  -5.7 dBFS
[Parsed_ebur128_0 @ 0000021a9e0a1640] t: 9.399969   TARGET:-23 LUFS    M: -11.0 S: -15.1     I: -14.3 LUFS       LRA:   5.6 LU  FTPK:  -6.6  -7.0 dBFS  TPK:  -5.0  -5.7 dBFS
[Parsed_ebur128_0 @ 0000021a9e0a1640] t: 9.499969   TARGET:-23 LUFS    M: -11.2 S: -14.9     I: -14.3 LUFS       LRA:   5.6 LU  FTPK:  -7.9  -8.4 dBFS  TPK:  -5.0  -5.7 dBFS
[Parsed_ebur128_0 @ 0000021a9e0a1640] t: 9.599969   TARGET:-23 LUFS    M: -11.5 S: -14.7     I: -14.2 LUFS       LRA:   5.6 LU  FTPK:  -8.3  -8.3 dBFS  TPK:  -5.0  -5.7 dBFS
[Parsed_ebur128_0 @ 0000021a9e0a1640] t: 9.699969   TARGET:-23 LUFS    M: -12.2 S: -14.5     I: -14.2 LUFS       LRA:   5.6 LU  FTPK:  -7.2  -7.3 dBFS  TPK:  -5.0  -5.7 dBFS
[Parsed_ebur128_0 @ 0000021a9e0a1640] t: 9.799969   TARGET:-23 LUFS    M: -12.6 S: -14.2     I: -14.2 LUFS       LRA:   5.6 LU  FTPK:  -7.3  -7.4 dBFS  TPK:  -5.0  -5.7 dBFS
[Parsed_ebur128_0 @ 0000021a9e0a1640] t: 9.899969   TARGET:-23 LUFS    M: -11.9 S: -14.0     I: -14.1 LUFS       LRA:   5.6 LU  FTPK:  -7.0  -7.3 dBFS  TPK:  -5.0  -5.7 dBFS
[Parsed_ebur128_0 @ 0000021a9e0a1640] t: 9.999969   TARGET:-23 LUFS    M: -11.2 S: -13.6     I: -14.1 LUFS       LRA:   5.6 LU  FTPK:  -5.8  -6.3 dBFS  TPK:  -5.0  -5.7 dBFS
[Parsed_ebur128_0 @ 0000021a9e0a1640] t: 10.099969  TARGET:-23 LUFS    M: -10.7 S: -13.4     I: -14.0 LUFS       LRA:   5.6 LU  FTPK:  -5.5  -5.7 dBFS  TPK:  -5.0  -5.7 dBFS
[Parsed_ebur128_0 @ 0000021a9e0a1640] t: 10.199969  TARGET:-23 LUFS    M: -10.8 S: -13.2     I: -14.0 LUFS       LRA:   5.6 LU  FTPK:  -6.3  -6.5 dBFS  TPK:  -5.0  -5.7 dBFS
[Parsed_ebur128_0 @ 0000021a9e0a1640] t: 10.299969  TARGET:-23 LUFS    M: -11.4 S: -13.1     I: -13.9 LUFS       LRA:   5.6 LU  FTPK:  -9.2  -9.5 dBFS  TPK:  -5.0  -5.7 dBFS
[Parsed_ebur128_0 @ 0000021a9e0a1640] t: 10.399969  TARGET:-23 LUFS    M: -12.0 S: -12.9     I: -13.9 LUFS       LRA:   5.6 LU  FTPK:  -7.4  -7.9 dBFS  TPK:  -5.0  -5.7 dBFS
[Parsed_ebur128_0 @ 0000021a9e0a1640] t: 10.499969  TARGET:-23 LUFS    M: -12.8 S: -12.8     I: -13.8 LUFS       LRA:   5.6 LU  FTPK:  -7.6  -8.0 dBFS  TPK:  -5.0  -5.7 dBFS
[Parsed_ebur128_0 @ 0000021a9e0a1640] t: 10.599969  TARGET:-23 LUFS    M: -13.0 S: -12.6     I: -13.8 LUFS       LRA:   5.6 LU  FTPK:  -7.3  -7.4 dBFS  TPK:  -5.0  -5.7 dBFS
[Parsed_ebur128_0 @ 0000021a9e0a1640] t: 10.699969  TARGET:-23 LUFS    M: -12.8 S: -12.5     I: -13.8 LUFS       LRA:   5.6 LU  FTPK:  -7.8  -7.8 dBFS  TPK:  -5.0  -5.7 dBFS
[Parsed_ebur128_0 @ 0000021a9e0a1640] t: 10.799969  TARGET:-23 LUFS    M: -13.1 S: -12.5     I: -13.8 LUFS       LRA:   5.6 LU  FTPK:  -8.8  -8.7 dBFS  TPK:  -5.0  -5.7 dBFS
[Parsed_ebur128_0 @ 0000021a9e0a1640] t: 10.899969  TARGET:-23 LUFS    M: -13.7 S: -12.4     I: -13.8 LUFS       LRA:   5.6 LU  FTPK:  -9.1  -9.2 dBFS  TPK:  -5.0  -5.7 dBFS
[Parsed_ebur128_0 @ 0000021a9e0a1640] t: 10.999969  TARGET:-23 LUFS    M: -14.1 S: -12.4     I: -13.8 LUFS       LRA:   5.7 LU  FTPK:  -9.2  -9.7 dBFS  TPK:  -5.0  -5.7 dBFS
[Parsed_ebur128_0 @ 0000021a9e0a1640] t: 11.099969  TARGET:-23 LUFS    M: -14.9 S: -12.3     I: -13.8 LUFS       LRA:   5.7 LU  FTPK: -10.0  -9.9 dBFS  TPK:  -5.0  -5.7 dBFS
[Parsed_ebur128_0 @ 0000021a9e0a1640] t: 11.199969  TARGET:-23 LUFS    M: -15.5 S: -12.3     I: -13.8 LUFS       LRA:   5.8 LU  FTPK: -10.9 -10.9 dBFS  TPK:  -5.0  -5.7 dBFS
[Parsed_ebur128_0 @ 0000021a9e0a1640] t: 11.299969  TARGET:-23 LUFS    M: -15.4 S: -12.4     I: -13.9 LUFS       LRA:   5.8 LU  FTPK:  -8.9  -8.7 dBFS  TPK:  -5.0  -5.7 dBFS
[Parsed_ebur128_0 @ 0000021a9e0a1640] t: 11.399969  TARGET:-23 LUFS    M: -15.1 S: -12.4     I: -13.9 LUFS       LRA:   5.6 LU  FTPK:  -8.9  -9.0 dBFS  TPK:  -5.0  -5.7 dBFS
[Parsed_ebur128_0 @ 0000021a9e0a1640] t: 11.499969  TARGET:-23 LUFS    M: -14.1 S: -12.4     I: -13.9 LUFS       LRA:   5.6 LU  FTPK:  -6.5  -6.7 dBFS  TPK:  -5.0  -5.7 dBFS
[Parsed_ebur128_0 @ 0000021a9e0a1640] Summary:

  Integrated loudness:
    I:         -13.9 LUFS
    Threshold: -24.0 LUFS

  Loudness range:
    LRA:         5.6 LU
    Threshold: -34.2 LUFS
    LRA low:   -18.0 LUFS
    LRA high:  -12.4 LUFS

  True peak:
    Peak:       -5.0 dBFS
[out#0/null @ 0000021a9fa65d80] video:0KiB audio:1444KiB subtitle:0KiB other streams:0KiB global headers:0KiB muxing overhead: unknown
size=N/A time=00:00:11.55 bitrate=N/A speed= 391x elapsed=0:00:00.02    
