Input #0, mov,mp4,m4a,3gp,3g2,mj2, from 'C:\Users\jeffr\Documents\ComfyUI\vram-recipe-lab\outputs\h3_unconditioned_music_motion_small_seed42_f124_out_00001_.mp4':
  Metadata:
    major_brand     : isom
    minor_version   : 512
    compatible_brands: isomiso2avc1mp41
    encoder         : Lavf62.3.100
  Duration: 00:00:05.17, start: 0.000000, bitrate: 1332 kb/s
  Stream #0:0[0x1](und): Video: h264 (High) (avc1 / 0x31637661), yuv420p(progressive), 1344x768, 1191 kb/s, 24 fps, 24 tbr, 12288 tbn (default)
    Metadata:
      handler_name    : VideoHandler
      vendor_id       : [0][0][0][0]
  Stream #0:1[0x2](und): Audio: aac (LC) (mp4a / 0x6134706D), 32000 Hz, stereo, fltp, 131 kb/s (default)
    Metadata:
      handler_name    : SoundHandler
      vendor_id       : [0][0][0][0]
Stream mapping:
  Stream #0:1 -> #0:0 (aac (native) -> pcm_s16le (native))
Press [q] to stop, [?] for help
Output #0, null, to 'NUL':
  Metadata:
    major_brand     : isom
    minor_version   : 512
    compatible_brands: isomiso2avc1mp41
    encoder         : Lavf62.3.100
  Stream #0:0(und): Audio: pcm_s16le, 32000 Hz, stereo, s16, 1024 kb/s (default)
    Metadata:
      encoder         : Lavc62.11.100 pcm_s16le
      handler_name    : SoundHandler
      vendor_id       : [0][0][0][0]
[Parsed_astats_0 @ 000001dd6c8316c0] Channel: 1
[Parsed_astats_0 @ 000001dd6c8316c0] DC offset: 0.000014
[Parsed_astats_0 @ 000001dd6c8316c0] Min level: -0.383547
[Parsed_astats_0 @ 000001dd6c8316c0] Max level: 0.281586
[Parsed_astats_0 @ 000001dd6c8316c0] Min difference: 0.000000
[Parsed_astats_0 @ 000001dd6c8316c0] Max difference: 0.083366
[Parsed_astats_0 @ 000001dd6c8316c0] Mean difference: 0.000621
[Parsed_astats_0 @ 000001dd6c8316c0] RMS difference: 0.002881
[Parsed_astats_0 @ 000001dd6c8316c0] Peak level dB: -8.323621
[Parsed_astats_0 @ 000001dd6c8316c0] RMS level dB: -36.178763
[Parsed_astats_0 @ 000001dd6c8316c0] RMS peak dB: -21.387913
[Parsed_astats_0 @ 000001dd6c8316c0] RMS through dB: -65.837163
[Parsed_astats_0 @ 000001dd6c8316c0] Crest factor: 24.703423
[Parsed_astats_0 @ 000001dd6c8316c0] Flat factor: 0.000000
[Parsed_astats_0 @ 000001dd6c8316c0] Peak count: 2
[Parsed_astats_0 @ 000001dd6c8316c0] Abs Peak count: 1
[Parsed_astats_0 @ 000001dd6c8316c0] Noise floor dB: -53.488280
[Parsed_astats_0 @ 000001dd6c8316c0] Noise floor count: 164
[Parsed_astats_0 @ 000001dd6c8316c0] Entropy: 0.400127
[Parsed_astats_0 @ 000001dd6c8316c0] Bit depth: 30/32/32/32
[Parsed_astats_0 @ 000001dd6c8316c0] Dynamic range: 157.137978
[Parsed_astats_0 @ 000001dd6c8316c0] Zero crossings: 7464
[Parsed_astats_0 @ 000001dd6c8316c0] Zero crossings rate: 0.044994
[Parsed_astats_0 @ 000001dd6c8316c0] Number of NaNs: 0
[Parsed_astats_0 @ 000001dd6c8316c0] Number of Infs: 0
[Parsed_astats_0 @ 000001dd6c8316c0] Number of denormals: 0
[Parsed_astats_0 @ 000001dd6c8316c0] Channel: 2
[Parsed_astats_0 @ 000001dd6c8316c0] DC offset: 0.000013
[Parsed_astats_0 @ 000001dd6c8316c0] Min level: -0.387261
[Parsed_astats_0 @ 000001dd6c8316c0] Max level: 0.288804
[Parsed_astats_0 @ 000001dd6c8316c0] Min difference: 0.000000
[Parsed_astats_0 @ 000001dd6c8316c0] Max difference: 0.082430
[Parsed_astats_0 @ 000001dd6c8316c0] Mean difference: 0.000624
[Parsed_astats_0 @ 000001dd6c8316c0] RMS difference: 0.002911
[Parsed_astats_0 @ 000001dd6c8316c0] Peak level dB: -8.239927
[Parsed_astats_0 @ 000001dd6c8316c0] RMS level dB: -36.074872
[Parsed_astats_0 @ 000001dd6c8316c0] RMS peak dB: -21.253641
[Parsed_astats_0 @ 000001dd6c8316c0] RMS through dB: -65.799721
[Parsed_astats_0 @ 000001dd6c8316c0] Crest factor: 24.646046
[Parsed_astats_0 @ 000001dd6c8316c0] Flat factor: 0.000000
[Parsed_astats_0 @ 000001dd6c8316c0] Peak count: 2
[Parsed_astats_0 @ 000001dd6c8316c0] Abs Peak count: 1
[Parsed_astats_0 @ 000001dd6c8316c0] Noise floor dB: -53.605292
[Parsed_astats_0 @ 000001dd6c8316c0] Noise floor count: 164
[Parsed_astats_0 @ 000001dd6c8316c0] Entropy: 0.401373
[Parsed_astats_0 @ 000001dd6c8316c0] Bit depth: 30/32/32/32
[Parsed_astats_0 @ 000001dd6c8316c0] Dynamic range: 161.883254
[Parsed_astats_0 @ 000001dd6c8316c0] Zero crossings: 7320
[Parsed_astats_0 @ 000001dd6c8316c0] Zero crossings rate: 0.044126
[Parsed_astats_0 @ 000001dd6c8316c0] Number of NaNs: 0
[Parsed_astats_0 @ 000001dd6c8316c0] Number of Infs: 0
[Parsed_astats_0 @ 000001dd6c8316c0] Number of denormals: 0
[Parsed_astats_0 @ 000001dd6c8316c0] Overall
[Parsed_astats_0 @ 000001dd6c8316c0] DC offset: 0.000014
[Parsed_astats_0 @ 000001dd6c8316c0] Min level: -0.387261
[Parsed_astats_0 @ 000001dd6c8316c0] Max level: 0.288804
[Parsed_astats_0 @ 000001dd6c8316c0] Min difference: 0.000000
[Parsed_astats_0 @ 000001dd6c8316c0] Max difference: 0.083366
[Parsed_astats_0 @ 000001dd6c8316c0] Mean difference: 0.000622
[Parsed_astats_0 @ 000001dd6c8316c0] RMS difference: 0.002896
[Parsed_astats_0 @ 000001dd6c8316c0] Peak level dB: -8.239927
[Parsed_astats_0 @ 000001dd6c8316c0] RMS level dB: -36.126507
[Parsed_astats_0 @ 000001dd6c8316c0] RMS peak dB: -21.253641
[Parsed_astats_0 @ 000001dd6c8316c0] RMS through dB: -65.837163
[Parsed_astats_0 @ 000001dd6c8316c0] Flat factor: 0.000000
[Parsed_astats_0 @ 000001dd6c8316c0] Peak count: 2.000000
[Parsed_astats_0 @ 000001dd6c8316c0] Abs Peak count: 1.000000
[Parsed_astats_0 @ 000001dd6c8316c0] Noise floor dB: -53.488280
[Parsed_astats_0 @ 000001dd6c8316c0] Noise floor count: 164.000000
[Parsed_astats_0 @ 000001dd6c8316c0] Entropy: 0.400750
[Parsed_astats_0 @ 000001dd6c8316c0] Bit depth: 30/32/32/32
[Parsed_astats_0 @ 000001dd6c8316c0] Number of samples: 165888
[Parsed_astats_0 @ 000001dd6c8316c0] Number of NaNs: 0.000000
[Parsed_astats_0 @ 000001dd6c8316c0] Number of Infs: 0.000000
[Parsed_astats_0 @ 000001dd6c8316c0] Number of denormals: 0.000000
[out#0/null @ 000001dd6e73e5c0] video:0KiB audio:648KiB subtitle:0KiB other streams:0KiB global headers:0KiB muxing overhead: unknown
size=N/A time=00:00:05.18 bitrate=N/A speed= 680x elapsed=0:00:00.00    
