Input #0, mov,mp4,m4a,3gp,3g2,mj2, from 'C:\Users\jeffr\Documents\ComfyUI\vram-recipe-lab\outputs\h3_unconditioned_music_motion_large_seed42_f124_out_00001_.mp4':
  Metadata:
    major_brand     : isom
    minor_version   : 512
    compatible_brands: isomiso2avc1mp41
    encoder         : Lavf62.3.100
  Duration: 00:00:05.17, start: 0.000000, bitrate: 1746 kb/s
  Stream #0:0[0x1](und): Video: h264 (High) (avc1 / 0x31637661), yuv420p(progressive), 1344x768, 1607 kb/s, 24 fps, 24 tbr, 12288 tbn (default)
    Metadata:
      handler_name    : VideoHandler
      vendor_id       : [0][0][0][0]
  Stream #0:1[0x2](und): Audio: aac (LC) (mp4a / 0x6134706D), 32000 Hz, stereo, fltp, 129 kb/s (default)
    Metadata:
      handler_name    : SoundHandler
      vendor_id       : [0][0][0][0]
Stream mapping:
  Stream #0:1 -> #0:0 (aac (native) -> pcm_s16le (native))
Press [q] to stop, [?] for help
Output #0, null, to 'NUL':
  Metadata:
    major_brand     : isom
    minor_version   : 512
    compatible_brands: isomiso2avc1mp41
    encoder         : Lavf62.3.100
  Stream #0:0(und): Audio: pcm_s16le, 32000 Hz, stereo, s16, 1024 kb/s (default)
    Metadata:
      encoder         : Lavc62.11.100 pcm_s16le
      handler_name    : SoundHandler
      vendor_id       : [0][0][0][0]
[Parsed_astats_0 @ 000001f208ad16c0] Channel: 1
[Parsed_astats_0 @ 000001f208ad16c0] DC offset: 0.000029
[Parsed_astats_0 @ 000001f208ad16c0] Min level: -0.502262
[Parsed_astats_0 @ 000001f208ad16c0] Max level: 0.473748
[Parsed_astats_0 @ 000001f208ad16c0] Min difference: 0.000000
[Parsed_astats_0 @ 000001f208ad16c0] Max difference: 0.438428
[Parsed_astats_0 @ 000001f208ad16c0] Mean difference: 0.002864
[Parsed_astats_0 @ 000001f208ad16c0] RMS difference: 0.013086
[Parsed_astats_0 @ 000001f208ad16c0] Peak level dB: -5.981395
[Parsed_astats_0 @ 000001f208ad16c0] RMS level dB: -31.731135
[Parsed_astats_0 @ 000001f208ad16c0] RMS peak dB: -19.195948
[Parsed_astats_0 @ 000001f208ad16c0] RMS through dB: -57.812495
[Parsed_astats_0 @ 000001f208ad16c0] Crest factor: 19.385946
[Parsed_astats_0 @ 000001f208ad16c0] Flat factor: 0.000000
[Parsed_astats_0 @ 000001f208ad16c0] Peak count: 2
[Parsed_astats_0 @ 000001f208ad16c0] Abs Peak count: 1
[Parsed_astats_0 @ 000001f208ad16c0] Noise floor dB: -48.144887
[Parsed_astats_0 @ 000001f208ad16c0] Noise floor count: 514
[Parsed_astats_0 @ 000001f208ad16c0] Entropy: 0.538195
[Parsed_astats_0 @ 000001f208ad16c0] Bit depth: 31/32/32/32
[Parsed_astats_0 @ 000001f208ad16c0] Dynamic range: 170.924436
[Parsed_astats_0 @ 000001f208ad16c0] Zero crossings: 8846
[Parsed_astats_0 @ 000001f208ad16c0] Zero crossings rate: 0.053325
[Parsed_astats_0 @ 000001f208ad16c0] Number of NaNs: 0
[Parsed_astats_0 @ 000001f208ad16c0] Number of Infs: 0
[Parsed_astats_0 @ 000001f208ad16c0] Number of denormals: 0
[Parsed_astats_0 @ 000001f208ad16c0] Channel: 2
[Parsed_astats_0 @ 000001f208ad16c0] DC offset: 0.000017
[Parsed_astats_0 @ 000001f208ad16c0] Min level: -0.448518
[Parsed_astats_0 @ 000001f208ad16c0] Max level: 0.512710
[Parsed_astats_0 @ 000001f208ad16c0] Min difference: 0.000000
[Parsed_astats_0 @ 000001f208ad16c0] Max difference: 0.465641
[Parsed_astats_0 @ 000001f208ad16c0] Mean difference: 0.002948
[Parsed_astats_0 @ 000001f208ad16c0] RMS difference: 0.013676
[Parsed_astats_0 @ 000001f208ad16c0] Peak level dB: -5.802558
[Parsed_astats_0 @ 000001f208ad16c0] RMS level dB: -31.601546
[Parsed_astats_0 @ 000001f208ad16c0] RMS peak dB: -19.032967
[Parsed_astats_0 @ 000001f208ad16c0] RMS through dB: -57.576036
[Parsed_astats_0 @ 000001f208ad16c0] Crest factor: 19.496175
[Parsed_astats_0 @ 000001f208ad16c0] Flat factor: 0.000000
[Parsed_astats_0 @ 000001f208ad16c0] Peak count: 2
[Parsed_astats_0 @ 000001f208ad16c0] Abs Peak count: 1
[Parsed_astats_0 @ 000001f208ad16c0] Noise floor dB: -48.016928
[Parsed_astats_0 @ 000001f208ad16c0] Noise floor count: 526
[Parsed_astats_0 @ 000001f208ad16c0] Entropy: 0.539337
[Parsed_astats_0 @ 000001f208ad16c0] Bit depth: 31/32/32/32
[Parsed_astats_0 @ 000001f208ad16c0] Dynamic range: 161.028153
[Parsed_astats_0 @ 000001f208ad16c0] Zero crossings: 8812
[Parsed_astats_0 @ 000001f208ad16c0] Zero crossings rate: 0.053120
[Parsed_astats_0 @ 000001f208ad16c0] Number of NaNs: 0
[Parsed_astats_0 @ 000001f208ad16c0] Number of Infs: 0
[Parsed_astats_0 @ 000001f208ad16c0] Number of denormals: 0
[Parsed_astats_0 @ 000001f208ad16c0] Overall
[Parsed_astats_0 @ 000001f208ad16c0] DC offset: 0.000029
[Parsed_astats_0 @ 000001f208ad16c0] Min level: -0.502262
[Parsed_astats_0 @ 000001f208ad16c0] Max level: 0.512710
[Parsed_astats_0 @ 000001f208ad16c0] Min difference: 0.000000
[Parsed_astats_0 @ 000001f208ad16c0] Max difference: 0.465641
[Parsed_astats_0 @ 000001f208ad16c0] Mean difference: 0.002906
[Parsed_astats_0 @ 000001f208ad16c0] RMS difference: 0.013384
[Parsed_astats_0 @ 000001f208ad16c0] Peak level dB: -5.802558
[Parsed_astats_0 @ 000001f208ad16c0] RMS level dB: -31.665857
[Parsed_astats_0 @ 000001f208ad16c0] RMS peak dB: -19.032967
[Parsed_astats_0 @ 000001f208ad16c0] RMS through dB: -57.812495
[Parsed_astats_0 @ 000001f208ad16c0] Flat factor: 0.000000
[Parsed_astats_0 @ 000001f208ad16c0] Peak count: 2.000000
[Parsed_astats_0 @ 000001f208ad16c0] Abs Peak count: 1.000000
[Parsed_astats_0 @ 000001f208ad16c0] Noise floor dB: -48.016928
[Parsed_astats_0 @ 000001f208ad16c0] Noise floor count: 520.000000
[Parsed_astats_0 @ 000001f208ad16c0] Entropy: 0.538766
[Parsed_astats_0 @ 000001f208ad16c0] Bit depth: 31/32/32/32
[Parsed_astats_0 @ 000001f208ad16c0] Number of samples: 165888
[Parsed_astats_0 @ 000001f208ad16c0] Number of NaNs: 0.000000
[Parsed_astats_0 @ 000001f208ad16c0] Number of Infs: 0.000000
[Parsed_astats_0 @ 000001f208ad16c0] Number of denormals: 0.000000
[out#0/null @ 000001f20acaf3c0] video:0KiB audio:648KiB subtitle:0KiB other streams:0KiB global headers:0KiB muxing overhead: unknown
size=N/A time=00:00:05.18 bitrate=N/A speed= 670x elapsed=0:00:00.00    
