Input #0, mov,mp4,m4a,3gp,3g2,mj2, from 'C:\Users\jeffr\Documents\ComfyUI\vram-recipe-lab\outputs\h3_unconditioned_music_scene_seed42_f192_out_00001_.mp4':
  Metadata:
    major_brand     : isom
    minor_version   : 512
    compatible_brands: isomiso2avc1mp41
    encoder         : Lavf62.3.100
  Duration: 00:00:08.00, start: 0.000000, bitrate: 1734 kb/s
  Stream #0:0[0x1](und): Video: h264 (High) (avc1 / 0x31637661), yuv420p(progressive), 1344x768, 1595 kb/s, 24 fps, 24 tbr, 12288 tbn (default)
    Metadata:
      handler_name    : VideoHandler
      vendor_id       : [0][0][0][0]
  Stream #0:1[0x2](und): Audio: aac (LC) (mp4a / 0x6134706D), 32000 Hz, stereo, fltp, 130 kb/s (default)
    Metadata:
      handler_name    : SoundHandler
      vendor_id       : [0][0][0][0]
Stream mapping:
  Stream #0:1 -> #0:0 (aac (native) -> pcm_s16le (native))
Press [q] to stop, [?] for help
Output #0, null, to 'NUL':
  Metadata:
    major_brand     : isom
    minor_version   : 512
    compatible_brands: isomiso2avc1mp41
    encoder         : Lavf62.3.100
  Stream #0:0(und): Audio: pcm_s16le, 32000 Hz, stereo, s16, 1024 kb/s (default)
    Metadata:
      encoder         : Lavc62.11.100 pcm_s16le
      handler_name    : SoundHandler
      vendor_id       : [0][0][0][0]
[Parsed_astats_0 @ 000002162b2c16c0] Channel: 1
[Parsed_astats_0 @ 000002162b2c16c0] DC offset: 0.000015
[Parsed_astats_0 @ 000002162b2c16c0] Min level: -0.569639
[Parsed_astats_0 @ 000002162b2c16c0] Max level: 0.410361
[Parsed_astats_0 @ 000002162b2c16c0] Min difference: 0.000000
[Parsed_astats_0 @ 000002162b2c16c0] Max difference: 0.122515
[Parsed_astats_0 @ 000002162b2c16c0] Mean difference: 0.001996
[Parsed_astats_0 @ 000002162b2c16c0] RMS difference: 0.006572
[Parsed_astats_0 @ 000002162b2c16c0] Peak level dB: -4.887999
[Parsed_astats_0 @ 000002162b2c16c0] RMS level dB: -27.595796
[Parsed_astats_0 @ 000002162b2c16c0] RMS peak dB: -15.335801
[Parsed_astats_0 @ 000002162b2c16c0] RMS through dB: -64.798557
[Parsed_astats_0 @ 000002162b2c16c0] Crest factor: 13.658086
[Parsed_astats_0 @ 000002162b2c16c0] Flat factor: 0.000000
[Parsed_astats_0 @ 000002162b2c16c0] Peak count: 2
[Parsed_astats_0 @ 000002162b2c16c0] Abs Peak count: 1
[Parsed_astats_0 @ 000002162b2c16c0] Noise floor dB: -52.624795
[Parsed_astats_0 @ 000002162b2c16c0] Noise floor count: 163
[Parsed_astats_0 @ 000002162b2c16c0] Entropy: 0.511560
[Parsed_astats_0 @ 000002162b2c16c0] Bit depth: 31/32/32/32
[Parsed_astats_0 @ 000002162b2c16c0] Dynamic range: 158.291201
[Parsed_astats_0 @ 000002162b2c16c0] Zero crossings: 13998
[Parsed_astats_0 @ 000002162b2c16c0] Zero crossings rate: 0.054680
[Parsed_astats_0 @ 000002162b2c16c0] Number of NaNs: 0
[Parsed_astats_0 @ 000002162b2c16c0] Number of Infs: 0
[Parsed_astats_0 @ 000002162b2c16c0] Number of denormals: 0
[Parsed_astats_0 @ 000002162b2c16c0] Channel: 2
[Parsed_astats_0 @ 000002162b2c16c0] DC offset: 0.000021
[Parsed_astats_0 @ 000002162b2c16c0] Min level: -0.567840
[Parsed_astats_0 @ 000002162b2c16c0] Max level: 0.420479
[Parsed_astats_0 @ 000002162b2c16c0] Min difference: 0.000000
[Parsed_astats_0 @ 000002162b2c16c0] Max difference: 0.117705
[Parsed_astats_0 @ 000002162b2c16c0] Mean difference: 0.002000
[Parsed_astats_0 @ 000002162b2c16c0] RMS difference: 0.006575
[Parsed_astats_0 @ 000002162b2c16c0] Peak level dB: -4.915474
[Parsed_astats_0 @ 000002162b2c16c0] RMS level dB: -27.594990
[Parsed_astats_0 @ 000002162b2c16c0] RMS peak dB: -15.361217
[Parsed_astats_0 @ 000002162b2c16c0] RMS through dB: -65.233579
[Parsed_astats_0 @ 000002162b2c16c0] Crest factor: 13.613687
[Parsed_astats_0 @ 000002162b2c16c0] Flat factor: 0.000000
[Parsed_astats_0 @ 000002162b2c16c0] Peak count: 2
[Parsed_astats_0 @ 000002162b2c16c0] Abs Peak count: 1
[Parsed_astats_0 @ 000002162b2c16c0] Noise floor dB: -53.138302
[Parsed_astats_0 @ 000002162b2c16c0] Noise floor count: 152
[Parsed_astats_0 @ 000002162b2c16c0] Entropy: 0.511570
[Parsed_astats_0 @ 000002162b2c16c0] Bit depth: 31/32/32/32
[Parsed_astats_0 @ 000002162b2c16c0] Dynamic range: 179.117390
[Parsed_astats_0 @ 000002162b2c16c0] Zero crossings: 13888
[Parsed_astats_0 @ 000002162b2c16c0] Zero crossings rate: 0.054250
[Parsed_astats_0 @ 000002162b2c16c0] Number of NaNs: 0
[Parsed_astats_0 @ 000002162b2c16c0] Number of Infs: 0
[Parsed_astats_0 @ 000002162b2c16c0] Number of denormals: 0
[Parsed_astats_0 @ 000002162b2c16c0] Overall
[Parsed_astats_0 @ 000002162b2c16c0] DC offset: 0.000021
[Parsed_astats_0 @ 000002162b2c16c0] Min level: -0.569639
[Parsed_astats_0 @ 000002162b2c16c0] Max level: 0.420479
[Parsed_astats_0 @ 000002162b2c16c0] Min difference: 0.000000
[Parsed_astats_0 @ 000002162b2c16c0] Max difference: 0.122515
[Parsed_astats_0 @ 000002162b2c16c0] Mean difference: 0.001998
[Parsed_astats_0 @ 000002162b2c16c0] RMS difference: 0.006574
[Parsed_astats_0 @ 000002162b2c16c0] Peak level dB: -4.887999
[Parsed_astats_0 @ 000002162b2c16c0] RMS level dB: -27.595393
[Parsed_astats_0 @ 000002162b2c16c0] RMS peak dB: -15.335801
[Parsed_astats_0 @ 000002162b2c16c0] RMS through dB: -65.233579
[Parsed_astats_0 @ 000002162b2c16c0] Flat factor: 0.000000
[Parsed_astats_0 @ 000002162b2c16c0] Peak count: 2.000000
[Parsed_astats_0 @ 000002162b2c16c0] Abs Peak count: 1.000000
[Parsed_astats_0 @ 000002162b2c16c0] Noise floor dB: -52.624795
[Parsed_astats_0 @ 000002162b2c16c0] Noise floor count: 157.500000
[Parsed_astats_0 @ 000002162b2c16c0] Entropy: 0.511565
[Parsed_astats_0 @ 000002162b2c16c0] Bit depth: 31/32/32/32
[Parsed_astats_0 @ 000002162b2c16c0] Number of samples: 256000
[Parsed_astats_0 @ 000002162b2c16c0] Number of NaNs: 0.000000
[Parsed_astats_0 @ 000002162b2c16c0] Number of Infs: 0.000000
[Parsed_astats_0 @ 000002162b2c16c0] Number of denormals: 0.000000
[out#0/null @ 000002162cc20f00] video:0KiB audio:1000KiB subtitle:0KiB other streams:0KiB global headers:0KiB muxing overhead: unknown
size=N/A time=00:00:08.00 bitrate=N/A speed= 720x elapsed=0:00:00.01    
