Input #0, mov,mp4,m4a,3gp,3g2,mj2, from 'C:\Users\jeffr\Documents\ComfyUI\vram-recipe-lab\outputs\h3_unconditioned_music_scene_seed42_f277_out_00001_.mp4':
  Metadata:
    major_brand     : isom
    minor_version   : 512
    compatible_brands: isomiso2avc1mp41
    encoder         : Lavf62.3.100
  Duration: 00:00:11.54, start: 0.000000, bitrate: 1656 kb/s
  Stream #0:0[0x1](und): Video: h264 (High) (avc1 / 0x31637661), yuv420p(progressive), 1344x768, 1520 kb/s, 24 fps, 24 tbr, 12288 tbn (default)
    Metadata:
      handler_name    : VideoHandler
      vendor_id       : [0][0][0][0]
  Stream #0:1[0x2](und): Audio: aac (LC) (mp4a / 0x6134706D), 32000 Hz, stereo, fltp, 128 kb/s (default)
    Metadata:
      handler_name    : SoundHandler
      vendor_id       : [0][0][0][0]
Stream mapping:
  Stream #0:1 -> #0:0 (aac (native) -> pcm_s16le (native))
Press [q] to stop, [?] for help
Output #0, null, to 'NUL':
  Metadata:
    major_brand     : isom
    minor_version   : 512
    compatible_brands: isomiso2avc1mp41
    encoder         : Lavf62.3.100
  Stream #0:0(und): Audio: pcm_s16le, 32000 Hz, stereo, s16, 1024 kb/s (default)
    Metadata:
      encoder         : Lavc62.11.100 pcm_s16le
      handler_name    : SoundHandler
      vendor_id       : [0][0][0][0]
[silencedetect @ 0000027256c2abc0] silence_start: 0
[silencedetect @ 0000027256c2abc0] silence_end: 1.063375 | silence_duration: 1.063375
[silencedetect @ 0000027256c2abc0] silence_start: 1.128844
[silencedetect @ 0000027256c2abc0] silence_end: 2.131531 | silence_duration: 1.002687
[silencedetect @ 0000027256c2abc0] silence_start: 2.206281
[silencedetect @ 0000027256c2abc0] silence_end: 4.328719 | silence_duration: 2.122438
[silencedetect @ 0000027256c2abc0] silence_start: 4.424437
[silencedetect @ 0000027256c2abc0] silence_end: 5.542813 | silence_duration: 1.118375
[silencedetect @ 0000027256c2abc0] silence_start: 5.678063
[silencedetect @ 0000027256c2abc0] silence_end: 6.597125 | silence_duration: 0.919063
[silencedetect @ 0000027256c2abc0] silence_start: 6.784906
[silencedetect @ 0000027256c2abc0] silence_end: 7.669688 | silence_duration: 0.884781
[silencedetect @ 0000027256c2abc0] silence_start: 7.765906
[silencedetect @ 0000027256c2abc0] silence_end: 8.594688 | silence_duration: 0.828781
[silencedetect @ 0000027256c2abc0] silence_start: 8.761938
[silencedetect @ 0000027256c2abc0] silence_end: 9.722094 | silence_duration: 0.960156
[silencedetect @ 0000027256c2abc0] silence_start: 9.747312
[silencedetect @ 0000027256c2abc0] silence_end: 9.990219 | silence_duration: 0.242906
[silencedetect @ 0000027256c2abc0] silence_start: 10.361031
[silencedetect @ 0000027256c2abc0] silence_end: 10.815031 | silence_duration: 0.454
[silencedetect @ 0000027256c2abc0] silence_start: 10.815062
[silencedetect @ 0000027256c2abc0] silence_end: 11.053469 | silence_duration: 0.238406
[out#0/null @ 000002725646c780] video:0KiB audio:1444KiB subtitle:0KiB other streams:0KiB global headers:0KiB muxing overhead: unknown
size=N/A time=00:00:11.55 bitrate=N/A speed=1.8e+03x elapsed=0:00:00.00    
