Input #0, mov,mp4,m4a,3gp,3g2,mj2, from 'C:\Users\jeffr\Documents\ComfyUI\vram-recipe-lab\outputs\h3_music_followup_mood_dim_ragtime_seed42_f124_out_00001_.mp4':
  Metadata:
    major_brand     : isom
    minor_version   : 512
    compatible_brands: isomiso2avc1mp41
    encoder         : Lavf62.3.100
  Duration: 00:00:05.17, start: 0.000000, bitrate: 1237 kb/s
  Stream #0:0[0x1](und): Video: h264 (High) (avc1 / 0x31637661), yuv420p(progressive), 1344x768, 1100 kb/s, 24 fps, 24 tbr, 12288 tbn (default)
    Metadata:
      handler_name    : VideoHandler
      vendor_id       : [0][0][0][0]
  Stream #0:1[0x2](und): Audio: aac (LC) (mp4a / 0x6134706D), 32000 Hz, stereo, fltp, 127 kb/s (default)
    Metadata:
      handler_name    : SoundHandler
      vendor_id       : [0][0][0][0]
Stream mapping:
  Stream #0:0 -> #0:0 (h264 (native) -> wrapped_avframe (native))
Press [q] to stop, [?] for help
[Parsed_metadata_1 @ 000001d19644f180] frame:0    pts:0       pts_time:0
[Parsed_metadata_1 @ 000001d19644f180] lavfi.scene_score=0.000000
Output #0, null, to 'NUL':
  Metadata:
    major_brand     : isom
    minor_version   : 512
    compatible_brands: isomiso2avc1mp41
    encoder         : Lavf62.3.100
  Stream #0:0(und): Video: wrapped_avframe, yuv420p(progressive), 1344x768, q=2-31, 200 kb/s, 24 fps, 24 tbn (default)
    Metadata:
      encoder         : Lavc62.11.100 wrapped_avframe
      handler_name    : VideoHandler
      vendor_id       : [0][0][0][0]
[Parsed_metadata_1 @ 000001d19644f180] frame:1    pts:512     pts_time:0.0416667
[Parsed_metadata_1 @ 000001d19644f180] lavfi.scene_score=0.011958
[Parsed_metadata_1 @ 000001d19644f180] frame:2    pts:1024    pts_time:0.0833333
[Parsed_metadata_1 @ 000001d19644f180] lavfi.scene_score=0.000703
[Parsed_metadata_1 @ 000001d19644f180] frame:3    pts:1536    pts_time:0.125
[Parsed_metadata_1 @ 000001d19644f180] lavfi.scene_score=0.000163
[Parsed_metadata_1 @ 000001d19644f180] frame:4    pts:2048    pts_time:0.166667
[Parsed_metadata_1 @ 000001d19644f180] lavfi.scene_score=0.000711
[Parsed_metadata_1 @ 000001d19644f180] frame:5    pts:2560    pts_time:0.208333
[Parsed_metadata_1 @ 000001d19644f180] lavfi.scene_score=0.003282
[Parsed_metadata_1 @ 000001d19644f180] frame:6    pts:3072    pts_time:0.25
[Parsed_metadata_1 @ 000001d19644f180] lavfi.scene_score=0.001426
[Parsed_metadata_1 @ 000001d19644f180] frame:7    pts:3584    pts_time:0.291667
[Parsed_metadata_1 @ 000001d19644f180] lavfi.scene_score=0.000997
[Parsed_metadata_1 @ 000001d19644f180] frame:8    pts:4096    pts_time:0.333333
[Parsed_metadata_1 @ 000001d19644f180] lavfi.scene_score=0.000323
[Parsed_metadata_1 @ 000001d19644f180] frame:9    pts:4608    pts_time:0.375
[Parsed_metadata_1 @ 000001d19644f180] lavfi.scene_score=0.002337
[Parsed_metadata_1 @ 000001d19644f180] frame:10   pts:5120    pts_time:0.416667
[Parsed_metadata_1 @ 000001d19644f180] lavfi.scene_score=0.001676
[Parsed_metadata_1 @ 000001d19644f180] frame:11   pts:5632    pts_time:0.458333
[Parsed_metadata_1 @ 000001d19644f180] lavfi.scene_score=0.000519
[Parsed_metadata_1 @ 000001d19644f180] frame:12   pts:6144    pts_time:0.5
[Parsed_metadata_1 @ 000001d19644f180] lavfi.scene_score=0.001578
[Parsed_metadata_1 @ 000001d19644f180] frame:13   pts:6656    pts_time:0.541667
[Parsed_metadata_1 @ 000001d19644f180] lavfi.scene_score=0.004522
[Parsed_metadata_1 @ 000001d19644f180] frame:14   pts:7168    pts_time:0.583333
[Parsed_metadata_1 @ 000001d19644f180] lavfi.scene_score=0.001320
[Parsed_metadata_1 @ 000001d19644f180] frame:15   pts:7680    pts_time:0.625
[Parsed_metadata_1 @ 000001d19644f180] lavfi.scene_score=0.000665
[Parsed_metadata_1 @ 000001d19644f180] frame:16   pts:8192    pts_time:0.666667
[Parsed_metadata_1 @ 000001d19644f180] lavfi.scene_score=0.000538
[Parsed_metadata_1 @ 000001d19644f180] frame:17   pts:8704    pts_time:0.708333
[Parsed_metadata_1 @ 000001d19644f180] lavfi.scene_score=0.002119
[Parsed_metadata_1 @ 000001d19644f180] frame:18   pts:9216    pts_time:0.75
[Parsed_metadata_1 @ 000001d19644f180] lavfi.scene_score=0.001785
[Parsed_metadata_1 @ 000001d19644f180] frame:19   pts:9728    pts_time:0.791667
[Parsed_metadata_1 @ 000001d19644f180] lavfi.scene_score=0.000996
[Parsed_metadata_1 @ 000001d19644f180] frame:20   pts:10240   pts_time:0.833333
[Parsed_metadata_1 @ 000001d19644f180] lavfi.scene_score=0.000916
[Parsed_metadata_1 @ 000001d19644f180] frame:21   pts:10752   pts_time:0.875
[Parsed_metadata_1 @ 000001d19644f180] lavfi.scene_score=0.000361
[Parsed_metadata_1 @ 000001d19644f180] frame:22   pts:11264   pts_time:0.916667
[Parsed_metadata_1 @ 000001d19644f180] lavfi.scene_score=0.000695
[Parsed_metadata_1 @ 000001d19644f180] frame:23   pts:11776   pts_time:0.958333
[Parsed_metadata_1 @ 000001d19644f180] lavfi.scene_score=0.002262
[Parsed_metadata_1 @ 000001d19644f180] frame:24   pts:12288   pts_time:1
[Parsed_metadata_1 @ 000001d19644f180] lavfi.scene_score=0.000814
[Parsed_metadata_1 @ 000001d19644f180] frame:25   pts:12800   pts_time:1.041667
[Parsed_metadata_1 @ 000001d19644f180] lavfi.scene_score=0.001242
[Parsed_metadata_1 @ 000001d19644f180] frame:26   pts:13312   pts_time:1.083333
[Parsed_metadata_1 @ 000001d19644f180] lavfi.scene_score=0.003694
[Parsed_metadata_1 @ 000001d19644f180] frame:27   pts:13824   pts_time:1.125
[Parsed_metadata_1 @ 000001d19644f180] lavfi.scene_score=0.000984
[Parsed_metadata_1 @ 000001d19644f180] frame:28   pts:14336   pts_time:1.166667
[Parsed_metadata_1 @ 000001d19644f180] lavfi.scene_score=0.001642
[Parsed_metadata_1 @ 000001d19644f180] frame:29   pts:14848   pts_time:1.208333
[Parsed_metadata_1 @ 000001d19644f180] lavfi.scene_score=0.002086
[Parsed_metadata_1 @ 000001d19644f180] frame:30   pts:15360   pts_time:1.25
[Parsed_metadata_1 @ 000001d19644f180] lavfi.scene_score=0.003397
[Parsed_metadata_1 @ 000001d19644f180] frame:31   pts:15872   pts_time:1.291667
[Parsed_metadata_1 @ 000001d19644f180] lavfi.scene_score=0.000482
[Parsed_metadata_1 @ 000001d19644f180] frame:32   pts:16384   pts_time:1.333333
[Parsed_metadata_1 @ 000001d19644f180] lavfi.scene_score=0.000104
[Parsed_metadata_1 @ 000001d19644f180] frame:33   pts:16896   pts_time:1.375
[Parsed_metadata_1 @ 000001d19644f180] lavfi.scene_score=0.000408
[Parsed_metadata_1 @ 000001d19644f180] frame:34   pts:17408   pts_time:1.416667
[Parsed_metadata_1 @ 000001d19644f180] lavfi.scene_score=0.000371
[Parsed_metadata_1 @ 000001d19644f180] frame:35   pts:17920   pts_time:1.458333
[Parsed_metadata_1 @ 000001d19644f180] lavfi.scene_score=0.000600
[Parsed_metadata_1 @ 000001d19644f180] frame:36   pts:18432   pts_time:1.5
[Parsed_metadata_1 @ 000001d19644f180] lavfi.scene_score=0.002079
[Parsed_metadata_1 @ 000001d19644f180] frame:37   pts:18944   pts_time:1.541667
[Parsed_metadata_1 @ 000001d19644f180] lavfi.scene_score=0.002755
[Parsed_metadata_1 @ 000001d19644f180] frame:38   pts:19456   pts_time:1.583333
[Parsed_metadata_1 @ 000001d19644f180] lavfi.scene_score=0.001374
[Parsed_metadata_1 @ 000001d19644f180] frame:39   pts:19968   pts_time:1.625
[Parsed_metadata_1 @ 000001d19644f180] lavfi.scene_score=0.001864
[Parsed_metadata_1 @ 000001d19644f180] frame:40   pts:20480   pts_time:1.666667
[Parsed_metadata_1 @ 000001d19644f180] lavfi.scene_score=0.000818
[Parsed_metadata_1 @ 000001d19644f180] frame:41   pts:20992   pts_time:1.708333
[Parsed_metadata_1 @ 000001d19644f180] lavfi.scene_score=0.000351
[Parsed_metadata_1 @ 000001d19644f180] frame:42   pts:21504   pts_time:1.75
[Parsed_metadata_1 @ 000001d19644f180] lavfi.scene_score=0.000895
[Parsed_metadata_1 @ 000001d19644f180] frame:43   pts:22016   pts_time:1.791667
[Parsed_metadata_1 @ 000001d19644f180] lavfi.scene_score=0.002700
[Parsed_metadata_1 @ 000001d19644f180] frame:44   pts:22528   pts_time:1.833333
[Parsed_metadata_1 @ 000001d19644f180] lavfi.scene_score=0.000254
[Parsed_metadata_1 @ 000001d19644f180] frame:45   pts:23040   pts_time:1.875
[Parsed_metadata_1 @ 000001d19644f180] lavfi.scene_score=0.001308
[Parsed_metadata_1 @ 000001d19644f180] frame:46   pts:23552   pts_time:1.916667
[Parsed_metadata_1 @ 000001d19644f180] lavfi.scene_score=0.000019
[Parsed_metadata_1 @ 000001d19644f180] frame:47   pts:24064   pts_time:1.958333
[Parsed_metadata_1 @ 000001d19644f180] lavfi.scene_score=0.001866
[Parsed_metadata_1 @ 000001d19644f180] frame:48   pts:24576   pts_time:2
[Parsed_metadata_1 @ 000001d19644f180] lavfi.scene_score=0.001336
[Parsed_metadata_1 @ 000001d19644f180] frame:49   pts:25088   pts_time:2.041667
[Parsed_metadata_1 @ 000001d19644f180] lavfi.scene_score=0.000236
[Parsed_metadata_1 @ 000001d19644f180] frame:50   pts:25600   pts_time:2.083333
[Parsed_metadata_1 @ 000001d19644f180] lavfi.scene_score=0.000983
[Parsed_metadata_1 @ 000001d19644f180] frame:51   pts:26112   pts_time:2.125
[Parsed_metadata_1 @ 000001d19644f180] lavfi.scene_score=0.002429
[Parsed_metadata_1 @ 000001d19644f180] frame:52   pts:26624   pts_time:2.166667
[Parsed_metadata_1 @ 000001d19644f180] lavfi.scene_score=0.000231
[Parsed_metadata_1 @ 000001d19644f180] frame:53   pts:27136   pts_time:2.208333
[Parsed_metadata_1 @ 000001d19644f180] lavfi.scene_score=0.001046
[Parsed_metadata_1 @ 000001d19644f180] frame:54   pts:27648   pts_time:2.25
[Parsed_metadata_1 @ 000001d19644f180] lavfi.scene_score=0.000963
[Parsed_metadata_1 @ 000001d19644f180] frame:55   pts:28160   pts_time:2.291667
[Parsed_metadata_1 @ 000001d19644f180] lavfi.scene_score=0.001651
[Parsed_metadata_1 @ 000001d19644f180] frame:56   pts:28672   pts_time:2.333333
[Parsed_metadata_1 @ 000001d19644f180] lavfi.scene_score=0.002308
[Parsed_metadata_1 @ 000001d19644f180] frame:57   pts:29184   pts_time:2.375
[Parsed_metadata_1 @ 000001d19644f180] lavfi.scene_score=0.000082
[Parsed_metadata_1 @ 000001d19644f180] frame:58   pts:29696   pts_time:2.416667
[Parsed_metadata_1 @ 000001d19644f180] lavfi.scene_score=0.001464
[Parsed_metadata_1 @ 000001d19644f180] frame:59   pts:30208   pts_time:2.458333
[Parsed_metadata_1 @ 000001d19644f180] lavfi.scene_score=0.003105
[Parsed_metadata_1 @ 000001d19644f180] frame:60   pts:30720   pts_time:2.5
[Parsed_metadata_1 @ 000001d19644f180] lavfi.scene_score=0.002615
[Parsed_metadata_1 @ 000001d19644f180] frame:61   pts:31232   pts_time:2.541667
[Parsed_metadata_1 @ 000001d19644f180] lavfi.scene_score=0.006132
[Parsed_metadata_1 @ 000001d19644f180] frame:62   pts:31744   pts_time:2.583333
[Parsed_metadata_1 @ 000001d19644f180] lavfi.scene_score=0.005502
[Parsed_metadata_1 @ 000001d19644f180] frame:63   pts:32256   pts_time:2.625
[Parsed_metadata_1 @ 000001d19644f180] lavfi.scene_score=0.000609
[Parsed_metadata_1 @ 000001d19644f180] frame:64   pts:32768   pts_time:2.666667
[Parsed_metadata_1 @ 000001d19644f180] lavfi.scene_score=0.002511
[Parsed_metadata_1 @ 000001d19644f180] frame:65   pts:33280   pts_time:2.708333
[Parsed_metadata_1 @ 000001d19644f180] lavfi.scene_score=0.000500
[Parsed_metadata_1 @ 000001d19644f180] frame:66   pts:33792   pts_time:2.75
[Parsed_metadata_1 @ 000001d19644f180] lavfi.scene_score=0.001314
[Parsed_metadata_1 @ 000001d19644f180] frame:67   pts:34304   pts_time:2.791667
[Parsed_metadata_1 @ 000001d19644f180] lavfi.scene_score=0.002203
[Parsed_metadata_1 @ 000001d19644f180] frame:68   pts:34816   pts_time:2.833333
[Parsed_metadata_1 @ 000001d19644f180] lavfi.scene_score=0.000476
[Parsed_metadata_1 @ 000001d19644f180] frame:69   pts:35328   pts_time:2.875
[Parsed_metadata_1 @ 000001d19644f180] lavfi.scene_score=0.007997
[Parsed_metadata_1 @ 000001d19644f180] frame:70   pts:35840   pts_time:2.916667
[Parsed_metadata_1 @ 000001d19644f180] lavfi.scene_score=0.006035
[Parsed_metadata_1 @ 000001d19644f180] frame:71   pts:36352   pts_time:2.958333
[Parsed_metadata_1 @ 000001d19644f180] lavfi.scene_score=0.004960
[Parsed_metadata_1 @ 000001d19644f180] frame:72   pts:36864   pts_time:3
[Parsed_metadata_1 @ 000001d19644f180] lavfi.scene_score=0.001848
[Parsed_metadata_1 @ 000001d19644f180] frame:73   pts:37376   pts_time:3.041667
[Parsed_metadata_1 @ 000001d19644f180] lavfi.scene_score=0.009441
[Parsed_metadata_1 @ 000001d19644f180] frame:74   pts:37888   pts_time:3.083333
[Parsed_metadata_1 @ 000001d19644f180] lavfi.scene_score=0.002266
[Parsed_metadata_1 @ 000001d19644f180] frame:75   pts:38400   pts_time:3.125
[Parsed_metadata_1 @ 000001d19644f180] lavfi.scene_score=0.000408
[Parsed_metadata_1 @ 000001d19644f180] frame:76   pts:38912   pts_time:3.166667
[Parsed_metadata_1 @ 000001d19644f180] lavfi.scene_score=0.004153
[Parsed_metadata_1 @ 000001d19644f180] frame:77   pts:39424   pts_time:3.208333
[Parsed_metadata_1 @ 000001d19644f180] lavfi.scene_score=0.001583
[Parsed_metadata_1 @ 000001d19644f180] frame:78   pts:39936   pts_time:3.25
[Parsed_metadata_1 @ 000001d19644f180] lavfi.scene_score=0.003410
[Parsed_metadata_1 @ 000001d19644f180] frame:79   pts:40448   pts_time:3.291667
[Parsed_metadata_1 @ 000001d19644f180] lavfi.scene_score=0.004521
[Parsed_metadata_1 @ 000001d19644f180] frame:80   pts:40960   pts_time:3.333333
[Parsed_metadata_1 @ 000001d19644f180] lavfi.scene_score=0.004829
[Parsed_metadata_1 @ 000001d19644f180] frame:81   pts:41472   pts_time:3.375
[Parsed_metadata_1 @ 000001d19644f180] lavfi.scene_score=0.003370
[Parsed_metadata_1 @ 000001d19644f180] frame:82   pts:41984   pts_time:3.416667
[Parsed_metadata_1 @ 000001d19644f180] lavfi.scene_score=0.001694
[Parsed_metadata_1 @ 000001d19644f180] frame:83   pts:42496   pts_time:3.458333
[Parsed_metadata_1 @ 000001d19644f180] lavfi.scene_score=0.000145
[Parsed_metadata_1 @ 000001d19644f180] frame:84   pts:43008   pts_time:3.5
[Parsed_metadata_1 @ 000001d19644f180] lavfi.scene_score=0.000584
[Parsed_metadata_1 @ 000001d19644f180] frame:85   pts:43520   pts_time:3.541667
[Parsed_metadata_1 @ 000001d19644f180] lavfi.scene_score=0.006445
[Parsed_metadata_1 @ 000001d19644f180] frame:86   pts:44032   pts_time:3.583333
[Parsed_metadata_1 @ 000001d19644f180] lavfi.scene_score=0.005682
[Parsed_metadata_1 @ 000001d19644f180] frame:87   pts:44544   pts_time:3.625
[Parsed_metadata_1 @ 000001d19644f180] lavfi.scene_score=0.001230
[Parsed_metadata_1 @ 000001d19644f180] frame:88   pts:45056   pts_time:3.666667
[Parsed_metadata_1 @ 000001d19644f180] lavfi.scene_score=0.003125
[Parsed_metadata_1 @ 000001d19644f180] frame:89   pts:45568   pts_time:3.708333
[Parsed_metadata_1 @ 000001d19644f180] lavfi.scene_score=0.006261
[Parsed_metadata_1 @ 000001d19644f180] frame:90   pts:46080   pts_time:3.75
[Parsed_metadata_1 @ 000001d19644f180] lavfi.scene_score=0.006744
[Parsed_metadata_1 @ 000001d19644f180] frame:91   pts:46592   pts_time:3.791667
[Parsed_metadata_1 @ 000001d19644f180] lavfi.scene_score=0.004402
[Parsed_metadata_1 @ 000001d19644f180] frame:92   pts:47104   pts_time:3.833333
[Parsed_metadata_1 @ 000001d19644f180] lavfi.scene_score=0.005645
[Parsed_metadata_1 @ 000001d19644f180] frame:93   pts:47616   pts_time:3.875
[Parsed_metadata_1 @ 000001d19644f180] lavfi.scene_score=0.002719
[Parsed_metadata_1 @ 000001d19644f180] frame:94   pts:48128   pts_time:3.916667
[Parsed_metadata_1 @ 000001d19644f180] lavfi.scene_score=0.002429
[Parsed_metadata_1 @ 000001d19644f180] frame:95   pts:48640   pts_time:3.958333
[Parsed_metadata_1 @ 000001d19644f180] lavfi.scene_score=0.003154
[Parsed_metadata_1 @ 000001d19644f180] frame:96   pts:49152   pts_time:4
[Parsed_metadata_1 @ 000001d19644f180] lavfi.scene_score=0.002009
[Parsed_metadata_1 @ 000001d19644f180] frame:97   pts:49664   pts_time:4.041667
[Parsed_metadata_1 @ 000001d19644f180] lavfi.scene_score=0.003494
[Parsed_metadata_1 @ 000001d19644f180] frame:98   pts:50176   pts_time:4.083333
[Parsed_metadata_1 @ 000001d19644f180] lavfi.scene_score=0.004934
[Parsed_metadata_1 @ 000001d19644f180] frame:99   pts:50688   pts_time:4.125
[Parsed_metadata_1 @ 000001d19644f180] lavfi.scene_score=0.001948
[Parsed_metadata_1 @ 000001d19644f180] frame:100  pts:51200   pts_time:4.166667
[Parsed_metadata_1 @ 000001d19644f180] lavfi.scene_score=0.000688
[Parsed_metadata_1 @ 000001d19644f180] frame:101  pts:51712   pts_time:4.208333
[Parsed_metadata_1 @ 000001d19644f180] lavfi.scene_score=0.001287
[Parsed_metadata_1 @ 000001d19644f180] frame:102  pts:52224   pts_time:4.25
[Parsed_metadata_1 @ 000001d19644f180] lavfi.scene_score=0.007485
[Parsed_metadata_1 @ 000001d19644f180] frame:103  pts:52736   pts_time:4.291667
[Parsed_metadata_1 @ 000001d19644f180] lavfi.scene_score=0.000669
[Parsed_metadata_1 @ 000001d19644f180] frame:104  pts:53248   pts_time:4.333333
[Parsed_metadata_1 @ 000001d19644f180] lavfi.scene_score=0.000507
[Parsed_metadata_1 @ 000001d19644f180] frame:105  pts:53760   pts_time:4.375
[Parsed_metadata_1 @ 000001d19644f180] lavfi.scene_score=0.000425
[Parsed_metadata_1 @ 000001d19644f180] frame:106  pts:54272   pts_time:4.416667
[Parsed_metadata_1 @ 000001d19644f180] lavfi.scene_score=0.005016
[Parsed_metadata_1 @ 000001d19644f180] frame:107  pts:54784   pts_time:4.458333
[Parsed_metadata_1 @ 000001d19644f180] lavfi.scene_score=0.001608
[Parsed_metadata_1 @ 000001d19644f180] frame:108  pts:55296   pts_time:4.5
[Parsed_metadata_1 @ 000001d19644f180] lavfi.scene_score=0.005087
[Parsed_metadata_1 @ 000001d19644f180] frame:109  pts:55808   pts_time:4.541667
[Parsed_metadata_1 @ 000001d19644f180] lavfi.scene_score=0.004074
[Parsed_metadata_1 @ 000001d19644f180] frame:110  pts:56320   pts_time:4.583333
[Parsed_metadata_1 @ 000001d19644f180] lavfi.scene_score=0.006612
[Parsed_metadata_1 @ 000001d19644f180] frame:111  pts:56832   pts_time:4.625
[Parsed_metadata_1 @ 000001d19644f180] lavfi.scene_score=0.003896
[Parsed_metadata_1 @ 000001d19644f180] frame:112  pts:57344   pts_time:4.666667
[Parsed_metadata_1 @ 000001d19644f180] lavfi.scene_score=0.006927
[Parsed_metadata_1 @ 000001d19644f180] frame:113  pts:57856   pts_time:4.708333
[Parsed_metadata_1 @ 000001d19644f180] lavfi.scene_score=0.006585
[Parsed_metadata_1 @ 000001d19644f180] frame:114  pts:58368   pts_time:4.75
[Parsed_metadata_1 @ 000001d19644f180] lavfi.scene_score=0.006026
[Parsed_metadata_1 @ 000001d19644f180] frame:115  pts:58880   pts_time:4.791667
[Parsed_metadata_1 @ 000001d19644f180] lavfi.scene_score=0.003593
[Parsed_metadata_1 @ 000001d19644f180] frame:116  pts:59392   pts_time:4.833333
[Parsed_metadata_1 @ 000001d19644f180] lavfi.scene_score=0.000522
[Parsed_metadata_1 @ 000001d19644f180] frame:117  pts:59904   pts_time:4.875
[Parsed_metadata_1 @ 000001d19644f180] lavfi.scene_score=0.000658
[Parsed_metadata_1 @ 000001d19644f180] frame:118  pts:60416   pts_time:4.916667
[Parsed_metadata_1 @ 000001d19644f180] lavfi.scene_score=0.000208
[Parsed_metadata_1 @ 000001d19644f180] frame:119  pts:60928   pts_time:4.958333
[Parsed_metadata_1 @ 000001d19644f180] lavfi.scene_score=0.003848
[Parsed_metadata_1 @ 000001d19644f180] frame:120  pts:61440   pts_time:5
[Parsed_metadata_1 @ 000001d19644f180] lavfi.scene_score=0.000590
[Parsed_metadata_1 @ 000001d19644f180] frame:121  pts:61952   pts_time:5.041667
[Parsed_metadata_1 @ 000001d19644f180] lavfi.scene_score=0.003877
[Parsed_metadata_1 @ 000001d19644f180] frame:122  pts:62464   pts_time:5.083333
[Parsed_metadata_1 @ 000001d19644f180] lavfi.scene_score=0.000036
[Parsed_metadata_1 @ 000001d19644f180] frame:123  pts:62976   pts_time:5.125
[Parsed_metadata_1 @ 000001d19644f180] lavfi.scene_score=0.001744
[out#0/null @ 000001d194bed9c0] video:50KiB audio:0KiB subtitle:0KiB other streams:0KiB global headers:0KiB muxing overhead: unknown
frame=  124 fps=0.0 q=-0.0 Lsize=N/A time=00:00:05.16 bitrate=N/A speed= 140x elapsed=0:00:00.03    
