[32m[INFO][0m setup plugin alembic.autogenerate.schemas
[32m[INFO][0m setup plugin alembic.autogenerate.tables
[32m[INFO][0m setup plugin alembic.autogenerate.types
[32m[INFO][0m setup plugin alembic.autogenerate.constraints
[32m[INFO][0m setup plugin alembic.autogenerate.defaults
[32m[INFO][0m setup plugin alembic.autogenerate.comments
[32m[INFO][0m Adding extra search path checkpoints C:\ComfyUI-Models\checkpoints
[32m[INFO][0m Adding extra search path clip C:\ComfyUI-Models\clip
[32m[INFO][0m Adding extra search path clip_vision C:\ComfyUI-Models\clip_vision
[32m[INFO][0m Adding extra search path configs C:\ComfyUI-Models\configs
[32m[INFO][0m Adding extra search path controlnet C:\ComfyUI-Models\controlnet
[32m[INFO][0m Adding extra search path diffusers C:\ComfyUI-Models\diffusers
[32m[INFO][0m Adding extra search path diffusion_models C:\ComfyUI-Models\diffusion_models
[32m[INFO][0m Adding extra search path embeddings C:\ComfyUI-Models\embeddings
[32m[INFO][0m Adding extra search path gligen C:\ComfyUI-Models\gligen
[32m[INFO][0m Adding extra search path hypernetworks C:\ComfyUI-Models\hypernetworks
[32m[INFO][0m Adding extra search path loras C:\ComfyUI-Models\loras
[32m[INFO][0m Adding extra search path photomaker C:\ComfyUI-Models\photomaker
[32m[INFO][0m Adding extra search path style_models C:\ComfyUI-Models\style_models
[32m[INFO][0m Adding extra search path text_encoders C:\ComfyUI-Models\text_encoders
[32m[INFO][0m Adding extra search path unet C:\ComfyUI-Models\unet
[32m[INFO][0m Adding extra search path upscale_models C:\ComfyUI-Models\upscale_models
[32m[INFO][0m Adding extra search path vae C:\ComfyUI-Models\vae
[32m[INFO][0m Adding extra search path vae_approx C:\ComfyUI-Models\vae_approx
[32m[INFO][0m Adding extra search path audio_encoders C:\ComfyUI-Models\audio_encoders
[32m[INFO][0m Adding extra search path model_patches C:\ComfyUI-Models\model_patches
[32m[INFO][0m Adding extra search path download_model_base C:\ComfyUI-Models
[32m[INFO][0m Adding extra search path custom_nodes C:\Users\jeffr\Documents\ComfyUI\custom_nodes
[32m[INFO][0m Adding extra search path checkpoints C:\ComfyUI-Models\checkpoints
[32m[INFO][0m Adding extra search path text_encoders C:\ComfyUI-Models\text_encoders
[32m[INFO][0m Adding extra search path text_encoders C:\ComfyUI-Models\clip
[32m[INFO][0m Adding extra search path clip_vision C:\ComfyUI-Models\clip_vision
[32m[INFO][0m Adding extra search path configs C:\ComfyUI-Models\configs
[32m[INFO][0m Adding extra search path controlnet C:\ComfyUI-Models\controlnet
[32m[INFO][0m Adding extra search path diffusion_models C:\ComfyUI-Models\diffusion_models
[32m[INFO][0m Adding extra search path diffusion_models C:\ComfyUI-Models\unet
[32m[INFO][0m Adding extra search path embeddings C:\ComfyUI-Models\embeddings
[32m[INFO][0m Adding extra search path loras C:\ComfyUI-Models\loras
[32m[INFO][0m Adding extra search path upscale_models C:\ComfyUI-Models\upscale_models
[32m[INFO][0m Adding extra search path latent_upscale_models C:\ComfyUI-Models\latent_upscale_models
[32m[INFO][0m Adding extra search path vae C:\ComfyUI-Models\vae
[32m[INFO][0m Adding extra search path audio_encoders C:\ComfyUI-Models\audio_encoders
[32m[INFO][0m Adding extra search path model_patches C:\ComfyUI-Models\model_patches
[32m[INFO][0m Setting output directory to: C:\Users\jeffr\Documents\ComfyUI\output
[32m[INFO][0m Setting user directory to: C:\Users\jeffr\Documents\ComfyUI
[START] Security scan
[DONE] Security scan
## ComfyUI-Manager: installing dependencies done.
** ComfyUI startup time: 2026-08-09 17:08:06.952
** Platform: Windows
** Python version: 3.12.11 (main, Aug 18 2025, 19:17:54) [MSC v.1944 64 bit (AMD64)]
** Python executable: C:\Users\jeffr\Documents\ComfyUI\.venv\Scripts\python.exe
** ComfyUI Path: C:\Users\jeffr\ComfyUI-Installs\ComfyUI\ComfyUI
** ComfyUI Base Folder Path: C:\Users\jeffr\ComfyUI-Installs\ComfyUI\ComfyUI
** User directory: C:\Users\jeffr\Documents\ComfyUI
** ComfyUI-Manager config path: C:\Users\jeffr\Documents\ComfyUI\__manager\config.ini
** Log path: C:\Users\jeffr\Documents\ComfyUI\comfyui.log
[32m[INFO][0m OldTimeRadio prestartup: HF_HOME=C:\ComfyUI-Models\huggingface | safetensors_conversion mocked EARLY
[OldTimeRadio] prestartup OK: safetensors_conversion mocked before any transformers import
[32m[INFO][0m OldTimeRadio prestartup: HF_HOME=C:\ComfyUI-Models\huggingface | safetensors_conversion mocked EARLY
[OldTimeRadio] prestartup OK: safetensors_conversion mocked before any transformers import
[32m[INFO][0m 
Prestartup times for custom nodes:
[32m[INFO][0m    0.0 seconds: C:\Users\jeffr\ComfyUI-Installs\ComfyUI\ComfyUI\custom_nodes\ComfyUI-OldTimeRadio
[32m[INFO][0m 
[32m[INFO][0m Found comfy_kitchen backend triton: {'available': True, 'disabled': True, 'unavailable_reason': None, 'capabilities': ['adaln', 'apply_rope', 'apply_rope1', 'apply_rope1_', 'apply_rope_', 'apply_rope_split_half', 'apply_rope_split_half1', 'apply_rope_split_half1_', 'apply_rope_split_half_', 'dequantize_nvfp4', 'dequantize_per_tensor_fp8', 'int8_linear', 'na3d', 'quantize_and_rotate_rowwise', 'quantize_int8_rowwise', 'quantize_mxfp8', 'quantize_nvfp4', 'quantize_per_tensor_fp8', 'rms_adaln', 'rms_rope', 'rms_rope1', 'rms_rope1_', 'rms_rope_', 'rms_rope_split_half', 'rms_rope_split_half1', 'rms_rope_split_half1_', 'rms_rope_split_half_', 'w4a8_int8_linear']}
[32m[INFO][0m Found comfy_kitchen backend cuda: {'available': True, 'disabled': False, 'unavailable_reason': None, 'capabilities': ['adaln', 'apply_rope', 'apply_rope1', 'apply_rope1_', 'apply_rope_', 'apply_rope_split_half', 'apply_rope_split_half1', 'apply_rope_split_half1_', 'apply_rope_split_half_', 'convrot_w4a4_linear', 'dequantize_convrot_w4a4_weight', 'dequantize_int8_convrot_weight', 'dequantize_int8_convrot_weight_dtype', 'dequantize_int8_simple', 'dequantize_int8_simple_dtype', 'dequantize_nvfp4', 'dequantize_per_tensor_fp8', 'dequantize_w4a8_int8_weight', 'gemv_awq_w4a16', 'int8_linear', 'na3d', 'prepare_int4_weight_for_int8_linear', 'quantize_and_rotate_rowwise', 'quantize_convrot_w4a4_weight', 'quantize_int8_convrot_weight', 'quantize_int8_rowwise', 'quantize_int8_tensorwise', 'quantize_mxfp8', 'quantize_nvfp4', 'quantize_per_tensor_fp8', 'quantize_svdquant_w4a4', 'quantize_w4a8_int8_weight', 'rms_adaln', 'rms_rope', 'rms_rope1', 'rms_rope1_', 'rms_rope_', 'rms_rope_split_half', 'rms_rope_split_half1', 'rms_rope_split_half1_', 'rms_rope_split_half_', 'rotate_int8_convrot_weight', 'scaled_mm_nvfp4', 'scaled_mm_svdquant_w4a4', 'stochastic_rounding_fp8', 'w4a8_int8_linear']}
[32m[INFO][0m Found comfy_kitchen backend eager: {'available': True, 'disabled': False, 'unavailable_reason': None, 'capabilities': ['adaln', 'apply_rope', 'apply_rope1', 'apply_rope1_', 'apply_rope_', 'apply_rope_split_half', 'apply_rope_split_half1', 'apply_rope_split_half1_', 'apply_rope_split_half_', 'convrot_w4a4_linear', 'dequantize_convrot_w4a4_weight', 'dequantize_int8_convrot_weight', 'dequantize_int8_convrot_weight_dtype', 'dequantize_int8_embedding', 'dequantize_int8_simple', 'dequantize_int8_simple_dtype', 'dequantize_mxfp8', 'dequantize_nvfp4', 'dequantize_per_tensor_fp8', 'dequantize_w4a8_int8_weight', 'gemv_awq_w4a16', 'int8_linear', 'na3d', 'prepare_int4_weight_for_int8_linear', 'quantize_and_rotate_rowwise', 'quantize_convrot_w4a4_weight', 'quantize_int8_convrot_weight', 'quantize_int8_rowwise', 'quantize_int8_tensorwise', 'quantize_mxfp8', 'quantize_nvfp4', 'quantize_per_tensor_fp8', 'quantize_svdquant_w4a4', 'quantize_w4a8_int8_weight', 'rms_adaln', 'rms_rope', 'rms_rope1', 'rms_rope1_', 'rms_rope_', 'rms_rope_split_half', 'rms_rope_split_half1', 'rms_rope_split_half1_', 'rms_rope_split_half_', 'rotate_int8_convrot_weight', 'scaled_mm_mxfp8', 'scaled_mm_nvfp4', 'scaled_mm_svdquant_w4a4', 'stochastic_rounding_fp8', 'w4a8_int8_linear']}
[32m[INFO][0m Found comfy_kitchen backend hip: {'available': False, 'disabled': False, 'unavailable_reason': 'PyTorch ROCm/HIP runtime not available', 'capabilities': []}
[32m[INFO][0m Checkpoint files will always be loaded safely.
[32m[INFO][0m Total VRAM 16303 MB, total RAM 64957 MB
[32m[INFO][0m pytorch version: 2.10.0+cu130
[32m[INFO][0m Set vram state to: NORMAL_VRAM
[32m[INFO][0m Device: cuda:0 NVIDIA GeForce RTX 5080 Laptop GPU : cudaMallocAsync
[32m[INFO][0m Using async weight offloading with 2 streams
[32m[INFO][0m Enabled pinned memory 25982.0
[32m[INFO][0m working around nvidia conv3d memory bug.
[32m[INFO][0m Using pytorch attention
[32m[INFO][0m aimdo: src-win/cuda-detour.c:38:INFO:aimdo_setup_hooks: installing 6 hooks
[32m[INFO][0m aimdo: src/control.c:262:INFO:comfy-aimdo NVML pressure enabled
[32m[INFO][0m aimdo: src-win/shmem-detect.c:80:INFO:comfy-aimdo WDDM adapter match: NVIDIA GeForce RTX 5080 Laptop GPU runtime_luid=00000000:00014cde dxgi_luid=00000000:00014cde
[32m[INFO][0m aimdo: src/control.c:277:INFO:comfy-aimdo inited for GPU: NVIDIA GeForce RTX 5080 Laptop GPU (VRAM: 16302 MB)
[32m[INFO][0m DynamicVRAM support detected and enabled
[32m[INFO][0m Python version: 3.12.11 (main, Aug 18 2025, 19:17:54) [MSC v.1944 64 bit (AMD64)]
[32m[INFO][0m ComfyUI version: 0.31.1
[32m[INFO][0m comfy-aimdo version: 0.4.13
[32m[INFO][0m comfy-kitchen version: 0.2.28
[32m[INFO][0m comfyui-frontend-package version: 1.48.7
[32m[INFO][0m comfyui-workflow-templates version: 0.11.37
[32m[INFO][0m comfyui-embedded-docs version: 0.5.9
[32m[INFO][0m comfy-kitchen version: 0.2.28
[32m[INFO][0m comfy-aimdo version: 0.4.13
[32m[INFO][0m [Prompt Server] web root: C:\Users\jeffr\Documents\ComfyUI\.venv\Lib\site-packages\comfyui_frontend_package\static
[32m[INFO][0m Asset seeder disabled
[32m[INFO][0m No OpenGL_accelerate module loaded: Acceleration disabled
W0809 17:08:18.729000 50384 Lib\site-packages\torch\distributed\elastic\multiprocessing\redirects.py:29] NOTE: Redirects are currently not supported in Windows or MacOs.
unknown args: ['--cuda-malloc', '--user-directory', 'C:\\Users\\jeffr\\Documents\\ComfyUI', '--output-directory', 'C:\\Users\\jeffr\\Documents\\ComfyUI\\output', '--extra-model-paths-config', 'C:\\Users\\jeffr\\Documents\\ComfyUI\\custom_nodes\\ComfyUI-OldTimeRadio\\scripts\\_otr_headless_model_paths.yaml', '--disable-metadata']
Found GPU NVIDIA GeForce RTX 5080 Laptop GPU
[ModelDownloader] Routes registered.
[DMM] Data Media Machine v3.7: loaded 31/31 nodes
[DMM] Graceful disconnect handler installed
[34m[ComfyUI-Easy-Use] server: [0mv1.3.6 [92mLoaded[0m
[34m[ComfyUI-Easy-Use] web root: [0mC:\Users\jeffr\Documents\ComfyUI\custom_nodes\comfyui-easy-use\web_version/v2 [92mLoaded[0m
[32m[INFO][0m ComfyUI-GGUF: Allowing full torch compile

======================================================================
 HunyuanWorld-Mirror ComfyUI Node Pack
 Version: 1.0.0
 Transform 2D images into 3D worlds
======================================================================
 Loaded 11 nodes:
   • Preprocess Images for HWM
   • Load HunyuanWorld-Mirror Model
   • HWM Inference
   • Visualize Depth
   • Visualize Normals
   • Save Point Cloud
   • Save 3D Gaussians
   • Save Depth Map
   • Save Camera Parameters
   • Save COLMAP Reconstruction
   • View 3D in Browser
======================================================================

✓ CUDA available: NVIDIA GeForce RTX 5080 Laptop GPU
  VRAM: 15.9GB

[32m[INFO][0m ### Loading: ComfyUI-Impact-Pack (V8.28.3)
[1m[33m[WARNING][0m 
----------------------------------------------------------------------------
[Impact Pack] The SAM2 functionality is unavailable because the `facebook/sam2` dependency is not installed.

Installation command:
C:\Users\jeffr\Documents\ComfyUI\.venv\Scripts\python.exe -m pip install git+https://github.com/facebookresearch/sam2
----------------------------------------------------------------------------

[1m[33m[WARNING][0m 
----------------------------------------------------------------------------
[Impact Pack] The SAM2 functionality is unavailable because the `facebook/sam2` dependency is not installed.

Installation command:
C:\Users\jeffr\Documents\ComfyUI\.venv\Scripts\python.exe -m pip install git+https://github.com/facebookresearch/sam2
----------------------------------------------------------------------------

[32m[INFO][0m [Impact Pack] Wildcard total size (0.00 MB) is within cache limit (50.00 MB). Using full cache mode.
[32m[INFO][0m [Impact Pack] Wildcards loading done.
[32m[INFO][0m [LoRA-Manager] Found LoRA roots:
 - C:/ComfyUI-Models/loras
 - C:/Users/jeffr/ComfyUI-Installs/ComfyUI/ComfyUI/models/loras
[32m[INFO][0m [LoRA-Manager] Found checkpoint roots:
 - C:/ComfyUI-Models/checkpoints
 - C:/ComfyUI-Models/diffusion_models
 - C:/ComfyUI-Models/unet
 - C:/Users/jeffr/ComfyUI-Installs/ComfyUI/ComfyUI/models/checkpoints
 - C:/Users/jeffr/ComfyUI-Installs/ComfyUI/ComfyUI/models/diffusion_models
 - C:/Users/jeffr/ComfyUI-Installs/ComfyUI/ComfyUI/models/unet
[32m[INFO][0m [LoRA-Manager] Found embedding roots:
 - C:/ComfyUI-Models/embeddings
 - C:/Users/jeffr/ComfyUI-Installs/ComfyUI/ComfyUI/models/embeddings
[32m[INFO][0m [LoRA-Manager] Symlink cache loaded with 0 mappings
[32m[INFO][0m [LoRA-Manager] Symlink mappings restored from cache in 2.02 ms
[32m[INFO][0m [LoRA-Manager] Updated 'comfyui' library with current folder paths
[32m[INFO][0m [LoRA-Manager] Detected async ComfyUI execution, installing async metadata hooks
[32m[INFO][0m [LoRA-Manager] Metadata collection hooks installed for runtime values
[32m[INFO][0m [LoRA-Manager] ComfyUI Metadata Collector initialized
[32m[INFO][0m [LoRA-Manager] Example images path: 
[32m[INFO][0m [LoRA-Manager] Added static route for locales: /locales -> C:\Users\jeffr\Documents\ComfyUI\custom_nodes\comfyui-lora-manager\locales
[32m[INFO][0m ### Loading: ComfyUI-Manager (V3.40)
[32m[INFO][0m [ComfyUI-Manager] network_mode: public
[32m[INFO][0m [ComfyUI-Manager] ComfyUI per-queue preview override detected (PR #11261). Manager's preview method feature is disabled. Use ComfyUI's --preview-method CLI option or 'Settings > Execution > Live preview method'.
[32m[INFO][0m ### ComfyUI Revision: 5727 [fe4195f7] *DETACHED | Released on '2026-08-08'
[32m[INFO][0m [hf_token] HF_TOKEN resolved from os.environ (len=37)
[OldTimeRadio] OK - All 34 nodes loaded successfully
[OldTimeRadio] HTTP route registered: GET /otr/latest_ledger (with CORS)
[OldTimeRadio] HTTP routes registered: POST /otr/video_render_single, POST /otr/video_render_soak
[32m[INFO][0m [ComfyUI-Manager] default cache updated: https://raw.githubusercontent.com/ltdrdata/ComfyUI-Manager/main/github-stats.json
[32m[INFO][0m [ComfyUI-Manager] default cache updated: https://raw.githubusercontent.com/ltdrdata/ComfyUI-Manager/main/custom-node-list.json
[32m[INFO][0m [ComfyUI-Manager] default cache updated: https://raw.githubusercontent.com/ltdrdata/ComfyUI-Manager/main/extension-node-map.json
[32m[INFO][0m [OTR.janitor] swept stale tmp entry: C:\Users\jeffr\Documents\ComfyUI\output\otr\episodes\_shared\tmp\otr_beat_b001_4wizst86.mp4
[32m[INFO][0m [OTR.janitor] swept stale tmp entry: C:\Users\jeffr\Documents\ComfyUI\output\otr\episodes\_shared\tmp\otr_beat_b001_5eagb7oy.mp4
[32m[INFO][0m [OTR.janitor] swept stale tmp entry: C:\Users\jeffr\Documents\ComfyUI\output\otr\episodes\_shared\tmp\otr_beat_b001_5kmv0l5l.mp4
[32m[INFO][0m [OTR.janitor] swept stale tmp entry: C:\Users\jeffr\Documents\ComfyUI\output\otr\episodes\_shared\tmp\otr_beat_b001_7bf19e3b.mp4
[32m[INFO][0m [OTR.janitor] swept stale tmp entry: C:\Users\jeffr\Documents\ComfyUI\output\otr\episodes\_shared\tmp\otr_beat_b001_91o62mhs.mp4
[32m[INFO][0m [OTR.janitor] swept stale tmp entry: C:\Users\jeffr\Documents\ComfyUI\output\otr\episodes\_shared\tmp\otr_beat_b001_ao7d4qda.mp4
[32m[INFO][0m [OTR.janitor] swept stale tmp entry: C:\Users\jeffr\Documents\ComfyUI\output\otr\episodes\_shared\tmp\otr_beat_b001_bugqda75.mp4
[32m[INFO][0m [OTR.janitor] swept stale tmp entry: C:\Users\jeffr\Documents\ComfyUI\output\otr\episodes\_shared\tmp\otr_beat_b001_cl_tgbv_.mp4
[32m[INFO][0m [OTR.janitor] swept stale tmp entry: C:\Users\jeffr\Documents\ComfyUI\output\otr\episodes\_shared\tmp\otr_beat_b001_fshrfx77.mp4
[32m[INFO][0m [OTR.janitor] swept stale tmp entry: C:\Users\jeffr\Documents\ComfyUI\output\otr\episodes\_shared\tmp\otr_beat_b001_fx4mwkly.mp4
[32m[INFO][0m [OTR.janitor] swept stale tmp entry: C:\Users\jeffr\Documents\ComfyUI\output\otr\episodes\_shared\tmp\otr_beat_b001_gq7qhugu.mp4
[32m[INFO][0m [OTR.janitor] swept stale tmp entry: C:\Users\jeffr\Documents\ComfyUI\output\otr\episodes\_shared\tmp\otr_beat_b001_icffwh2a.mp4
[32m[INFO][0m [OTR.janitor] swept stale tmp entry: C:\Users\jeffr\Documents\ComfyUI\output\otr\episodes\_shared\tmp\otr_beat_b001_m3y74qyt.mp4
[32m[INFO][0m [OTR.janitor] swept stale tmp entry: C:\Users\jeffr\Documents\ComfyUI\output\otr\episodes\_shared\tmp\otr_beat_b001_mlf0l3fy.mp4
[32m[INFO][0m [OTR.janitor] swept stale tmp entry: C:\Users\jeffr\Documents\ComfyUI\output\otr\episodes\_shared\tmp\otr_beat_b001_nalsb1u6.mp4
[32m[INFO][0m [OTR.janitor] swept stale tmp entry: C:\Users\jeffr\Documents\ComfyUI\output\otr\episodes\_shared\tmp\otr_beat_b001_o60extt9.mp4
[32m[INFO][0m [OTR.janitor] swept stale tmp entry: C:\Users\jeffr\Documents\ComfyUI\output\otr\episodes\_shared\tmp\otr_beat_b001_p0mg35_i.mp4
[32m[INFO][0m [OTR.janitor] swept stale tmp entry: C:\Users\jeffr\Documents\ComfyUI\output\otr\episodes\_shared\tmp\otr_beat_b001_p0ou3qd7.mp4
[32m[INFO][0m [OTR.janitor] swept stale tmp entry: C:\Users\jeffr\Documents\ComfyUI\output\otr\episodes\_shared\tmp\otr_beat_b001_qbri_dhj.mp4
[32m[INFO][0m [OTR.janitor] swept stale tmp entry: C:\Users\jeffr\Documents\ComfyUI\output\otr\episodes\_shared\tmp\otr_beat_b001_tvkvozpp.mp4
[32m[INFO][0m [OTR.janitor] swept stale tmp entry: C:\Users\jeffr\Documents\ComfyUI\output\otr\episodes\_shared\tmp\otr_beat_b001_uujfdhtv.mp4
[32m[INFO][0m [OTR.janitor] swept stale tmp entry: C:\Users\jeffr\Documents\ComfyUI\output\otr\episodes\_shared\tmp\otr_fearcape_b001_seg02_290e21p5.png
[32m[INFO][0m [OTR.janitor] swept stale tmp entry: C:\Users\jeffr\Documents\ComfyUI\output\otr\episodes\_shared\tmp\otr_fearcape_b001_seg02_ng13471c.png
[32m[INFO][0m [OTR.janitor] swept stale tmp entry: C:\Users\jeffr\Documents\ComfyUI\output\otr\episodes\_shared\tmp\otr_terminal_b001_seg00_1hl0t96y.png
[32m[INFO][0m [OTR.janitor] swept stale tmp entry: C:\Users\jeffr\Documents\ComfyUI\output\otr\episodes\_shared\tmp\otr_terminal_b001_seg00_99n84ob2.png
[32m[INFO][0m [OTR.janitor] swept stale tmp entry: C:\Users\jeffr\Documents\ComfyUI\output\otr\episodes\_shared\tmp\otr_terminal_b001_seg00_gknlddbx.png
[32m[INFO][0m [OTR.janitor] swept stale tmp entry: C:\Users\jeffr\Documents\ComfyUI\output\otr\episodes\_shared\tmp\otr_terminal_b001_seg00_kby2iley.png
[32m[INFO][0m [OTR.janitor] swept stale tmp entry: C:\Users\jeffr\Documents\ComfyUI\output\otr\episodes\_shared\tmp\otr_terminal_b001_seg00_lrwb1v8w.png
[32m[INFO][0m [OTR.janitor] swept stale tmp entry: C:\Users\jeffr\Documents\ComfyUI\output\otr\episodes\_shared\tmp\otr_terminal_b001_seg00_mypzi00_.png
[32m[INFO][0m [OTR.janitor] swept stale tmp entry: C:\Users\jeffr\Documents\ComfyUI\output\otr\episodes\_shared\tmp\otr_terminal_b001_seg00_rowwyswt.png
[32m[INFO][0m [OTR.janitor] swept stale tmp entry: C:\Users\jeffr\Documents\ComfyUI\output\otr\episodes\_shared\tmp\otr_terminal_b001_seg00_ssk8rma8.png
[32m[INFO][0m [OTR.janitor] swept stale tmp entry: C:\Users\jeffr\Documents\ComfyUI\output\otr\episodes\_shared\tmp\otr_terminal_b001_seg00_tjlhnh3a.png
[32m[INFO][0m [OTR.janitor] swept stale tmp entry: C:\Users\jeffr\Documents\ComfyUI\output\otr\episodes\_shared\tmp\otr_terminal_b001_seg00_tx_tbd7i.png
[32m[INFO][0m [OTR.janitor] swept stale tmp entry: C:\Users\jeffr\Documents\ComfyUI\output\otr\episodes\_shared\tmp\otr_terminal_b001_seg00_x18xcwk7.png
[32m[INFO][0m [OTR.janitor] swept stale tmp entry: C:\Users\jeffr\Documents\ComfyUI\output\otr\episodes\_shared\tmp\otr_terminal_b001_seg01_244gev8p.png
[32m[INFO][0m [OTR.janitor] swept stale tmp entry: C:\Users\jeffr\Documents\ComfyUI\output\otr\episodes\_shared\tmp\otr_terminal_b001_seg01_40q56u88.png
[32m[INFO][0m [OTR.janitor] swept stale tmp entry: C:\Users\jeffr\Documents\ComfyUI\output\otr\episodes\_shared\tmp\otr_terminal_b001_seg01_e2l_p7oh.png
[32m[INFO][0m [OTR.janitor] swept stale tmp entry: C:\Users\jeffr\Documents\ComfyUI\output\otr\episodes\_shared\tmp\otr_terminal_b001_seg01_gn1otpnk.png
[32m[INFO][0m [OTR.janitor] swept stale tmp entry: C:\Users\jeffr\Documents\ComfyUI\output\otr\episodes\_shared\tmp\otr_terminal_b001_seg01_h_pbmhwn.png
[32m[INFO][0m [OTR.janitor] swept stale tmp entry: C:\Users\jeffr\Documents\ComfyUI\output\otr\episodes\_shared\tmp\otr_terminal_b001_seg01_mzpiu3xu.png
[32m[INFO][0m [OTR.janitor] swept stale tmp entry: C:\Users\jeffr\Documents\ComfyUI\output\otr\episodes\_shared\tmp\otr_terminal_b001_seg01_tpcg2kx1.png
[32m[INFO][0m [OTR.janitor] swept stale tmp entry: C:\Users\jeffr\Documents\ComfyUI\output\otr\episodes\_shared\tmp\otr_terminal_b001_seg01_wemx4g4g.png
[32m[INFO][0m [OTR.janitor] swept stale tmp entry: C:\Users\jeffr\Documents\ComfyUI\output\otr\episodes\_shared\tmp\otr_terminal_b001_seg01_z25mniez.png
[32m[INFO][0m [OTR.janitor] swept stale tmp entry: C:\Users\jeffr\Documents\ComfyUI\output\otr\episodes\_shared\tmp\otr_terminal_b001_seg02_i0q_2qv6.png
[32m[INFO][0m [OTR.janitor] swept stale tmp entry: C:\Users\jeffr\Documents\ComfyUI\output\otr\episodes\_shared\tmp\otr_terminal_b001_seg02_ol4j636j.png
[32m[INFO][0m [OTR.janitor] swept stale tmp entry: C:\Users\jeffr\Documents\ComfyUI\output\otr\episodes\_shared\tmp\otr_terminal_b001_seg02_tm4djond.png
[32m[INFO][0m [OTR.janitor] swept stale tmp entry: C:\Users\jeffr\Documents\ComfyUI\output\otr\episodes\_shared\tmp\otr_viz_camera_1rndti84.mp4
[32m[INFO][0m [OTR.janitor] swept stale tmp entry: C:\Users\jeffr\Documents\ComfyUI\output\otr\episodes\_shared\tmp\otr_viz_camera_bz1y54if.mp4
[32m[INFO][0m [OTR.janitor] swept stale tmp entry: C:\Users\jeffr\Documents\ComfyUI\output\otr\episodes\_shared\tmp\otr_viz_camera_nk2hvk09.mp4
[32m[INFO][0m [OTR.janitor] swept stale tmp entry: C:\Users\jeffr\Documents\ComfyUI\output\otr\episodes\_shared\tmp\otr_viz_green_e_4_9cw0.mp4
[32m[INFO][0m [OTR.janitor] swept stale tmp entry: C:\Users\jeffr\Documents\ComfyUI\output\otr\episodes\_shared\tmp\otr_viz_green_grqu9fro.mp4
[32m[INFO][0m [OTR.janitor] swept stale tmp entry: C:\Users\jeffr\Documents\ComfyUI\output\otr\episodes\_shared\tmp\otr_viz_green_vjwog4b8.mp4
[32m[INFO][0m [OTR.janitor] swept stale tmp entry: C:\Users\jeffr\Documents\ComfyUI\output\otr\episodes\_shared\tmp\otr_viz_green_zq9x0ir4.mp4
[32m[INFO][0m [OTR.janitor] swept stale tmp entry: C:\Users\jeffr\Documents\ComfyUI\output\otr\episodes\_shared\tmp\otr_viz_mandala_0x6gpttu.mp4
[32m[INFO][0m [OTR.janitor] swept stale tmp entry: C:\Users\jeffr\Documents\ComfyUI\output\otr\episodes\_shared\tmp\otr_viz_mandala_78guvh7q.mp4
[32m[INFO][0m [OTR.janitor] swept stale tmp entry: C:\Users\jeffr\Documents\ComfyUI\output\otr\episodes\_shared\tmp\otr_viz_mandala_b_8qk15r.mp4
[32m[INFO][0m [OTR.janitor] swept stale tmp entry: C:\Users\jeffr\Documents\ComfyUI\output\otr\episodes\_shared\tmp\otr_viz_mandala_mon_dq45.mp4
[32m[INFO][0m [OTR.janitor] swept stale tmp entry: C:\Users\jeffr\Documents\ComfyUI\output\otr\episodes\_shared\tmp\otr_viz_mandala_ojq4di9m.mp4
[32m[INFO][0m [OTR.janitor] swept stale tmp entry: C:\Users\jeffr\Documents\ComfyUI\output\otr\episodes\_shared\tmp\otr_viz_mxc_1tifd6mv.mp4
[32m[INFO][0m [OTR.janitor] swept stale tmp entry: C:\Users\jeffr\Documents\ComfyUI\output\otr\episodes\_shared\tmp\otr_viz_mxc_an7ll3lb.mp4
[32m[INFO][0m [OTR.janitor] swept stale tmp entry: C:\Users\jeffr\Documents\ComfyUI\output\otr\episodes\_shared\tmp\otr_viz_mxc_xfhb9mr2.mp4
[1m[33m[WARNING][0m [OTR.janitor] boot sweep: 1174 scanned, 61 deleted, 0 locked-skip, 1113 young-skip, 0 errors
⚡ SeedVR2 optimizations check: SageAttention ✅ | Flash Attention ❌ | Triton ✅
💡 Optional: pip install flash-attn
🔧 Conv3d workaround active: PyTorch 2.10.0, cuDNN 91200 (fixing VAE 3x memory bug)
📊 Initial CUDA memory: 14.60GB free / 15.92GB total
C:\Users\jeffr\Documents\ComfyUI\.venv\Lib\site-packages\rotary_embedding_torch\rotary_embedding_torch.py:35: FutureWarning: `torch.cuda.amp.autocast(args...)` is deprecated. Please use `torch.amp.autocast('cuda', args...)` instead.
  @autocast(enabled = False)
C:\Users\jeffr\Documents\ComfyUI\.venv\Lib\site-packages\rotary_embedding_torch\rotary_embedding_torch.py:268: FutureWarning: `torch.cuda.amp.autocast(args...)` is deprecated. Please use `torch.amp.autocast('cuda', args...)` instead.
  @autocast(enabled = False)
Workspace manager - Openning file hash dict
### Loading: Workspace Manager (V1.0.0)
[1m[33m[WARNING][0m Traceback (most recent call last):
  File "C:\Users\jeffr\ComfyUI-Installs\ComfyUI\ComfyUI\nodes.py", line 2256, in load_custom_node
    module_spec.loader.exec_module(module)
  File "<frozen importlib._bootstrap_external>", line 995, in exec_module
  File "<frozen importlib._bootstrap_external>", line 1132, in get_code
  File "<frozen importlib._bootstrap_external>", line 1190, in get_data
FileNotFoundError: [Errno 2] No such file or directory: 'C:\\Users\\jeffr\\Documents\\ComfyUI\\custom_nodes\\models\\__init__.py'

[1m[33m[WARNING][0m Cannot import C:\Users\jeffr\Documents\ComfyUI\custom_nodes\models module for custom nodes: [Errno 2] No such file or directory: 'C:\\Users\\jeffr\\Documents\\ComfyUI\\custom_nodes\\models\\__init__.py'
[1m[33m[WARNING][0m Traceback (most recent call last):
  File "C:\Users\jeffr\ComfyUI-Installs\ComfyUI\ComfyUI\nodes.py", line 2256, in load_custom_node
    module_spec.loader.exec_module(module)
  File "<frozen importlib._bootstrap_external>", line 995, in exec_module
  File "<frozen importlib._bootstrap_external>", line 1132, in get_code
  File "<frozen importlib._bootstrap_external>", line 1190, in get_data
FileNotFoundError: [Errno 2] No such file or directory: 'C:\\Users\\jeffr\\Documents\\ComfyUI\\custom_nodes\\otr-model-smoker\\__init__.py'

[1m[33m[WARNING][0m Cannot import C:\Users\jeffr\Documents\ComfyUI\custom_nodes\otr-model-smoker module for custom nodes: [Errno 2] No such file or directory: 'C:\\Users\\jeffr\\Documents\\ComfyUI\\custom_nodes\\otr-model-smoker\\__init__.py'
[32m[INFO][0m Using pytorch attention
(RES4LYF) Init
(RES4LYF) Importing beta samplers.
(RES4LYF) Importing legacy samplers.

[92m[rgthree-comfy] Loaded 48 magnificent nodes. 🎉[0m

[33m[rgthree-comfy] ComfyUI's new Node 2.0 rendering may be incompatible with some rgthree-comfy nodes and features, breaking some rendering as well as losing the ability to access a node's properties (a vital part of many nodes). It also appears to run MUCH more slowly spiking CPU usage and causing jankiness and unresponsiveness, especially with large workflows. Personally I am not planning to use the new Nodes 2.0 and, unfortunately, am not able to invest the time to investigate and overhaul rgthree-comfy where needed. If you have issues when Nodes 2.0 is enabled, I'd urge you to switch it off as well and join me in hoping ComfyUI is not planning to deprecate the existing, stable canvas rendering all together.
[0m
[1m[33m[WARNING][0m Traceback (most recent call last):
  File "C:\Users\jeffr\ComfyUI-Installs\ComfyUI\ComfyUI\nodes.py", line 2256, in load_custom_node
    module_spec.loader.exec_module(module)
  File "<frozen importlib._bootstrap_external>", line 995, in exec_module
  File "<frozen importlib._bootstrap_external>", line 1132, in get_code
  File "<frozen importlib._bootstrap_external>", line 1190, in get_data
FileNotFoundError: [Errno 2] No such file or directory: 'C:\\Users\\jeffr\\Documents\\ComfyUI\\custom_nodes\\story-project\\__init__.py'

[1m[33m[WARNING][0m Cannot import C:\Users\jeffr\Documents\ComfyUI\custom_nodes\story-project module for custom nodes: [Errno 2] No such file or directory: 'C:\\Users\\jeffr\\Documents\\ComfyUI\\custom_nodes\\story-project\\__init__.py'
[32m[INFO][0m [hf_token] HF_TOKEN resolved from os.environ (len=37)
[OldTimeRadio] OK - All 34 nodes loaded successfully
[OldTimeRadio] HTTP route registered: GET /otr/latest_ledger (with CORS)
[OldTimeRadio] HTTP routes registered: POST /otr/video_render_single, POST /otr/video_render_soak
[32m[INFO][0m 
Import times for custom nodes:
[32m[INFO][0m    0.0 seconds: C:\Users\jeffr\Documents\ComfyUI\custom_nodes\dmm_ascii_art.py
[32m[INFO][0m    0.0 seconds (IMPORT FAILED): C:\Users\jeffr\Documents\ComfyUI\custom_nodes\otr-model-smoker
[32m[INFO][0m    0.0 seconds (IMPORT FAILED): C:\Users\jeffr\Documents\ComfyUI\custom_nodes\story-project
[32m[INFO][0m    0.0 seconds (IMPORT FAILED): C:\Users\jeffr\Documents\ComfyUI\custom_nodes\models
[32m[INFO][0m    0.0 seconds: C:\Users\jeffr\Documents\ComfyUI\custom_nodes\otr_bakeoff_helper
[32m[INFO][0m    0.0 seconds: C:\Users\jeffr\Documents\ComfyUI\custom_nodes\golden-flicker
[32m[INFO][0m    0.0 seconds: C:\Users\jeffr\ComfyUI-Installs\ComfyUI\ComfyUI\custom_nodes\golden-flicker
[32m[INFO][0m    0.0 seconds: C:\Users\jeffr\ComfyUI-Installs\ComfyUI\ComfyUI\custom_nodes\websocket_image_save.py
[32m[INFO][0m    0.0 seconds: C:\Users\jeffr\Documents\ComfyUI\custom_nodes\DMM_MusicEnhancer
[32m[INFO][0m    0.0 seconds: C:\Users\jeffr\Documents\ComfyUI\custom_nodes\radio_drama
[32m[INFO][0m    0.0 seconds: C:\Users\jeffr\Documents\ComfyUI\custom_nodes\voice-ref
[32m[INFO][0m    0.0 seconds: C:\Users\jeffr\Documents\ComfyUI\custom_nodes\ComfyUI-GGUF
[32m[INFO][0m    0.0 seconds: C:\Users\jeffr\Documents\ComfyUI\custom_nodes\comfyui-advanced-model-manager
[32m[INFO][0m    0.0 seconds: C:\Users\jeffr\Documents\ComfyUI\custom_nodes\comfyui_essentials
[32m[INFO][0m    0.0 seconds: C:\Users\jeffr\Documents\ComfyUI\custom_nodes\ComfyUI-Goofer
[32m[INFO][0m    0.0 seconds: C:\Users\jeffr\Documents\ComfyUI\custom_nodes\comfyui-custom-scripts
[32m[INFO][0m    0.0 seconds: C:\Users\jeffr\Documents\ComfyUI\custom_nodes\ComfyMath
[32m[INFO][0m    0.0 seconds: C:\Users\jeffr\Documents\ComfyUI\custom_nodes\vnccs
[32m[INFO][0m    0.0 seconds: C:\Users\jeffr\Documents\ComfyUI\custom_nodes\comfyui-workspace-manager
[32m[INFO][0m    0.0 seconds: C:\Users\jeffr\Documents\ComfyUI\custom_nodes\comfyui-data-media-machine
[32m[INFO][0m    0.0 seconds: C:\Users\jeffr\Documents\ComfyUI\custom_nodes\ComfyUI-KJNodes
[32m[INFO][0m    0.0 seconds: C:\Users\jeffr\Documents\ComfyUI\custom_nodes\rgthree-comfy
[32m[INFO][0m    0.1 seconds: C:\Users\jeffr\Documents\ComfyUI\custom_nodes\ComfyUI-LTXVideo
[32m[INFO][0m    0.1 seconds: C:\Users\jeffr\Documents\ComfyUI\custom_nodes\comfyui-impact-pack
[32m[INFO][0m    0.1 seconds: C:\Users\jeffr\Documents\ComfyUI\custom_nodes\Nvidia_RTX_Nodes_ComfyUI
[32m[INFO][0m    0.1 seconds: C:\Users\jeffr\Documents\ComfyUI\custom_nodes\comfyui-videohelpersuite
[32m[INFO][0m    0.2 seconds: C:\Users\jeffr\Documents\ComfyUI\custom_nodes\comfyui-lora-manager
[32m[INFO][0m    0.3 seconds: C:\Users\jeffr\Documents\ComfyUI\custom_nodes\ComfyUI-HunyuanWorld-Mirror
[32m[INFO][0m    0.3 seconds: C:\Users\jeffr\Documents\ComfyUI\custom_nodes\RES4LYF
[32m[INFO][0m    0.3 seconds: C:\Users\jeffr\Documents\ComfyUI\custom_nodes\ComfyUI-SeedVR2_VideoUpscaler
[32m[INFO][0m    0.6 seconds: C:\Users\jeffr\Documents\ComfyUI\custom_nodes\comfyui-kokorotts
[32m[INFO][0m    0.8 seconds: C:\Users\jeffr\Documents\ComfyUI\custom_nodes\ComfyUI-Manager
[32m[INFO][0m    0.9 seconds: C:\Users\jeffr\ComfyUI-Installs\ComfyUI\ComfyUI\custom_nodes\ComfyUI-OldTimeRadio
[32m[INFO][0m    1.1 seconds: C:\Users\jeffr\Documents\ComfyUI\custom_nodes\ComfyUI-OldTimeRadio
[32m[INFO][0m    3.1 seconds: C:\Users\jeffr\Documents\ComfyUI\custom_nodes\comfyui-easy-use
[32m[INFO][0m    4.0 seconds: C:\Users\jeffr\Documents\ComfyUI\custom_nodes\comfy-rvc
[32m[INFO][0m 
[32m[INFO][0m Context impl SQLiteImpl.
[32m[INFO][0m Will assume non-transactional DDL.
[32m[INFO][0m Using RAM pressure cache.
[32m[INFO][0m [LoRA-Manager] Deduplicate: removed 0 history rows, 0 queue rows, 0 orphaned queue rows
[32m[INFO][0m Starting server

[32m[INFO][0m [LoRA-Manager] Lora cache hydrated from persisted snapshot with 4 models
[32m[INFO][0m To see the GUI go to: http://127.0.0.1:8000
[32m[INFO][0m [LoRA-Manager] Checkpoint cache hydrated from persisted snapshot with 27 models
[32m[INFO][0m [LoRA-Manager] Recipe cache miss: performing full directory scan
[32m[INFO][0m [LoRA-Manager] Embedding cache initialized in 0.00 seconds. Found 0 models
[32m[INFO][0m [LoRA-Manager] Recipe cache initialized in 0.01 seconds. Found 0 recipes
[32m[INFO][0m [LoRA-Manager] FTS index validated, reusing existing index with 0 recipes
[32m[INFO][0m [ComfyUI-Manager] default cache updated: https://raw.githubusercontent.com/ltdrdata/ComfyUI-Manager/main/model-list.json
[32m[INFO][0m [ComfyUI-Manager] default cache updated: https://raw.githubusercontent.com/ltdrdata/ComfyUI-Manager/main/alter-list.json
FETCH ComfyRegistry Data: 5/170
FETCH ComfyRegistry Data: 10/170
FETCH ComfyRegistry Data: 15/170
FETCH ComfyRegistry Data: 20/170
FETCH ComfyRegistry Data: 25/170
FETCH ComfyRegistry Data: 30/170
FETCH ComfyRegistry Data: 35/170
FETCH ComfyRegistry Data: 40/170
FETCH ComfyRegistry Data: 45/170
FETCH ComfyRegistry Data: 50/170
FETCH ComfyRegistry Data: 55/170
FETCH ComfyRegistry Data: 60/170
FETCH ComfyRegistry Data: 65/170
FETCH ComfyRegistry Data: 70/170
FETCH ComfyRegistry Data: 75/170
FETCH ComfyRegistry Data: 80/170
FETCH ComfyRegistry Data: 85/170
FETCH ComfyRegistry Data: 90/170
FETCH ComfyRegistry Data: 95/170
FETCH ComfyRegistry Data: 100/170
FETCH ComfyRegistry Data: 105/170
FETCH ComfyRegistry Data: 110/170
FETCH ComfyRegistry Data: 115/170
FETCH ComfyRegistry Data: 120/170
FETCH ComfyRegistry Data: 125/170
FETCH ComfyRegistry Data: 130/170
FETCH ComfyRegistry Data: 135/170
FETCH ComfyRegistry Data: 140/170
FETCH ComfyRegistry Data: 145/170
FETCH ComfyRegistry Data: 150/170
