Input #0, mov,mp4,m4a,3gp,3g2,mj2, from 'C:\Users\jeffr\Documents\ComfyUI\vram-recipe-lab\outputs\h3_music_followup_score_seed42_f192_out_00001_.mp4':
  Metadata:
    major_brand     : isom
    minor_version   : 512
    compatible_brands: isomiso2avc1mp41
    encoder         : Lavf62.3.100
  Duration: 00:00:08.00, start: 0.000000, bitrate: 1556 kb/s
  Stream #0:0[0x1](und): Video: h264 (High) (avc1 / 0x31637661), yuv420p(progressive), 1344x768, 1420 kb/s, 24 fps, 24 tbr, 12288 tbn (default)
    Metadata:
      handler_name    : VideoHandler
      vendor_id       : [0][0][0][0]
  Stream #0:1[0x2](und): Audio: aac (LC) (mp4a / 0x6134706D), 32000 Hz, stereo, fltp, 127 kb/s (default)
    Metadata:
      handler_name    : SoundHandler
      vendor_id       : [0][0][0][0]
Stream mapping:
  Stream #0:1 -> #0:0 (aac (native) -> pcm_s16le (native))
Press [q] to stop, [?] for help
Output #0, null, to 'NUL':
  Metadata:
    major_brand     : isom
    minor_version   : 512
    compatible_brands: isomiso2avc1mp41
    encoder         : Lavf62.3.100
  Stream #0:0(und): Audio: pcm_s16le, 32000 Hz, stereo, s16, 1024 kb/s (default)
    Metadata:
      encoder         : Lavc62.11.100 pcm_s16le
      handler_name    : SoundHandler
      vendor_id       : [0][0][0][0]
[Parsed_astats_0 @ 0000020001cd1900] Channel: 1
[Parsed_astats_0 @ 0000020001cd1900] DC offset: 0.000026
[Parsed_astats_0 @ 0000020001cd1900] Min level: -0.224198
[Parsed_astats_0 @ 0000020001cd1900] Max level: 0.225077
[Parsed_astats_0 @ 0000020001cd1900] Min difference: 0.000000
[Parsed_astats_0 @ 0000020001cd1900] Max difference: 0.023944
[Parsed_astats_0 @ 0000020001cd1900] Mean difference: 0.004013
[Parsed_astats_0 @ 0000020001cd1900] RMS difference: 0.005169
[Parsed_astats_0 @ 0000020001cd1900] Peak level dB: -12.953359
[Parsed_astats_0 @ 0000020001cd1900] RMS level dB: -24.339488
[Parsed_astats_0 @ 0000020001cd1900] RMS peak dB: -20.950812
[Parsed_astats_0 @ 0000020001cd1900] RMS through dB: -37.651147
[Parsed_astats_0 @ 0000020001cd1900] Crest factor: 3.709424
[Parsed_astats_0 @ 0000020001cd1900] Flat factor: 0.000000
[Parsed_astats_0 @ 0000020001cd1900] Peak count: 2
[Parsed_astats_0 @ 0000020001cd1900] Abs Peak count: 1
[Parsed_astats_0 @ 0000020001cd1900] Noise floor dB: -26.005202
[Parsed_astats_0 @ 0000020001cd1900] Noise floor count: 289
[Parsed_astats_0 @ 0000020001cd1900] Entropy: 0.768976
[Parsed_astats_0 @ 0000020001cd1900] Bit depth: 29/32/32/32
[Parsed_astats_0 @ 0000020001cd1900] Dynamic range: 145.436815
[Parsed_astats_0 @ 0000020001cd1900] Zero crossings: 6668
[Parsed_astats_0 @ 0000020001cd1900] Zero crossings rate: 0.026047
[Parsed_astats_0 @ 0000020001cd1900] Number of NaNs: 0
[Parsed_astats_0 @ 0000020001cd1900] Number of Infs: 0
[Parsed_astats_0 @ 0000020001cd1900] Number of denormals: 0
[Parsed_astats_0 @ 0000020001cd1900] Channel: 2
[Parsed_astats_0 @ 0000020001cd1900] DC offset: 0.000028
[Parsed_astats_0 @ 0000020001cd1900] Min level: -0.185052
[Parsed_astats_0 @ 0000020001cd1900] Max level: 0.210317
[Parsed_astats_0 @ 0000020001cd1900] Min difference: 0.000000
[Parsed_astats_0 @ 0000020001cd1900] Max difference: 0.021600
[Parsed_astats_0 @ 0000020001cd1900] Mean difference: 0.003707
[Parsed_astats_0 @ 0000020001cd1900] RMS difference: 0.004734
[Parsed_astats_0 @ 0000020001cd1900] Peak level dB: -13.542530
[Parsed_astats_0 @ 0000020001cd1900] RMS level dB: -24.927812
[Parsed_astats_0 @ 0000020001cd1900] RMS peak dB: -21.465399
[Parsed_astats_0 @ 0000020001cd1900] RMS through dB: -36.689915
[Parsed_astats_0 @ 0000020001cd1900] Crest factor: 3.709062
[Parsed_astats_0 @ 0000020001cd1900] Flat factor: 0.000000
[Parsed_astats_0 @ 0000020001cd1900] Peak count: 2
[Parsed_astats_0 @ 0000020001cd1900] Abs Peak count: 1
[Parsed_astats_0 @ 0000020001cd1900] Noise floor dB: -24.902769
[Parsed_astats_0 @ 0000020001cd1900] Noise floor count: 1505
[Parsed_astats_0 @ 0000020001cd1900] Entropy: 0.761427
[Parsed_astats_0 @ 0000020001cd1900] Bit depth: 29/32/32/32
[Parsed_astats_0 @ 0000020001cd1900] Dynamic range: 130.817200
[Parsed_astats_0 @ 0000020001cd1900] Zero crossings: 6468
[Parsed_astats_0 @ 0000020001cd1900] Zero crossings rate: 0.025266
[Parsed_astats_0 @ 0000020001cd1900] Number of NaNs: 0
[Parsed_astats_0 @ 0000020001cd1900] Number of Infs: 0
[Parsed_astats_0 @ 0000020001cd1900] Number of denormals: 0
[Parsed_astats_0 @ 0000020001cd1900] Overall
[Parsed_astats_0 @ 0000020001cd1900] DC offset: 0.000028
[Parsed_astats_0 @ 0000020001cd1900] Min level: -0.224198
[Parsed_astats_0 @ 0000020001cd1900] Max level: 0.225077
[Parsed_astats_0 @ 0000020001cd1900] Min difference: 0.000000
[Parsed_astats_0 @ 0000020001cd1900] Max difference: 0.023944
[Parsed_astats_0 @ 0000020001cd1900] Mean difference: 0.003860
[Parsed_astats_0 @ 0000020001cd1900] RMS difference: 0.004956
[Parsed_astats_0 @ 0000020001cd1900] Peak level dB: -12.953359
[Parsed_astats_0 @ 0000020001cd1900] RMS level dB: -24.623695
[Parsed_astats_0 @ 0000020001cd1900] RMS peak dB: -20.950812
[Parsed_astats_0 @ 0000020001cd1900] RMS through dB: -37.651147
[Parsed_astats_0 @ 0000020001cd1900] Flat factor: 0.000000
[Parsed_astats_0 @ 0000020001cd1900] Peak count: 2.000000
[Parsed_astats_0 @ 0000020001cd1900] Abs Peak count: 1.000000
[Parsed_astats_0 @ 0000020001cd1900] Noise floor dB: -24.902769
[Parsed_astats_0 @ 0000020001cd1900] Noise floor count: 897.000000
[Parsed_astats_0 @ 0000020001cd1900] Entropy: 0.765201
[Parsed_astats_0 @ 0000020001cd1900] Bit depth: 29/32/32/32
[Parsed_astats_0 @ 0000020001cd1900] Number of samples: 256000
[Parsed_astats_0 @ 0000020001cd1900] Number of NaNs: 0.000000
[Parsed_astats_0 @ 0000020001cd1900] Number of Infs: 0.000000
[Parsed_astats_0 @ 0000020001cd1900] Number of denormals: 0.000000
[out#0/null @ 0000020003db0200] video:0KiB audio:1000KiB subtitle:0KiB other streams:0KiB global headers:0KiB muxing overhead: unknown
size=N/A time=00:00:08.00 bitrate=N/A speed= 832x elapsed=0:00:00.00    
