Input #0, mov,mp4,m4a,3gp,3g2,mj2, from 'C:\Users\jeffr\Documents\ComfyUI\vram-recipe-lab\outputs\h3_music_followup_score_seed42_f192_out_00001_.mp4':
  Metadata:
    major_brand     : isom
    minor_version   : 512
    compatible_brands: isomiso2avc1mp41
    encoder         : Lavf62.3.100
  Duration: 00:00:08.00, start: 0.000000, bitrate: 1556 kb/s
  Stream #0:0[0x1](und): Video: h264 (High) (avc1 / 0x31637661), yuv420p(progressive), 1344x768, 1420 kb/s, 24 fps, 24 tbr, 12288 tbn (default)
    Metadata:
      handler_name    : VideoHandler
      vendor_id       : [0][0][0][0]
  Stream #0:1[0x2](und): Audio: aac (LC) (mp4a / 0x6134706D), 32000 Hz, stereo, fltp, 127 kb/s (default)
    Metadata:
      handler_name    : SoundHandler
      vendor_id       : [0][0][0][0]
Stream mapping:
  Stream #0:1 -> #0:0 (aac (native) -> pcm_s16le (native))
Press [q] to stop, [?] for help
[Parsed_ebur128_0 @ 0000024dbfa31900] t: 0.0999688  TARGET:-23 LUFS    M:-120.7 S:-120.7     I: -70.0 LUFS       LRA:   0.0 LU  FTPK: -25.0 -24.6 dBFS  TPK: -25.0 -24.6 dBFS
Output #0, null, to 'NUL':
  Metadata:
    major_brand     : isom
    minor_version   : 512
    compatible_brands: isomiso2avc1mp41
    encoder         : Lavf62.3.100
  Stream #0:0(und): Audio: pcm_s16le, 32000 Hz, stereo, s16, 1024 kb/s (default)
    Metadata:
      encoder         : Lavc62.11.100 pcm_s16le
      handler_name    : SoundHandler
      vendor_id       : [0][0][0][0]
[Parsed_ebur128_0 @ 0000024dbfa31900] t: 0.199969   TARGET:-23 LUFS    M:-120.7 S:-120.7     I: -70.0 LUFS       LRA:   0.0 LU  FTPK: -22.4 -21.5 dBFS  TPK: -22.4 -21.5 dBFS
[Parsed_ebur128_0 @ 0000024dbfa31900] t: 0.299969   TARGET:-23 LUFS    M:-120.7 S:-120.7     I: -70.0 LUFS       LRA:   0.0 LU  FTPK: -20.4 -20.2 dBFS  TPK: -20.4 -20.2 dBFS
[Parsed_ebur128_0 @ 0000024dbfa31900] t: 0.399969   TARGET:-23 LUFS    M: -27.8 S:-120.7     I: -27.8 LUFS       LRA:   0.0 LU  FTPK: -20.5 -20.1 dBFS  TPK: -20.4 -20.1 dBFS
[Parsed_ebur128_0 @ 0000024dbfa31900] t: 0.499969   TARGET:-23 LUFS    M: -27.5 S:-120.7     I: -27.7 LUFS       LRA:   0.0 LU  FTPK: -24.1 -24.0 dBFS  TPK: -20.4 -20.1 dBFS
[Parsed_ebur128_0 @ 0000024dbfa31900] t: 0.599969   TARGET:-23 LUFS    M: -27.2 S:-120.7     I: -27.5 LUFS       LRA:   0.0 LU  FTPK: -22.5 -22.1 dBFS  TPK: -20.4 -20.1 dBFS
[Parsed_ebur128_0 @ 0000024dbfa31900] t: 0.699969   TARGET:-23 LUFS    M: -27.5 S:-120.7     I: -27.5 LUFS       LRA:   0.0 LU  FTPK: -22.1 -21.7 dBFS  TPK: -20.4 -20.1 dBFS
[Parsed_ebur128_0 @ 0000024dbfa31900] t: 0.799969   TARGET:-23 LUFS    M: -27.4 S:-120.7     I: -27.5 LUFS       LRA:   0.0 LU  FTPK: -22.7 -22.4 dBFS  TPK: -20.4 -20.1 dBFS
[Parsed_ebur128_0 @ 0000024dbfa31900] t: 0.899969   TARGET:-23 LUFS    M: -26.3 S:-120.7     I: -27.3 LUFS       LRA:   0.0 LU  FTPK: -18.7 -18.7 dBFS  TPK: -18.7 -18.7 dBFS
[Parsed_ebur128_0 @ 0000024dbfa31900] t: 0.999969   TARGET:-23 LUFS    M: -25.5 S:-120.7     I: -27.0 LUFS       LRA:   0.0 LU  FTPK: -18.7 -18.8 dBFS  TPK: -18.7 -18.7 dBFS
[Parsed_ebur128_0 @ 0000024dbfa31900] t: 1.099969   TARGET:-23 LUFS    M: -24.9 S:-120.7     I: -26.6 LUFS       LRA:   0.0 LU  FTPK: -19.7 -19.7 dBFS  TPK: -18.7 -18.7 dBFS
[Parsed_ebur128_0 @ 0000024dbfa31900] t: 1.199969   TARGET:-23 LUFS    M: -24.2 S:-120.7     I: -26.3 LUFS       LRA:   0.0 LU  FTPK: -18.6 -18.6 dBFS  TPK: -18.6 -18.6 dBFS
[Parsed_ebur128_0 @ 0000024dbfa31900] t: 1.299969   TARGET:-23 LUFS    M: -23.9 S:-120.7     I: -26.0 LUFS       LRA:   0.0 LU  FTPK: -18.4 -18.5 dBFS  TPK: -18.4 -18.5 dBFS
[Parsed_ebur128_0 @ 0000024dbfa31900] t: 1.399969   TARGET:-23 LUFS    M: -24.0 S:-120.7     I: -25.8 LUFS       LRA:   0.0 LU  FTPK: -18.3 -19.0 dBFS  TPK: -18.3 -18.5 dBFS
[Parsed_ebur128_0 @ 0000024dbfa31900] t: 1.499969   TARGET:-23 LUFS    M: -24.0 S:-120.7     I: -25.6 LUFS       LRA:   0.0 LU  FTPK: -18.8 -19.0 dBFS  TPK: -18.3 -18.5 dBFS
[Parsed_ebur128_0 @ 0000024dbfa31900] t: 1.599969   TARGET:-23 LUFS    M: -23.4 S:-120.7     I: -25.4 LUFS       LRA:   0.0 LU  FTPK: -15.7 -15.8 dBFS  TPK: -15.7 -15.8 dBFS
[Parsed_ebur128_0 @ 0000024dbfa31900] t: 1.699969   TARGET:-23 LUFS    M: -23.1 S:-120.7     I: -25.2 LUFS       LRA:   0.0 LU  FTPK: -16.6 -16.9 dBFS  TPK: -15.7 -15.8 dBFS
[Parsed_ebur128_0 @ 0000024dbfa31900] t: 1.799969   TARGET:-23 LUFS    M: -22.9 S:-120.7     I: -25.0 LUFS       LRA:   0.0 LU  FTPK: -16.2 -16.7 dBFS  TPK: -15.7 -15.8 dBFS
[Parsed_ebur128_0 @ 0000024dbfa31900] t: 1.899969   TARGET:-23 LUFS    M: -22.5 S:-120.7     I: -24.8 LUFS       LRA:   0.0 LU  FTPK: -16.9 -17.3 dBFS  TPK: -15.7 -15.8 dBFS
[Parsed_ebur128_0 @ 0000024dbfa31900] t: 1.999969   TARGET:-23 LUFS    M: -22.3 S:-120.7     I: -24.6 LUFS       LRA:   0.0 LU  FTPK: -15.9 -16.3 dBFS  TPK: -15.7 -15.8 dBFS
[Parsed_ebur128_0 @ 0000024dbfa31900] t: 2.099969   TARGET:-23 LUFS    M: -21.5 S:-120.7     I: -24.3 LUFS       LRA:   0.0 LU  FTPK: -14.7 -14.7 dBFS  TPK: -14.7 -14.7 dBFS
[Parsed_ebur128_0 @ 0000024dbfa31900] t: 2.199969   TARGET:-23 LUFS    M: -20.4 S:-120.7     I: -24.0 LUFS       LRA:   0.0 LU  FTPK: -14.8 -15.0 dBFS  TPK: -14.7 -14.7 dBFS
[Parsed_ebur128_0 @ 0000024dbfa31900] t: 2.299969   TARGET:-23 LUFS    M: -20.3 S:-120.7     I: -23.7 LUFS       LRA:   0.0 LU  FTPK: -17.0 -18.0 dBFS  TPK: -14.7 -14.7 dBFS
[Parsed_ebur128_0 @ 0000024dbfa31900] t: 2.399969   TARGET:-23 LUFS    M: -20.7 S:-120.7     I: -23.5 LUFS       LRA:   0.0 LU  FTPK: -15.8 -16.6 dBFS  TPK: -14.7 -14.7 dBFS
[Parsed_ebur128_0 @ 0000024dbfa31900] t: 2.499969   TARGET:-23 LUFS    M: -21.4 S:-120.7     I: -23.4 LUFS       LRA:   0.0 LU  FTPK: -15.4 -16.3 dBFS  TPK: -14.7 -14.7 dBFS
[Parsed_ebur128_0 @ 0000024dbfa31900] t: 2.599969   TARGET:-23 LUFS    M: -22.3 S:-120.7     I: -23.4 LUFS       LRA:   0.0 LU  FTPK: -16.1 -16.7 dBFS  TPK: -14.7 -14.7 dBFS
[Parsed_ebur128_0 @ 0000024dbfa31900] t: 2.699969   TARGET:-23 LUFS    M: -22.2 S:-120.7     I: -23.3 LUFS       LRA:   0.0 LU  FTPK: -14.1 -14.8 dBFS  TPK: -14.1 -14.7 dBFS
[Parsed_ebur128_0 @ 0000024dbfa31900] t: 2.799969   TARGET:-23 LUFS    M: -22.2 S:-120.7     I: -23.3 LUFS       LRA:   0.0 LU  FTPK: -16.1 -17.0 dBFS  TPK: -14.1 -14.7 dBFS
[Parsed_ebur128_0 @ 0000024dbfa31900] t: 2.899969   TARGET:-23 LUFS    M: -21.8 S:-120.7     I: -23.2 LUFS       LRA:   0.0 LU  FTPK: -14.3 -15.1 dBFS  TPK: -14.1 -14.7 dBFS
[Parsed_ebur128_0 @ 0000024dbfa31900] t: 2.999969   TARGET:-23 LUFS    M: -22.0 S: -23.2     I: -23.1 LUFS       LRA:  20.0 LU  FTPK: -15.6 -16.4 dBFS  TPK: -14.1 -14.7 dBFS
[Parsed_ebur128_0 @ 0000024dbfa31900] t: 3.099969   TARGET:-23 LUFS    M: -22.5 S: -23.1     I: -23.1 LUFS       LRA:  20.0 LU  FTPK: -15.3 -16.7 dBFS  TPK: -14.1 -14.7 dBFS
[Parsed_ebur128_0 @ 0000024dbfa31900] t: 3.199969   TARGET:-23 LUFS    M: -22.0 S: -22.9     I: -23.1 LUFS       LRA:  20.2 LU  FTPK: -13.0 -15.7 dBFS  TPK: -13.0 -14.7 dBFS
[Parsed_ebur128_0 @ 0000024dbfa31900] t: 3.299969   TARGET:-23 LUFS    M: -22.5 S: -22.9     I: -23.0 LUFS       LRA:  20.2 LU  FTPK: -16.4 -18.1 dBFS  TPK: -13.0 -14.7 dBFS
[Parsed_ebur128_0 @ 0000024dbfa31900] t: 3.399969   TARGET:-23 LUFS    M: -22.6 S: -22.8     I: -23.0 LUFS       LRA:   0.5 LU  FTPK: -15.0 -16.1 dBFS  TPK: -13.0 -14.7 dBFS
[Parsed_ebur128_0 @ 0000024dbfa31900] t: 3.499969   TARGET:-23 LUFS    M: -22.4 S: -22.7     I: -23.0 LUFS       LRA:   0.6 LU  FTPK: -14.3 -16.1 dBFS  TPK: -13.0 -14.7 dBFS
[Parsed_ebur128_0 @ 0000024dbfa31900] t: 3.599969   TARGET:-23 LUFS    M: -22.8 S: -22.6     I: -23.0 LUFS       LRA:   0.7 LU  FTPK: -14.8 -16.2 dBFS  TPK: -13.0 -14.7 dBFS
[Parsed_ebur128_0 @ 0000024dbfa31900] t: 3.699969   TARGET:-23 LUFS    M: -22.8 S: -22.5     I: -23.0 LUFS       LRA:   0.8 LU  FTPK: -17.1 -18.0 dBFS  TPK: -13.0 -14.7 dBFS
[Parsed_ebur128_0 @ 0000024dbfa31900] t: 3.799969   TARGET:-23 LUFS    M: -22.5 S: -22.4     I: -23.0 LUFS       LRA:   0.9 LU  FTPK: -14.5 -16.3 dBFS  TPK: -13.0 -14.7 dBFS
[Parsed_ebur128_0 @ 0000024dbfa31900] t: 3.899969   TARGET:-23 LUFS    M: -22.1 S: -22.3     I: -23.0 LUFS       LRA:   1.0 LU  FTPK: -14.1 -15.8 dBFS  TPK: -13.0 -14.7 dBFS
[Parsed_ebur128_0 @ 0000024dbfa31900] t: 3.999969   TARGET:-23 LUFS    M: -22.2 S: -22.2     I: -22.9 LUFS       LRA:   1.0 LU  FTPK: -15.8 -17.3 dBFS  TPK: -13.0 -14.7 dBFS
[Parsed_ebur128_0 @ 0000024dbfa31900] t: 4.099969   TARGET:-23 LUFS    M: -22.0 S: -22.2     I: -22.9 LUFS       LRA:   1.0 LU  FTPK: -16.0 -16.3 dBFS  TPK: -13.0 -14.7 dBFS
[Parsed_ebur128_0 @ 0000024dbfa31900] t: 4.199969   TARGET:-23 LUFS    M: -21.7 S: -22.1     I: -22.9 LUFS       LRA:   1.1 LU  FTPK: -16.1 -17.0 dBFS  TPK: -13.0 -14.7 dBFS
[Parsed_ebur128_0 @ 0000024dbfa31900] t: 4.299969   TARGET:-23 LUFS    M: -21.7 S: -22.0     I: -22.8 LUFS       LRA:   1.1 LU  FTPK: -15.0 -15.9 dBFS  TPK: -13.0 -14.7 dBFS
[Parsed_ebur128_0 @ 0000024dbfa31900] t: 4.399969   TARGET:-23 LUFS    M: -21.6 S: -22.0     I: -22.8 LUFS       LRA:   1.1 LU  FTPK: -15.3 -16.9 dBFS  TPK: -13.0 -14.7 dBFS
[Parsed_ebur128_0 @ 0000024dbfa31900] t: 4.499969   TARGET:-23 LUFS    M: -22.0 S: -22.0     I: -22.8 LUFS       LRA:   1.2 LU  FTPK: -17.7 -18.9 dBFS  TPK: -13.0 -14.7 dBFS
[Parsed_ebur128_0 @ 0000024dbfa31900] t: 4.599969   TARGET:-23 LUFS    M: -22.8 S: -22.0     I: -22.8 LUFS       LRA:   1.2 LU  FTPK: -17.3 -18.8 dBFS  TPK: -13.0 -14.7 dBFS
[Parsed_ebur128_0 @ 0000024dbfa31900] t: 4.699969   TARGET:-23 LUFS    M: -23.0 S: -22.0     I: -22.8 LUFS       LRA:   1.2 LU  FTPK: -15.9 -17.1 dBFS  TPK: -13.0 -14.7 dBFS
[Parsed_ebur128_0 @ 0000024dbfa31900] t: 4.799969   TARGET:-23 LUFS    M: -22.2 S: -21.9     I: -22.8 LUFS       LRA:   1.2 LU  FTPK: -13.9 -15.2 dBFS  TPK: -13.0 -14.7 dBFS
[Parsed_ebur128_0 @ 0000024dbfa31900] t: 4.899969   TARGET:-23 LUFS    M: -21.8 S: -21.9     I: -22.8 LUFS       LRA:   1.2 LU  FTPK: -16.3 -17.9 dBFS  TPK: -13.0 -14.7 dBFS
[Parsed_ebur128_0 @ 0000024dbfa31900] t: 4.999969   TARGET:-23 LUFS    M: -21.5 S: -21.9     I: -22.7 LUFS       LRA:   1.2 LU  FTPK: -16.6 -17.7 dBFS  TPK: -13.0 -14.7 dBFS
[Parsed_ebur128_0 @ 0000024dbfa31900] t: 5.099969   TARGET:-23 LUFS    M: -21.8 S: -22.1     I: -22.7 LUFS       LRA:   1.2 LU  FTPK: -18.9 -17.0 dBFS  TPK: -13.0 -14.7 dBFS
[Parsed_ebur128_0 @ 0000024dbfa31900] t: 5.199969   TARGET:-23 LUFS    M: -22.0 S: -22.2     I: -22.7 LUFS       LRA:   1.2 LU  FTPK: -14.3 -13.6 dBFS  TPK: -13.0 -13.6 dBFS
[Parsed_ebur128_0 @ 0000024dbfa31900] t: 5.299969   TARGET:-23 LUFS    M: -21.7 S: -22.1     I: -22.7 LUFS       LRA:   1.2 LU  FTPK: -14.9 -14.4 dBFS  TPK: -13.0 -13.6 dBFS
[Parsed_ebur128_0 @ 0000024dbfa31900] t: 5.399969   TARGET:-23 LUFS    M: -21.1 S: -22.0     I: -22.6 LUFS       LRA:   1.0 LU  FTPK: -15.3 -15.6 dBFS  TPK: -13.0 -13.6 dBFS
[Parsed_ebur128_0 @ 0000024dbfa31900] t: 5.499969   TARGET:-23 LUFS    M: -20.9 S: -22.0     I: -22.6 LUFS       LRA:   1.0 LU  FTPK: -14.6 -15.1 dBFS  TPK: -13.0 -13.6 dBFS
[Parsed_ebur128_0 @ 0000024dbfa31900] t: 5.599969   TARGET:-23 LUFS    M: -21.5 S: -22.0     I: -22.6 LUFS       LRA:   1.0 LU  FTPK: -16.9 -18.4 dBFS  TPK: -13.0 -13.6 dBFS
[Parsed_ebur128_0 @ 0000024dbfa31900] t: 5.699969   TARGET:-23 LUFS    M: -21.9 S: -22.1     I: -22.6 LUFS       LRA:   1.0 LU  FTPK: -15.5 -16.4 dBFS  TPK: -13.0 -13.6 dBFS
[Parsed_ebur128_0 @ 0000024dbfa31900] t: 5.799969   TARGET:-23 LUFS    M: -23.3 S: -22.1     I: -22.6 LUFS       LRA:   1.0 LU  FTPK: -18.3 -18.7 dBFS  TPK: -13.0 -13.6 dBFS
[Parsed_ebur128_0 @ 0000024dbfa31900] t: 5.899969   TARGET:-23 LUFS    M: -23.0 S: -22.1     I: -22.6 LUFS       LRA:   1.0 LU  FTPK: -16.5 -16.2 dBFS  TPK: -13.0 -13.6 dBFS
[Parsed_ebur128_0 @ 0000024dbfa31900] t: 5.999969   TARGET:-23 LUFS    M: -22.9 S: -22.1     I: -22.6 LUFS       LRA:   1.0 LU  FTPK: -18.8 -17.1 dBFS  TPK: -13.0 -13.6 dBFS
[Parsed_ebur128_0 @ 0000024dbfa31900] t: 6.099969   TARGET:-23 LUFS    M: -23.2 S: -22.1     I: -22.6 LUFS       LRA:   1.0 LU  FTPK: -18.3 -17.4 dBFS  TPK: -13.0 -13.6 dBFS
[Parsed_ebur128_0 @ 0000024dbfa31900] t: 6.199969   TARGET:-23 LUFS    M: -22.8 S: -22.3     I: -22.6 LUFS       LRA:   1.0 LU  FTPK: -18.3 -18.6 dBFS  TPK: -13.0 -13.6 dBFS
[Parsed_ebur128_0 @ 0000024dbfa31900] t: 6.299969   TARGET:-23 LUFS    M: -23.8 S: -22.3     I: -22.6 LUFS       LRA:   1.0 LU  FTPK: -17.6 -18.1 dBFS  TPK: -13.0 -13.6 dBFS
[Parsed_ebur128_0 @ 0000024dbfa31900] t: 6.399969   TARGET:-23 LUFS    M: -23.8 S: -22.3     I: -22.6 LUFS       LRA:   0.9 LU  FTPK: -16.4 -16.7 dBFS  TPK: -13.0 -13.6 dBFS
[Parsed_ebur128_0 @ 0000024dbfa31900] t: 6.499969   TARGET:-23 LUFS    M: -22.8 S: -22.2     I: -22.6 LUFS       LRA:   0.9 LU  FTPK: -15.4 -15.6 dBFS  TPK: -13.0 -13.6 dBFS
[Parsed_ebur128_0 @ 0000024dbfa31900] t: 6.599969   TARGET:-23 LUFS    M: -22.2 S: -22.2     I: -22.6 LUFS       LRA:   0.9 LU  FTPK: -17.8 -17.9 dBFS  TPK: -13.0 -13.6 dBFS
[Parsed_ebur128_0 @ 0000024dbfa31900] t: 6.699969   TARGET:-23 LUFS    M: -22.1 S: -22.2     I: -22.6 LUFS       LRA:   0.9 LU  FTPK: -18.0 -18.8 dBFS  TPK: -13.0 -13.6 dBFS
[Parsed_ebur128_0 @ 0000024dbfa31900] t: 6.799969   TARGET:-23 LUFS    M: -21.7 S: -22.2     I: -22.6 LUFS       LRA:   0.9 LU  FTPK: -15.2 -16.6 dBFS  TPK: -13.0 -13.6 dBFS
[Parsed_ebur128_0 @ 0000024dbfa31900] t: 6.899969   TARGET:-23 LUFS    M: -21.9 S: -22.2     I: -22.6 LUFS       LRA:   0.9 LU  FTPK: -15.4 -16.7 dBFS  TPK: -13.0 -13.6 dBFS
[Parsed_ebur128_0 @ 0000024dbfa31900] t: 6.999969   TARGET:-23 LUFS    M: -21.2 S: -22.0     I: -22.6 LUFS       LRA:   0.9 LU  FTPK: -13.7 -14.7 dBFS  TPK: -13.0 -13.6 dBFS
[Parsed_ebur128_0 @ 0000024dbfa31900] t: 7.099969   TARGET:-23 LUFS    M: -20.5 S: -22.0     I: -22.5 LUFS       LRA:   0.9 LU  FTPK: -15.6 -17.0 dBFS  TPK: -13.0 -13.6 dBFS
[Parsed_ebur128_0 @ 0000024dbfa31900] t: 7.199969   TARGET:-23 LUFS    M: -20.5 S: -22.0     I: -22.5 LUFS       LRA:   0.9 LU  FTPK: -14.1 -15.0 dBFS  TPK: -13.0 -13.6 dBFS
[Parsed_ebur128_0 @ 0000024dbfa31900] t: 7.299969   TARGET:-23 LUFS    M: -20.8 S: -22.0     I: -22.5 LUFS       LRA:   0.9 LU  FTPK: -16.3 -17.1 dBFS  TPK: -13.0 -13.6 dBFS
[Parsed_ebur128_0 @ 0000024dbfa31900] t: 7.399969   TARGET:-23 LUFS    M: -21.1 S: -22.0     I: -22.4 LUFS       LRA:   0.9 LU  FTPK: -12.9 -13.5 dBFS  TPK: -12.9 -13.5 dBFS
[Parsed_ebur128_0 @ 0000024dbfa31900] t: 7.499969   TARGET:-23 LUFS    M: -21.5 S: -21.9     I: -22.4 LUFS       LRA:   0.9 LU  FTPK: -14.2 -15.1 dBFS  TPK: -12.9 -13.5 dBFS
[Parsed_ebur128_0 @ 0000024dbfa31900] t: 7.599969   TARGET:-23 LUFS    M: -21.1 S: -21.7     I: -22.4 LUFS       LRA:   0.9 LU  FTPK: -14.6 -14.9 dBFS  TPK: -12.9 -13.5 dBFS
[Parsed_ebur128_0 @ 0000024dbfa31900] t: 7.699969   TARGET:-23 LUFS    M: -20.5 S: -21.7     I: -22.4 LUFS       LRA:   0.9 LU  FTPK: -14.8 -14.8 dBFS  TPK: -12.9 -13.5 dBFS
[Parsed_ebur128_0 @ 0000024dbfa31900] t: 7.799969   TARGET:-23 LUFS    M: -20.6 S: -21.7     I: -22.3 LUFS       LRA:   1.1 LU  FTPK: -15.2 -15.5 dBFS  TPK: -12.9 -13.5 dBFS
[Parsed_ebur128_0 @ 0000024dbfa31900] t: 7.899969   TARGET:-23 LUFS    M: -20.5 S: -21.7     I: -22.3 LUFS       LRA:   1.1 LU  FTPK: -15.8 -16.0 dBFS  TPK: -12.9 -13.5 dBFS
[Parsed_ebur128_0 @ 0000024dbfa31900] t: 7.999969   TARGET:-23 LUFS    M: -21.0 S: -21.7     I: -22.3 LUFS       LRA:   1.1 LU  FTPK: -15.9 -15.7 dBFS  TPK: -12.9 -13.5 dBFS
[Parsed_ebur128_0 @ 0000024dbfa31900] Summary:

  Integrated loudness:
    I:         -22.3 LUFS
    Threshold: -32.3 LUFS

  Loudness range:
    LRA:         1.1 LU
    Threshold: -42.2 LUFS
    LRA low:   -22.8 LUFS
    LRA high:  -21.7 LUFS

  True peak:
    Peak:      -12.9 dBFS
[out#0/null @ 0000024dc1b10040] video:0KiB audio:1000KiB subtitle:0KiB other streams:0KiB global headers:0KiB muxing overhead: unknown
size=N/A time=00:00:08.00 bitrate=N/A speed= 350x elapsed=0:00:00.02    
